ARM Linker, 4.1 [Build 791] [Standard]

==============================================================================

Section Cross References

    startup_lpc17xx.o(STACK) refers (Special) to heapauxi.o(.text) for __use_two_region_memory
    startup_lpc17xx.o(HEAP) refers (Special) to heapauxi.o(.text) for __use_two_region_memory
    startup_lpc17xx.o(RESET) refers (Special) to heapauxi.o(.text) for __use_two_region_memory
    startup_lpc17xx.o(RESET) refers to startup_lpc17xx.o(STACK) for __initial_sp
    startup_lpc17xx.o(RESET) refers to startup_lpc17xx.o(.text) for Reset_Handler
    startup_lpc17xx.o(RESET) refers to os_cpu_a.o(.text) for OS_CPU_PendSVHandler
    startup_lpc17xx.o(RESET) refers to os_cpu_c.o(i.OS_CPU_SysTickHandler) for OS_CPU_SysTickHandler
    startup_lpc17xx.o(RESET) refers to csp_uart.o(i.UART0_IRQHandler) for UART0_IRQHandler
    startup_lpc17xx.o(RESET) refers to csp_uart.o(i.UART1_IRQHandler) for UART1_IRQHandler
    startup_lpc17xx.o(RESET) refers to csp_ssp.o(i.SSP0_IRQHandler) for SSP0_IRQHandler
    startup_lpc17xx.o(RESET) refers to csp_ssp.o(i.SSP1_IRQHandler) for SSP1_IRQHandler
    startup_lpc17xx.o(.ARM.__at_0x02FC) refers (Special) to heapauxi.o(.text) for __use_two_region_memory
    startup_lpc17xx.o(.text) refers (Special) to heapauxi.o(.text) for __use_two_region_memory
    startup_lpc17xx.o(.text) refers to system_lpc17xx.o(i.SystemInit) for SystemInit
    startup_lpc17xx.o(.text) refers to __main.o(!!!main) for __main
    startup_lpc17xx.o(.text) refers to startup_lpc17xx.o(HEAP) for Heap_Mem
    startup_lpc17xx.o(.text) refers to startup_lpc17xx.o(STACK) for Stack_Mem
    system_lpc17xx.o(i.SystemCoreClockUpdate) refers to lludivv7m.o(.text) for __aeabi_uldivmod
    system_lpc17xx.o(i.SystemCoreClockUpdate) refers to system_lpc17xx.o(.data) for .data
    os_cpu_a.o(.text) refers (Special) to os_core.o(i.OSIntExit) for OSIntExit
    os_cpu_a.o(.text) refers to os_cpu_c.o(.data) for OsEnterSum
    os_cpu_a.o(.text) refers to os_core.o(.data) for OSRunning
    os_cpu_a.o(.text) refers to os_cpu_c.o(i.OSTaskSwHook) for OSTaskSwHook
    os_cpu_c.o(i.OSInitHookBegin) refers to os_cpu_c.o(.data) for .data
    os_cpu_c.o(i.OSTimeTickHook) refers to os_tmr.o(i.OSTmrSignal) for OSTmrSignal
    os_cpu_c.o(i.OSTimeTickHook) refers to os_cpu_c.o(.data) for .data
    os_cpu_c.o(i.OS_CPU_SysTickHandler) refers to os_cpu_a.o(.text) for OS_ENTER_CRITICAL
    os_cpu_c.o(i.OS_CPU_SysTickHandler) refers to os_core.o(i.OSTimeTick) for OSTimeTick
    os_cpu_c.o(i.OS_CPU_SysTickHandler) refers to os_core.o(i.OSIntExit) for OSIntExit
    os_cpu_c.o(i.OS_CPU_SysTickHandler) refers to os_core.o(.data) for OSIntNesting
    os_core.o(i.OSEventNameGet) refers to os_cpu_a.o(.text) for OS_ENTER_CRITICAL
    os_core.o(i.OSEventNameGet) refers to os_core.o(i.OS_StrLen) for OS_StrLen
    os_core.o(i.OSEventNameGet) refers to os_core.o(.data) for .data
    os_core.o(i.OSEventNameSet) refers to os_cpu_a.o(.text) for OS_ENTER_CRITICAL
    os_core.o(i.OSEventNameSet) refers to os_core.o(.data) for .data
    os_core.o(i.OSEventPendMulti) refers to os_cpu_a.o(.text) for OS_ENTER_CRITICAL
    os_core.o(i.OSEventPendMulti) refers to os_core.o(i.OS_EventTaskWaitMulti) for OS_EventTaskWaitMulti
    os_core.o(i.OSEventPendMulti) refers to os_core.o(i.OS_Sched) for OS_Sched
    os_core.o(i.OSEventPendMulti) refers to os_core.o(i.OS_EventTaskRemoveMulti) for OS_EventTaskRemoveMulti
    os_core.o(i.OSEventPendMulti) refers to os_core.o(.data) for .data
    os_core.o(i.OSInit) refers to os_cpu_c.o(i.OSInitHookBegin) for OSInitHookBegin
    os_core.o(i.OSInit) refers to os_core.o(i.OS_InitTCBList) for OS_InitTCBList
    os_core.o(i.OSInit) refers to os_core.o(i.OS_InitEventList) for OS_InitEventList
    os_core.o(i.OSInit) refers to os_flag.o(i.OS_FlagInit) for OS_FlagInit
    os_core.o(i.OSInit) refers to os_mem.o(i.OS_MemInit) for OS_MemInit
    os_core.o(i.OSInit) refers to os_q.o(i.OS_QInit) for OS_QInit
    os_core.o(i.OSInit) refers to os_task.o(i.OSTaskCreateExt) for OSTaskCreateExt
    os_core.o(i.OSInit) refers to os_task.o(i.OSTaskNameSet) for OSTaskNameSet
    os_core.o(i.OSInit) refers to os_tmr.o(i.OSTmr_Init) for OSTmr_Init
    os_core.o(i.OSInit) refers to os_cpu_c.o(i.OSInitHookEnd) for OSInitHookEnd
    os_core.o(i.OSInit) refers to os_dbg.o(i.OSDebugInit) for OSDebugInit
    os_core.o(i.OSInit) refers to os_core.o(.data) for .data
    os_core.o(i.OSInit) refers to os_core.o(.bss) for .bss
    os_core.o(i.OSInit) refers to os_core.o(i.OS_TaskIdle) for OS_TaskIdle
    os_core.o(i.OSInit) refers to os_core.o(i.OS_TaskStat) for OS_TaskStat
    os_core.o(i.OSIntEnter) refers to os_core.o(.data) for .data
    os_core.o(i.OSIntExit) refers to os_cpu_a.o(.text) for OS_ENTER_CRITICAL
    os_core.o(i.OSIntExit) refers to os_core.o(i.OS_SchedNew) for OS_SchedNew
    os_core.o(i.OSIntExit) refers to os_core.o(.data) for .data
    os_core.o(i.OSIntExit) refers to os_core.o(.bss) for .bss
[...]
    defsig_fpe_outer.o(.text) refers to defsig_exit.o(.text) for __sig_exit
    defsig_fpe_formal.o(.text) refers to rt_raise.o(.text) for __rt_raise
    libinit.o(.ARM.Collect$$libinit$$00000000) refers (Special) to libinit2.o(.ARM.Collect$$libinit$$0000002A) for __rt_lib_init_alloca_1
    libinit.o(.ARM.Collect$$libinit$$00000000) refers (Special) to libinit2.o(.ARM.Collect$$libinit$$00000028) for __rt_lib_init_argv_1
    libinit.o(.ARM.Collect$$libinit$$00000000) refers (Special) to libinit2.o(.ARM.Collect$$libinit$$00000017) for __rt_lib_init_atexit_1
    libinit.o(.ARM.Collect$$libinit$$00000000) refers (Special) to libinit2.o(.ARM.Collect$$libinit$$0000001D) for __rt_lib_init_clock_1
    libinit.o(.ARM.Collect$$libinit$$00000000) refers (Special) to libinit2.o(.ARM.Collect$$libinit$$0000002E) for __rt_lib_init_cpp_1
    libinit.o(.ARM.Collect$$libinit$$00000000) refers (Special) to libinit2.o(.ARM.Collect$$libinit$$0000002C) for __rt_lib_init_exceptions_1
    libinit.o(.ARM.Collect$$libinit$$00000000) refers (Special) to libinit2.o(.ARM.Collect$$libinit$$0000001B) for __rt_lib_init_fp_trap_1
    libinit.o(.ARM.Collect$$libinit$$00000000) refers (Special) to libinit2.o(.ARM.Collect$$libinit$$0000001F) for __rt_lib_init_getenv_1
    libinit.o(.ARM.Collect$$libinit$$00000000) refers (Special) to libinit2.o(.ARM.Collect$$libinit$$00000006) for __rt_lib_init_heap_1
    libinit.o(.ARM.Collect$$libinit$$00000000) refers (Special) to libinit2.o(.ARM.Collect$$libinit$$0000000D) for __rt_lib_init_lc_collate_1
    libinit.o(.ARM.Collect$$libinit$$00000000) refers (Special) to libinit2.o(.ARM.Collect$$libinit$$0000000F) for __rt_lib_init_lc_ctype_1
    libinit.o(.ARM.Collect$$libinit$$00000000) refers (Special) to libinit2.o(.ARM.Collect$$libinit$$00000011) for __rt_lib_init_lc_monetary_1
    libinit.o(.ARM.Collect$$libinit$$00000000) refers (Special) to libinit2.o(.ARM.Collect$$libinit$$00000013) for __rt_lib_init_lc_numeric_1
    libinit.o(.ARM.Collect$$libinit$$00000000) refers (Special) to libinit2.o(.ARM.Collect$$libinit$$00000015) for __rt_lib_init_lc_time_1
    libinit.o(.ARM.Collect$$libinit$$00000000) refers (Special) to libinit2.o(.ARM.Collect$$libinit$$0000000A) for __rt_lib_init_rand_1
    libinit.o(.ARM.Collect$$libinit$$00000000) refers (Special) to libinit2.o(.ARM.Collect$$libinit$$0000002F) for __rt_lib_init_return
    libinit.o(.ARM.Collect$$libinit$$00000000) refers (Special) to libinit2.o(.ARM.Collect$$libinit$$00000019) for __rt_lib_init_signal_1
    libinit.o(.ARM.Collect$$libinit$$00000000) refers (Special) to libinit2.o(.ARM.Collect$$libinit$$00000021) for __rt_lib_init_stdio_1
    libinit.o(.ARM.Collect$$libinit$$00000000) refers (Special) to libinit2.o(.ARM.Collect$$libinit$$00000008) for __rt_lib_init_user_alloc_1
    libinit.o(.ARM.Collect$$libinit$$00000000) refers to fpinit.o(x$fpl$fpinit) for _fp_init
    libspace.o(.text) refers to libspace.o(.bss) for __libspace_start
    rtexit.o(.ARM.Collect$$rtexit$$00000000) refers (Special) to rtexit2.o(.ARM.Collect$$rtexit$$00000004) for __rt_exit_exit
    rtexit.o(.ARM.Collect$$rtexit$$00000000) refers (Special) to rtexit2.o(.ARM.Collect$$rtexit$$00000003) for __rt_exit_ls
    rtexit.o(.ARM.Collect$$rtexit$$00000000) refers (Special) to rtexit2.o(.ARM.Collect$$rtexit$$00000002) for __rt_exit_prels_1
    rtexit.o(.ARM.exidx) refers (Special) to rtexit2.o(.ARM.Collect$$rtexit$$00000004) for __rt_exit_exit
    rtexit.o(.ARM.exidx) refers (Special) to rtexit2.o(.ARM.Collect$$rtexit$$00000003) for __rt_exit_ls
    rtexit.o(.ARM.exidx) refers (Special) to rtexit2.o(.ARM.Collect$$rtexit$$00000002) for __rt_exit_prels_1
    rtexit.o(.ARM.exidx) refers to rtexit.o(.ARM.Collect$$rtexit$$00000000) for .ARM.Collect$$rtexit$$00000000
    rt_raise.o(.text) refers to __raise.o(.text) for __raise
    rt_raise.o(.text) refers to sys_exit.o(.text) for _sys_exit
    defsig_exit.o(.text) refers to sys_exit.o(.text) for _sys_exit
    defsig_fpe_inner.o(.text) refers to defsig_general.o(.text) for __default_signal_display
    libinit2.o(.ARM.Collect$$libinit$$0000000C) refers to libinit2.o(.ARM.Collect$$libinit$$0000000B) for .ARM.Collect$$libinit$$0000000B
    libinit2.o(.ARM.Collect$$libinit$$0000000E) refers to libinit2.o(.ARM.Collect$$libinit$$0000000B) for .ARM.Collect$$libinit$$0000000B
    libinit2.o(.ARM.Collect$$libinit$$00000010) refers to libinit2.o(.ARM.Collect$$libinit$$0000000B) for .ARM.Collect$$libinit$$0000000B
    libinit2.o(.ARM.Collect$$libinit$$00000012) refers to libinit2.o(.ARM.Collect$$libinit$$0000000B) for .ARM.Collect$$libinit$$0000000B
    libinit2.o(.ARM.Collect$$libinit$$00000014) refers to libinit2.o(.ARM.Collect$$libinit$$0000000B) for .ARM.Collect$$libinit$$0000000B
    libinit2.o(.ARM.Collect$$libinit$$00000022) refers to argv_veneer.o(.emb_text) for __ARM_argv_veneer
    libinit2.o(.ARM.Collect$$libinit$$00000023) refers to argv_veneer.o(.emb_text) for __ARM_argv_veneer
    fpinit.o(x$fpl$fpinit) refers to rt_fp_status_addr_intlibspace.o(.text) for __rt_fp_status_addr
    sys_exit.o(.text) refers (Special) to use_no_semi.o(.text) for __I$use$semihosting
    sys_exit.o(.text) refers (Special) to indicate_semi.o(.text) for __semihosting_library_function
    rtexit2.o(.ARM.Collect$$rtexit$$00000003) refers to libshutdown.o(.ARM.Collect$$libshutdown$$00000000) for __rt_lib_shutdown
    rtexit2.o(.ARM.Collect$$rtexit$$00000004) refers to sys_exit.o(.text) for _sys_exit
    rtexit2.o(.ARM.exidx) refers to rtexit2.o(.ARM.Collect$$rtexit$$00000001) for .ARM.Collect$$rtexit$$00000001
    rtexit2.o(.ARM.exidx) refers to rtexit2.o(.ARM.Collect$$rtexit$$00000003) for .ARM.Collect$$rtexit$$00000003
    rtexit2.o(.ARM.exidx) refers to rtexit2.o(.ARM.Collect$$rtexit$$00000004) for .ARM.Collect$$rtexit$$00000004
    rt_fp_status_addr.o(.text) refers to rt_fp_status_addr.o(.bss) for __rt_fp_status_addr_data
    rt_fp_status_addr_intlibspace.o(.text) refers to libspace.o(.bss) for __libspace_start
    __raise.o(.text) refers to defsig.o(CL$$defsig) for __default_signal_handler
    defsig_general.o(.text) refers to sys_wrch.o(.text) for _ttywrch
    argv_veneer.o(.emb_text) refers to no_argv.o(.text) for __ARM_get_argv
    sys_wrch.o(.text) refers (Special) to use_no_semi.o(.text) for __I$use$semihosting
    sys_wrch.o(.text) refers (Special) to indicate_semi.o(.text) for __semihosting_library_function
    defsig.o(CL$$defsig) refers to defsig_fpe_inner.o(.text) for __rt_SIGFPE_inner
    defsig.o(CL$$defsig) refers to defsig_rtmem_inner.o(.text) for __rt_SIGRTMEM_inner
    _get_argv_nomalloc.o(.text) refers (Special) to hrguard.o(.text) for __heap_region$guard
    _get_argv_nomalloc.o(.text) refers to defsig_rtmem_outer.o(.text) for __rt_SIGRTMEM
    _get_argv_nomalloc.o(.text) refers to sys_command.o(.text) for _sys_command_string
    libshutdown.o(.ARM.Collect$$libshutdown$$00000000) refers (Special) to libshutdown2.o(.ARM.Collect$$libshutdown$$00000006) for __rt_lib_shutdown_fp_trap_1
    libshutdown.o(.ARM.Collect$$libshutdown$$00000000) refers (Special) to libshutdown2.o(.ARM.Collect$$libshutdown$$0000000E) for __rt_lib_shutdown_heap_1
    libshutdown.o(.ARM.Collect$$libshutdown$$00000000) refers (Special) to libshutdown2.o(.ARM.Collect$$libshutdown$$0000000F) for __rt_lib_shutdown_return
    libshutdown.o(.ARM.Collect$$libshutdown$$00000000) refers (Special) to libshutdown2.o(.ARM.Collect$$libshutdown$$00000009) for __rt_lib_shutdown_signal_1
    libshutdown.o(.ARM.Collect$$libshutdown$$00000000) refers (Special) to libshutdown2.o(.ARM.Collect$$libshutdown$$00000003) for __rt_lib_shutdown_stdio_1
    libshutdown.o(.ARM.Collect$$libshutdown$$00000000) refers (Special) to libshutdown2.o(.ARM.Collect$$libshutdown$$0000000B) for __rt_lib_shutdown_user_alloc_1
    sys_command.o(.text) refers (Special) to use_no_semi.o(.text) for __I$use$semihosting
    sys_command.o(.text) refers (Special) to indicate_semi.o(.text) for __semihosting_library_function
    defsig_abrt_inner.o(.text) refers to defsig_general.o(.text) for __default_signal_display
    defsig_rtred_inner.o(.text) refers to defsig_general.o(.text) for __default_signal_display
    defsig_rtmem_inner.o(.text) refers to defsig_general.o(.text) for __default_signal_display
    defsig_rtmem_outer.o(.text) refers to defsig_rtmem_inner.o(.text) for __rt_SIGRTMEM_inner
    defsig_rtmem_outer.o(.text) refers to defsig_exit.o(.text) for __sig_exit
    defsig_rtmem_formal.o(.text) refers to rt_raise.o(.text) for __rt_raise
    defsig_stak_inner.o(.text) refers to defsig_general.o(.text) for __default_signal_display
    defsig_pvfn_inner.o(.text) refers to defsig_general.o(.text) for __default_signal_display
    defsig_cppl_inner.o(.text) refers to defsig_general.o(.text) for __default_signal_display
    defsig_segv_inner.o(.text) refers to defsig_general.o(.text) for __default_signal_display
    defsig_other.o(.text) refers to defsig_general.o(.text) for __default_signal_display


==============================================================================

Removing Unused input sections from the image.

    Removing system_lpc17xx.o(.emb_text), (8 bytes).
    Removing os_cpu_c.o(.emb_text), (8 bytes).
    Removing os_cpu_c.o(i.OSTaskDelHook), (2 bytes).
    Removing os_cpu_c.o(i.OSTaskReturnHook), (2 bytes).
    Removing os_dbg.o(.constdata), (112 bytes).
    Removing os_dbg.o(.constdata), (2 bytes).
    Removing os_core.o(i.OSEventNameGet), (76 bytes).
    Removing os_core.o(i.OSEventPendMulti), (436 bytes).
    Removing os_core.o(i.OSIntEnter), (24 bytes).
    Removing os_core.o(i.OSStatInit), (52 bytes).
    Removing os_core.o(i.OSVersion), (6 bytes).
    Removing os_core.o(i.OS_Dummy), (2 bytes).
    Removing os_core.o(i.OS_EventTaskWaitMulti), (96 bytes).
    Removing os_core.o(i.OS_MemCopy), (20 bytes).
    Removing os_core.o(i.OS_StrLen), (20 bytes).
    Removing os_flag.o(i.OSFlagAccept), (158 bytes).
    Removing os_flag.o(i.OSFlagCreate), (80 bytes).
    Removing os_flag.o(i.OSFlagDel), (188 bytes).
    Removing os_flag.o(i.OSFlagNameGet), (68 bytes).
    Removing os_flag.o(i.OSFlagNameSet), (56 bytes).
    Removing os_flag.o(i.OSFlagPend), (360 bytes).
    Removing os_flag.o(i.OSFlagPendGetFlagsRdy), (24 bytes).
    Removing os_flag.o(i.OSFlagPost), (174 bytes).
    Removing os_flag.o(i.OSFlagQuery), (38 bytes).
    Removing os_flag.o(i.OS_FlagBlock), (108 bytes).
    Removing os_flag.o(i.OS_FlagTaskRdy), (88 bytes).
    Removing os_flag.o(i.OS_FlagUnlink), (32 bytes).
    Removing os_mbox.o(i.OSMboxAccept), (32 bytes).
    Removing os_mbox.o(i.OSMboxCreate), (72 bytes).
    Removing os_mbox.o(i.OSMboxDel), (188 bytes).
    Removing os_mbox.o(i.OSMboxPend), (180 bytes).
    Removing os_mbox.o(i.OSMboxPendAbort), (104 bytes).
    Removing os_mbox.o(i.OSMboxPost), (68 bytes).
    Removing os_mbox.o(i.OSMboxPostOpt), (98 bytes).
    Removing os_mbox.o(i.OSMboxQuery), (64 bytes).
    Removing os_mem.o(i.OSMemCreate), (92 bytes).
    Removing os_mem.o(i.OSMemGet), (48 bytes).
    Removing os_mem.o(i.OSMemNameGet), (52 bytes).
    Removing os_mem.o(i.OSMemNameSet), (40 bytes).
    Removing os_mem.o(i.OSMemPut), (46 bytes).
    Removing os_mem.o(i.OSMemQuery), (46 bytes).
    Removing os_mutex.o(i.OSMutexAccept), (116 bytes).
    Removing os_mutex.o(i.OSMutexCreate), (136 bytes).
    Removing os_mutex.o(i.OSMutexDel), (228 bytes).
    Removing os_mutex.o(i.OSMutexPend), (452 bytes).
    Removing os_mutex.o(i.OSMutexPost), (164 bytes).
    Removing os_mutex.o(i.OSMutexQuery), (92 bytes).
    Removing os_mutex.o(i.OSMutex_RdyAtPrio), (116 bytes).
    Removing os_q.o(i.OSQAccept), (74 bytes).
    Removing os_q.o(i.OSQCreate), (132 bytes).
    Removing os_q.o(i.OSQDel), (220 bytes).
    Removing os_q.o(i.OSQFlush), (28 bytes).
    Removing os_q.o(i.OSQPend), (200 bytes).
    Removing os_q.o(i.OSQPendAbort), (104 bytes).
    Removing os_q.o(i.OSQPost), (98 bytes).
    Removing os_q.o(i.OSQPostFront), (96 bytes).
    Removing os_q.o(i.OSQPostOpt), (152 bytes).
    Removing os_q.o(i.OSQQuery), (82 bytes).
    Removing os_sem.o(i.OSSemAccept), (34 bytes).
    Removing os_sem.o(i.OSSemDel), (188 bytes).
    Removing os_sem.o(i.OSSemPendAbort), (104 bytes).
    Removing os_sem.o(i.OSSemQuery), (64 bytes).
    Removing os_sem.o(i.OSSemSet), (52 bytes).
    Removing os_task.o(i.OSTaskChangePrio), (324 bytes).
    Removing os_task.o(i.OSTaskDel), (308 bytes).
    Removing os_task.o(i.OSTaskDelReq), (92 bytes).
    Removing os_task.o(i.OSTaskNameGet), (96 bytes).
    Removing os_task.o(i.OSTaskQuery), (76 bytes).
    Removing os_task.o(i.OSTaskRegGet), (56 bytes).
    Removing os_task.o(i.OSTaskRegSet), (60 bytes).
    Removing os_task.o(i.OSTaskResume), (140 bytes).
    Removing os_task.o(i.OS_TaskReturn), (24 bytes).
    Removing os_time.o(i.OSTimeDlyHMSM), (80 bytes).
    Removing os_time.o(i.OSTimeDlyResume), (152 bytes).
    Removing os_time.o(i.OSTimeGet), (24 bytes).
    Removing os_time.o(i.OSTimeSet), (24 bytes).
    Removing os_tmr.o(i.OSTmrCreate), (132 bytes).
    Removing os_tmr.o(i.OSTmrDel), (100 bytes).
    Removing os_tmr.o(i.OSTmrNameGet), (100 bytes).
    Removing os_tmr.o(i.OSTmrRemainGet), (136 bytes).
    Removing os_tmr.o(i.OSTmrStart), (100 bytes).
    Removing os_tmr.o(i.OSTmrStateGet), (72 bytes).
    Removing os_tmr.o(i.OSTmrStop), (148 bytes).
    Removing os_tmr.o(i.OSTmr_Free), (68 bytes).
    Removing csp.o(.emb_text), (8 bytes).
    Removing csp.o(.constdata), (4 bytes).
    Removing csp_uart.o(.emb_text), (8 bytes).
    Removing csp_uart.o(i.UARTSend), (72 bytes).
    Removing csp_ssp.o(.emb_text), (8 bytes).
    Removing csp_ssp.o(i.MSpiReadWrite), (28 bytes).
    Removing csp_ssp.o(i.SSP1Init), (116 bytes).
    Removing csp_ssp.o(i.SSPReceive), (72 bytes).
    Removing csp_ssp.o(i.SSP_SSELToggle), (52 bytes).
    Removing bsp.o(.emb_text), (8 bytes).
    Removing bsp_nrf905.o(.emb_text), (8 bytes).
    Removing bsp_nrf905.o(i.Delay1ms), (24 bytes).
    Removing bsp_nrf905.o(i.Delay1us), (24 bytes).
    Removing bsp_nrf905.o(i.SetPowerOffMode), (32 bytes).
    Removing bsp_nrf905.o(i.SetTxMode), (64 bytes).
    Removing bsp_nrf905.o(i.TxPacket), (200 bytes).
    Removing app.o(.emb_text), (8 bytes).

101 unused section(s) (total 9350 bytes) removed from the image.

==============================================================================

Image Symbol Table

    Local Symbols

    Symbol Name                              Value     Ov Type        Size  Object(Section)

    RESET                                    0x00000000   Section      204  startup_lpc17xx.o(RESET)
    ../../angel/boardlib.s                   0x00000000   Number         0  boardinit1.o ABSOLUTE
    ../../angel/boardlib.s                   0x00000000   Number         0  boardinit2.o ABSOLUTE
    ../../angel/boardlib.s                   0x00000000   Number         0  boardinit3.o ABSOLUTE
    ../../angel/boardlib.s                   0x00000000   Number         0  boardshut.o ABSOLUTE
    ../../angel/handlers.s                   0x00000000   Number         0  __scatter_copy.o ABSOLUTE
    ../../angel/handlers.s                   0x00000000   Number         0  __scatter_zi.o ABSOLUTE
    ../../angel/kernel.s                     0x00000000   Number         0  rtentry4.o ABSOLUTE
    ../../angel/kernel.s                     0x00000000   Number         0  rtexit.o ABSOLUTE
    ../../angel/kernel.s                     0x00000000   Number         0  rtentry.o ABSOLUTE
    ../../angel/kernel.s                     0x00000000   Number         0  rtentry2.o ABSOLUTE
    ../../angel/kernel.s                     0x00000000   Number         0  rtexit2.o ABSOLUTE
    ../../angel/rt.s                         0x00000000   Number         0  rt_fp_status_addr_intlibspace.o ABSOLUTE
    ../../angel/rt.s                         0x00000000   Number         0  rt_fp_status_addr.o ABSOLUTE
    ../../angel/rt.s                         0x00000000   Number         0  rt_raise.o ABSOLUTE
    ../../angel/rt.s                         0x00000000   Number         0  rt_div0.o ABSOLUTE
    ../../angel/rt.s                         0x00000000   Number         0  aeabi_ldiv0_sigfpe.o ABSOLUTE
    ../../angel/rt.s                         0x00000000   Number         0  aeabi_ldiv0.o ABSOLUTE
    ../../angel/scatter.s                    0x00000000   Number         0  __scatter.o ABSOLUTE
    ../../angel/startup.s                    0x00000000   Number         0  __main.o ABSOLUTE
    ../../angel/sys.s                        0x00000000   Number         0  indicate_semi.o ABSOLUTE
    ../../angel/sys.s                        0x00000000   Number         0  sys_stackheap_outer.o ABSOLUTE
    ../../angel/sys.s                        0x00000000   Number         0  libspace.o ABSOLUTE
    ../../angel/sys.s                        0x00000000   Number         0  use_no_semi.o ABSOLUTE
    ../../angel/sysapp.c                     0x00000000   Number         0  sys_command.o ABSOLUTE
    ../../angel/sysapp.c                     0x00000000   Number         0  sys_exit.o ABSOLUTE
    ../../angel/sysapp.c                     0x00000000   Number         0  sys_wrch.o ABSOLUTE
    ../../armsys.c                           0x00000000   Number         0  argv_veneer.o ABSOLUTE
    ../../armsys.c                           0x00000000   Number         0  _get_argv_nomalloc.o ABSOLUTE
    ../../armsys.c                           0x00000000   Number         0  argv_veneer.o ABSOLUTE
    ../../armsys.c                           0x00000000   Number         0  no_argv.o ABSOLUTE
    ../../fpinit.s                           0x00000000   Number         0  fpinit.o ABSOLUTE
    ../../heapalloc.c                        0x00000000   Number         0  hrguard.o ABSOLUTE
    ../../heapaux.c                          0x00000000   Number         0  heapauxi.o ABSOLUTE
    ../../libinit.s                          0x00000000   Number         0  libshutdown2.o ABSOLUTE
    ../../libinit.s                          0x00000000   Number         0  libinit2.o ABSOLUTE
    ../../libinit.s                          0x00000000   Number         0  libinit.o ABSOLUTE
    ../../libinit.s                          0x00000000   Number         0  libshutdown.o ABSOLUTE
    ../../longlong.s                         0x00000000   Number         0  lludivv7m.o ABSOLUTE
    ../../signal.c                           0x00000000   Number         0  defsig_rtred_inner.o ABSOLUTE
    ../../signal.c                           0x00000000   Number         0  __raise.o ABSOLUTE
    ../../signal.c                           0x00000000   Number         0  defsig_rtmem_inner.o ABSOLUTE
    ../../signal.c                           0x00000000   Number         0  defsig_general.o ABSOLUTE
    ../../signal.c                           0x00000000   Number         0  defsig_rtmem_outer.o ABSOLUTE
    ../../signal.c                           0x00000000   Number         0  defsig_fpe_inner.o ABSOLUTE
    ../../signal.c                           0x00000000   Number         0  defsig_exit.o ABSOLUTE
    ../../signal.c                           0x00000000   Number         0  defsig_rtmem_formal.o ABSOLUTE
    ../../signal.c                           0x00000000   Number         0  defsig_stak_inner.o ABSOLUTE
    ../../signal.c                           0x00000000   Number         0  defsig_fpe_formal.o ABSOLUTE
    ../../signal.c                           0x00000000   Number         0  defsig_pvfn_inner.o ABSOLUTE
    ../../signal.c                           0x00000000   Number         0  defsig_cppl_inner.o ABSOLUTE
    ../../signal.c                           0x00000000   Number         0  defsig_segv_inner.o ABSOLUTE
    ../../signal.c                           0x00000000   Number         0  defsig_other.o ABSOLUTE
    ../../signal.c                           0x00000000   Number         0  defsig_abrt_inner.o ABSOLUTE
    ../../signal.c                           0x00000000   Number         0  defsig_fpe_outer.o ABSOLUTE
    ../../signal.s                           0x00000000   Number         0  defsig.o ABSOLUTE
    ../../stdlib.c                           0x00000000   Number         0  exit.o ABSOLUTE
    ..\App\app.c                             0x00000000   Number         0  app.o ABSOLUTE
    ..\BSP\RF\bsp_nRF905.c                   0x00000000   Number         0  bsp_nrf905.o ABSOLUTE
    ..\BSP\bsp.c                             0x00000000   Number         0  bsp.o ABSOLUTE
    ..\CSP\Common\core_cm3.c                 0x00000000   Number         0  core_cm3.o ABSOLUTE
    ..\CSP\Common\system_LPC17xx.c           0x00000000   Number         0  system_lpc17xx.o ABSOLUTE
    ..\CSP\SSP\csp_ssp.c                     0x00000000   Number         0  csp_ssp.o ABSOLUTE
    ..\CSP\Startup\startup_LPC17xx.s         0x00000000   Number         0  startup_lpc17xx.o ABSOLUTE
    ..\CSP\UART\csp_uart.c                   0x00000000   Number         0  csp_uart.o ABSOLUTE
    ..\CSP\csp.c                             0x00000000   Number         0  csp.o ABSOLUTE
    ..\\App\\app.c                           0x00000000   Number         0  app.o ABSOLUTE
    ..\\BSP\\RF\\bsp_nRF905.c                0x00000000   Number         0  bsp_nrf905.o ABSOLUTE
    ..\\BSP\\bsp.c                           0x00000000   Number         0  bsp.o ABSOLUTE
    ..\\CSP\\Common\\system_LPC17xx.c        0x00000000   Number         0  system_lpc17xx.o ABSOLUTE
    ..\\CSP\\SSP\\csp_ssp.c                  0x00000000   Number         0  csp_ssp.o ABSOLUTE
    ..\\CSP\\UART\\csp_uart.c                0x00000000   Number         0  csp_uart.o ABSOLUTE
    ..\\CSP\\csp.c                           0x00000000   Number         0  csp.o ABSOLUTE
    ..\\ucos\\Ports\\os_cpu_c.c              0x00000000   Number         0  os_cpu_c.o ABSOLUTE
    ..\ucos\Ports\os_cpu_a.asm               0x00000000   Number         0  os_cpu_a.o ABSOLUTE
    ..\ucos\Ports\os_cpu_c.c                 0x00000000   Number         0  os_cpu_c.o ABSOLUTE
    ..\ucos\Ports\os_dbg.c                   0x00000000   Number         0  os_dbg.o ABSOLUTE
    ..\ucos\Source\os_core.c                 0x00000000   Number         0  os_core.o ABSOLUTE
    ..\ucos\Source\os_flag.c                 0x00000000   Number         0  os_flag.o ABSOLUTE
    ..\ucos\Source\os_mbox.c                 0x00000000   Number         0  os_mbox.o ABSOLUTE
    ..\ucos\Source\os_mem.c                  0x00000000   Number         0  os_mem.o ABSOLUTE
    ..\ucos\Source\os_mutex.c                0x00000000   Number         0  os_mutex.o ABSOLUTE
    ..\ucos\Source\os_q.c                    0x00000000   Number         0  os_q.o ABSOLUTE
    ..\ucos\Source\os_sem.c                  0x00000000   Number         0  os_sem.o ABSOLUTE
    ..\ucos\Source\os_task.c                 0x00000000   Number         0  os_task.o ABSOLUTE
    ..\ucos\Source\os_time.c                 0x00000000   Number         0  os_time.o ABSOLUTE
    ..\ucos\Source\os_tmr.c                  0x00000000   Number         0  os_tmr.o ABSOLUTE
    ..\ucos\Source\ucos_ii.c                 0x00000000   Number         0  ucos_ii.o ABSOLUTE
    dc.s                                     0x00000000   Number         0  dc.o ABSOLUTE
    !!!main                                  0x000000cc   Section        8  __main.o(!!!main)
    !!!scatter                               0x000000d4   Section       52  __scatter.o(!!!scatter)
    !!handler_copy                           0x00000108   Section       26  __scatter_copy.o(!!handler_copy)
    !!handler_zi                             0x00000124   Section       28  __scatter_zi.o(!!handler_zi)
    .ARM.Collect$$libinit$$00000000          0x00000140   Section        6  libinit.o(.ARM.Collect$$libinit$$00000000)
    .ARM.Collect$$libinit$$00000006          0x00000146   Section        0  libinit2.o(.ARM.Collect$$libinit$$00000006)
    .ARM.Collect$$libinit$$00000008          0x00000146   Section        0  libinit2.o(.ARM.Collect$$libinit$$00000008)
    .ARM.Collect$$libinit$$0000000A          0x00000146   Section        0  libinit2.o(.ARM.Collect$$libinit$$0000000A)
    .ARM.Collect$$libinit$$0000000D          0x00000146   Section        0  libinit2.o(.ARM.Collect$$libinit$$0000000D)
    .ARM.Collect$$libinit$$0000000F          0x00000146   Section        0  libinit2.o(.ARM.Collect$$libinit$$0000000F)
    .ARM.Collect$$libinit$$00000011          0x00000146   Section        0  libinit2.o(.ARM.Collect$$libinit$$00000011)
    .ARM.Collect$$libinit$$00000013          0x00000146   Section        0  libinit2.o(.ARM.Collect$$libinit$$00000013)
    .ARM.Collect$$libinit$$00000015          0x00000146   Section        0  libinit2.o(.ARM.Collect$$libinit$$00000015)
    .ARM.Collect$$libinit$$00000017          0x00000146   Section        0  libinit2.o(.ARM.Collect$$libinit$$00000017)
    .ARM.Collect$$libinit$$00000019          0x00000146   Section        0  libinit2.o(.ARM.Collect$$libinit$$00000019)
    .ARM.Collect$$libinit$$0000001B          0x00000146   Section        0  libinit2.o(.ARM.Collect$$libinit$$0000001B)
    .ARM.Collect$$libinit$$0000001D          0x00000146   Section        0  libinit2.o(.ARM.Collect$$libinit$$0000001D)
    .ARM.Collect$$libinit$$0000001F          0x00000146   Section        0  libinit2.o(.ARM.Collect$$libinit$$0000001F)
    .ARM.Collect$$libinit$$00000021          0x00000146   Section        0  libinit2.o(.ARM.Collect$$libinit$$00000021)
    .ARM.Collect$$libinit$$00000028          0x00000146   Section        0  libinit2.o(.ARM.Collect$$libinit$$00000028)
    .ARM.Collect$$libinit$$0000002A          0x00000146   Section        0  libinit2.o(.ARM.Collect$$libinit$$0000002A)
    .ARM.Collect$$libinit$$0000002C          0x00000146   Section        0  libinit2.o(.ARM.Collect$$libinit$$0000002C)
    .ARM.Collect$$libinit$$0000002E          0x00000146   Section        0  libinit2.o(.ARM.Collect$$libinit$$0000002E)
    .ARM.Collect$$libinit$$0000002F          0x00000146   Section        2  libinit2.o(.ARM.Collect$$libinit$$0000002F)
    .ARM.Collect$$libshutdown$$00000000      0x00000148   Section        2  libshutdown.o(.ARM.Collect$$libshutdown$$00000000)
    .ARM.Collect$$libshutdown$$00000003      0x0000014a   Section        0  libshutdown2.o(.ARM.Collect$$libshutdown$$00000003)
    .ARM.Collect$$libshutdown$$00000006      0x0000014a   Section        0  libshutdown2.o(.ARM.Collect$$libshutdown$$00000006)
    .ARM.Collect$$libshutdown$$00000009      0x0000014a   Section        0  libshutdown2.o(.ARM.Collect$$libshutdown$$00000009)
    .ARM.Collect$$libshutdown$$0000000B      0x0000014a   Section        0  libshutdown2.o(.ARM.Collect$$libshutdown$$0000000B)
    .ARM.Collect$$libshutdown$$0000000E      0x0000014a   Section        0  libshutdown2.o(.ARM.Collect$$libshutdown$$0000000E)
    .ARM.Collect$$libshutdown$$0000000F      0x0000014a   Section        2  libshutdown2.o(.ARM.Collect$$libshutdown$$0000000F)
    .ARM.Collect$$rtentry$$00000000          0x0000014c   Section        0  rtentry.o(.ARM.Collect$$rtentry$$00000000)
    .ARM.Collect$$rtentry$$00000002          0x0000014c   Section        0  rtentry2.o(.ARM.Collect$$rtentry$$00000002)
    .ARM.Collect$$rtentry$$00000004          0x0000014c   Section        6  rtentry4.o(.ARM.Collect$$rtentry$$00000004)
    .ARM.Collect$$rtentry$$00000009          0x00000152   Section        0  rtentry2.o(.ARM.Collect$$rtentry$$00000009)
    .ARM.Collect$$rtentry$$0000000A          0x00000152   Section        4  rtentry2.o(.ARM.Collect$$rtentry$$0000000A)
    .ARM.Collect$$rtentry$$0000000C          0x00000156   Section        0  rtentry2.o(.ARM.Collect$$rtentry$$0000000C)
    .ARM.Collect$$rtentry$$0000000D          0x00000156   Section        8  rtentry2.o(.ARM.Collect$$rtentry$$0000000D)
    .ARM.Collect$$rtexit$$00000000           0x0000015e   Section        2  rtexit.o(.ARM.Collect$$rtexit$$00000000)
    .ARM.Collect$$rtexit$$00000002           0x00000160   Section        0  rtexit2.o(.ARM.Collect$$rtexit$$00000002)
    .ARM.Collect$$rtexit$$00000003           0x00000160   Section        4  rtexit2.o(.ARM.Collect$$rtexit$$00000003)
    .ARM.Collect$$rtexit$$00000004           0x00000164   Section        6  rtexit2.o(.ARM.Collect$$rtexit$$00000004)
    .text                                    0x0000016c   Section       56  startup_lpc17xx.o(.text)
    .text                                    0x000001a4   Section      208  os_cpu_a.o(.text)
    .text                                    0x00000274   Section        0  heapauxi.o(.text)
    .text                                    0x0000027a   Section       74  sys_stackheap_outer.o(.text)
    .text                                    0x000002c4   Section        0  exit.o(.text)
    .text                                    0x000002d0   Section        8  libspace.o(.text)
    .text                                    0x000002d8   Section        0  sys_exit.o(.text)
    .text                                    0x000002e4   Section        8  rt_fp_status_addr_intlibspace.o(.text)
    .text                                    0x000002ec   Section        2  use_no_semi.o(.text)
    .text                                    0x000002ee   Section        0  indicate_semi.o(.text)
    i.BSP_Init                               0x000002ee   Section        0  bsp.o(i.BSP_Init)
    i.Delay28ns                              0x000002f2   Section        0  bsp_nrf905.o(i.Delay28ns)
    .ARM.__at_0x02FC                         0x000002fc   Section        4  startup_lpc17xx.o(.ARM.__at_0x02FC)
    .text                                    0x00000300   Section      238  lludivv7m.o(.text)
    i.App_TaskLED1                           0x000003f0   Section        0  app.o(i.App_TaskLED1)
    App_TaskLED1                             0x000003f1   Thumb Code    62  app.o(i.App_TaskLED1)
    i.App_TaskNRF905                         0x00000434   Section        0  app.o(i.App_TaskNRF905)
    App_TaskNRF905                           0x00000435   Thumb Code    76  app.o(i.App_TaskNRF905)
    i.App_TaskStart                          0x00000488   Section        0  app.o(i.App_TaskStart)
    App_TaskStart                            0x00000489   Thumb Code    46  app.o(i.App_TaskStart)
    i.BSP_LED_Init                           0x000004c4   Section        0  bsp.o(i.BSP_LED_Init)
    i.BSP_LED_Off                            0x000004e8   Section        0  bsp.o(i.BSP_LED_Off)
    i.BSP_LED_On                             0x00000500   Section        0  bsp.o(i.BSP_LED_On)
    i.CSP_GPIO_BitClr                        0x00000518   Section        0  csp.o(i.CSP_GPIO_BitClr)
    i.CSP_GPIO_BitDir                        0x0000052c   Section        0  csp.o(i.CSP_GPIO_BitDir)
    i.CSP_GPIO_BitSet                        0x00000540   Section        0  csp.o(i.CSP_GPIO_BitSet)
    i.CSP_Init                               0x00000554   Section        0  csp.o(i.CSP_Init)
    i.CSP_PM_CPU_ClkFreqGet                  0x00000570   Section        0  csp.o(i.CSP_PM_CPU_ClkFreqGet)
    i.Config905                              0x000005d8   Section        0  bsp_nrf905.o(i.Config905)
    i.ConfigGPIO                             0x00000618   Section        0  bsp_nrf905.o(i.ConfigGPIO)
    i.Init905                                0x00000650   Section        0  bsp_nrf905.o(i.Init905)
    i.MSpiRead                               0x00000670   Section        0  csp_ssp.o(i.MSpiRead)
    i.MSpiTest                               0x00000694   Section        0  bsp_nrf905.o(i.MSpiTest)
    i.MSpiWrite                              0x000006dc   Section        0  csp_ssp.o(i.MSpiWrite)
    i.NVIC_EnableIRQ                         0x000006e8   Section        0  csp_uart.o(i.NVIC_EnableIRQ)
    NVIC_EnableIRQ                           0x000006e9   Thumb Code    24  csp_uart.o(i.NVIC_EnableIRQ)
    i.NVIC_EnableIRQ                         0x00000700   Section        0  csp_ssp.o(i.NVIC_EnableIRQ)
    NVIC_EnableIRQ                           0x00000701   Thumb Code    24  csp_ssp.o(i.NVIC_EnableIRQ)
    i.OSDebugInit                            0x00000718   Section        0  os_dbg.o(i.OSDebugInit)
    i.OSEventNameSet                         0x0000071c   Section        0  os_core.o(i.OSEventNameSet)
    i.OSInit                                 0x0000075c   Section        0  os_core.o(i.OSInit)
    i.OSInitHookBegin                        0x00000848   Section        0  os_cpu_c.o(i.OSInitHookBegin)
    i.OSInitHookEnd                          0x00000854   Section        0  os_cpu_c.o(i.OSInitHookEnd)
    i.OSIntExit                              0x00000858   Section        0  os_core.o(i.OSIntExit)
    i.OSSchedLock                            0x000008b0   Section        0  os_core.o(i.OSSchedLock)
    i.OSSchedUnlock                          0x000008dc   Section        0  os_core.o(i.OSSchedUnlock)
    i.OSSemCreate                            0x00000918   Section        0  os_sem.o(i.OSSemCreate)
    i.OSSemPend                              0x00000960   Section        0  os_sem.o(i.OSSemPend)
    i.OSSemPost                              0x00000a08   Section        0  os_sem.o(i.OSSemPost)
    i.OSStart                                0x00000a54   Section        0  os_core.o(i.OSStart)
    i.OSTCBInitHook                          0x00000a84   Section        0  os_cpu_c.o(i.OSTCBInitHook)
    i.OSTaskCreate                           0x00000a88   Section        0  os_task.o(i.OSTaskCreate)
    i.OSTaskCreateExt                        0x00000b10   Section        0  os_task.o(i.OSTaskCreateExt)
    i.OSTaskCreateHook                       0x00000bac   Section        0  os_cpu_c.o(i.OSTaskCreateHook)
    i.OSTaskIdleHook                         0x00000bae   Section        0  os_cpu_c.o(i.OSTaskIdleHook)
    i.OSTaskNameSet                          0x00000bb0   Section        0  os_task.o(i.OSTaskNameSet)
    i.OSTaskStatHook                         0x00000c04   Section        0  os_cpu_c.o(i.OSTaskStatHook)
    i.OSTaskStkChk                           0x00000c08   Section        0  os_task.o(i.OSTaskStkChk)
    i.OSTaskStkInit                          0x00000c74   Section        0  os_cpu_c.o(i.OSTaskStkInit)
    i.OSTaskSuspend                          0x00000cdc   Section        0  os_task.o(i.OSTaskSuspend)
    i.OSTaskSwHook                           0x00000d6c   Section        0  os_cpu_c.o(i.OSTaskSwHook)
    i.OSTimeDly                              0x00000d70   Section        0  os_time.o(i.OSTimeDly)
    i.OSTimeTick                             0x00000dd8   Section        0  os_core.o(i.OSTimeTick)
    i.OSTimeTickHook                         0x00000e7c   Section        0  os_cpu_c.o(i.OSTimeTickHook)
    i.OSTmrSignal                            0x00000e98   Section        0  os_tmr.o(i.OSTmrSignal)
    i.OSTmr_Init                             0x00000ea4   Section        0  os_tmr.o(i.OSTmr_Init)
    i.OSTmr_Link                             0x00000fcc   Section        0  os_tmr.o(i.OSTmr_Link)
    OSTmr_Link                               0x00000fcd   Thumb Code    64  os_tmr.o(i.OSTmr_Link)
    i.OSTmr_Task                             0x00001014   Section        0  os_tmr.o(i.OSTmr_Task)
    OSTmr_Task                               0x00001015   Thumb Code   106  os_tmr.o(i.OSTmr_Task)
    i.OSTmr_Unlink                           0x0000108c   Section        0  os_tmr.o(i.OSTmr_Unlink)
    OSTmr_Unlink                             0x0000108d   Thumb Code    58  os_tmr.o(i.OSTmr_Unlink)
    i.OS_CPU_SysTickHandler                  0x000010cc   Section        0  os_cpu_c.o(i.OS_CPU_SysTickHandler)
    i.OS_CPU_SysTickInit                     0x000010f0   Section        0  os_cpu_c.o(i.OS_CPU_SysTickInit)
    i.OS_CSP_TickInit                        0x00001114   Section        0  csp.o(i.OS_CSP_TickInit)
    i.OS_EventTaskRdy                        0x0000112c   Section        0  os_core.o(i.OS_EventTaskRdy)
    i.OS_EventTaskRemove                     0x000011a8   Section        0  os_core.o(i.OS_EventTaskRemove)
    i.OS_EventTaskRemoveMulti                0x000011cc   Section        0  os_core.o(i.OS_EventTaskRemoveMulti)
    i.OS_EventTaskWait                       0x000011fc   Section        0  os_core.o(i.OS_EventTaskWait)
    i.OS_EventWaitListInit                   0x00001250   Section        0  os_core.o(i.OS_EventWaitListInit)
    i.OS_FlagInit                            0x00001264   Section        0  os_flag.o(i.OS_FlagInit)
    i.OS_InitEventList                       0x000012b0   Section        0  os_core.o(i.OS_InitEventList)
    OS_InitEventList                         0x000012b1   Thumb Code    74  os_core.o(i.OS_InitEventList)
    i.OS_InitTCBList                         0x00001308   Section        0  os_core.o(i.OS_InitTCBList)
    OS_InitTCBList                           0x00001309   Thumb Code    96  os_core.o(i.OS_InitTCBList)
    i.OS_MemClr                              0x00001378   Section        0  os_core.o(i.OS_MemClr)
    i.OS_MemInit                             0x0000138c   Section        0  os_mem.o(i.OS_MemInit)
    i.OS_QInit                               0x000013d8   Section        0  os_q.o(i.OS_QInit)
    i.OS_Sched                               0x0000141c   Section        0  os_core.o(i.OS_Sched)
    i.OS_SchedNew                            0x00001460   Section        0  os_core.o(i.OS_SchedNew)
    OS_SchedNew                              0x00001461   Thumb Code    24  os_core.o(i.OS_SchedNew)
    i.OS_TCBInit                             0x00001480   Section        0  os_core.o(i.OS_TCBInit)
    i.OS_TaskIdle                            0x00001570   Section        0  os_core.o(i.OS_TaskIdle)
    i.OS_TaskStat                            0x0000158c   Section        0  os_core.o(i.OS_TaskStat)
    i.OS_TaskStatStkChk                      0x000015e4   Section        0  os_core.o(i.OS_TaskStatStkChk)
    i.OS_TaskStkClr                          0x0000161c   Section        0  os_task.o(i.OS_TaskStkClr)
    i.RxPacket                               0x00001634   Section        0  bsp_nrf905.o(i.RxPacket)
    i.SSP0Init                               0x000016a8   Section        0  csp_ssp.o(i.SSP0Init)
    i.SSP0_IRQHandler                        0x0000172c   Section        0  csp_ssp.o(i.SSP0_IRQHandler)
    i.SSP1_IRQHandler                        0x0000176c   Section        0  csp_ssp.o(i.SSP1_IRQHandler)
    i.SSPSend                                0x000017ac   Section        0  csp_ssp.o(i.SSPSend)
    i.SetRxMode                              0x00001808   Section        0  bsp_nrf905.o(i.SetRxMode)
    i.SetStandbyMode                         0x0000183c   Section        0  bsp_nrf905.o(i.SetStandbyMode)
    i.SystemCoreClockUpdate                  0x00001864   Section        0  system_lpc17xx.o(i.SystemCoreClockUpdate)
    i.SystemInit                             0x00001940   Section        0  system_lpc17xx.o(i.SystemInit)
    i.UART0_IRQHandler                       0x00001a08   Section        0  csp_uart.o(i.UART0_IRQHandler)
    i.UART0_SendByte                         0x00001a78   Section        0  csp_uart.o(i.UART0_SendByte)
    i.UART1_IRQHandler                       0x00001a88   Section        0  csp_uart.o(i.UART1_IRQHandler)
    i.UARTInit                               0x00001af8   Section        0  csp_uart.o(i.UARTInit)
    i.main                                   0x00001bd8   Section        0  app.o(i.main)
    x$fpl$fpinit                             0x00001c14   Section       14  fpinit.o(x$fpl$fpinit)
    .constdata                               0x00001c22   Section      256  os_core.o(.constdata)
    .constdata                               0x00001d24   Section       16  csp.o(.constdata)
    LPC_GPIO                                 0x00001d24   Data          16  csp.o(.constdata)
    .constdata                               0x00001d34   Section        8  csp_ssp.o(.constdata)
    LPC_SSP                                  0x00001d34   Data           8  csp_ssp.o(.constdata)
    .constdata                               0x00001d3c   Section        8  bsp.o(.constdata)
    .data                                    0x10000000   Section        4  system_lpc17xx.o(.data)
    .data                                    0x10000004   Section        4  os_cpu_c.o(.data)
    .data                                    0x10000008   Section        2  os_cpu_c.o(.data)
    OSTmrCtr                                 0x10000008   Data           2  os_cpu_c.o(.data)
    .data                                    0x1000000c   Section       60  os_core.o(.data)
    .data                                    0x10000048   Section        4  os_core.o(.data)
    .data                                    0x1000004c   Section        4  os_core.o(.data)
    .data                                    0x10000050   Section        4  os_core.o(.data)
    .data                                    0x10000054   Section        2  os_core.o(.data)
    .data                                    0x10000056   Section        2  os_core.o(.data)
    .data                                    0x10000058   Section        4  os_core.o(.data)
    .data                                    0x1000005c   Section        4  os_core.o(.data)
    .data                                    0x10000060   Section        4  os_core.o(.data)
    .data                                    0x10000064   Section        4  os_core.o(.data)
    .data                                    0x10000068   Section       20  csp_uart.o(.data)
    .data                                    0x1000007c   Section       24  csp_ssp.o(.data)
    .data                                    0x10000094   Section       80  bsp_nrf905.o(.data)
    .data                                    0x100000e4   Section        8  app.o(.data)
    App_TaskNRF905_Sem                       0x100000e4   Data           4  app.o(.data)
    App_TaskLED1_Sem                         0x100000e8   Data           4  app.o(.data)
    .bss                                     0x100000ec   Section     3456  os_core.o(.bss)
    .bss                                     0x10000e6c   Section       80  os_core.o(.bss)
    .bss                                     0x10000ebc   Section      120  os_core.o(.bss)
    .bss                                     0x10000f34   Section       96  os_core.o(.bss)
    .bss                                     0x10000f94   Section      640  os_core.o(.bss)
    .bss                                     0x10001214   Section      512  os_core.o(.bss)
    .bss                                     0x10001414   Section       64  os_core.o(.bss)
    .bss                                     0x10001454   Section      128  csp_uart.o(.bss)
    .bss                                     0x100014d4   Section      600  app.o(.bss)
    App_TaskStartStk                         0x100014d4   Data         200  app.o(.bss)
    App_TaskNRFStk                           0x1000159c   Data         200  app.o(.bss)
    App_TaskLED1Stk                          0x10001664   Data         200  app.o(.bss)
    .bss                                     0x1000172c   Section       96  libspace.o(.bss)
    HEAP                                     0x10001790   Section        0  startup_lpc17xx.o(HEAP)
    STACK                                    0x10001790   Section      512  startup_lpc17xx.o(STACK)
    Heap_Mem                                 0x10001790   Data           0  startup_lpc17xx.o(HEAP)
    Stack_Mem                                0x10001790   Data         512  startup_lpc17xx.o(STACK)
    __initial_sp                             0x10001990   Data           0  startup_lpc17xx.o(STACK)

    Global Symbols

    Symbol Name                              Value     Ov Type        Size  Object(Section)

    BuildAttributes$$THM_ISAv4$P$D$K$B$S$PE$A:L22UL41UL21$X:L11$S22US41US21$IEEE1$IW$USESV6$~STKCKD$USESV7$~SHL$OSPACE$ROPI$EBA8$UX$STANDARDLIB$REQ8$PRES8$EABIv2 0x00000000   Number         0  anon$$obj.o ABSOLUTE
    __ARM_use_no_argv                        0x00000000   Number         0  app.o ABSOLUTE
    __Vectors                                0x00000000   Data           4  startup_lpc17xx.o(RESET)
    __ARM_exceptions_init                     - Undefined Weak Reference
    __alloca_initialize                       - Undefined Weak Reference
    __cpp_initialize__aeabi_                  - Undefined Weak Reference
    __cxa_finalize                            - Undefined Weak Reference
    __rt_locale                               - Undefined Weak Reference
    __sigvec_lookup                           - Undefined Weak Reference
    _atexit_init                              - Undefined Weak Reference
    _call_atexit_fns                          - Undefined Weak Reference
    _clock_init                               - Undefined Weak Reference
    _fp_trap_init                             - Undefined Weak Reference
    _fp_trap_shutdown                         - Undefined Weak Reference
    _get_lc_collate                           - Undefined Weak Reference
    _get_lc_ctype                             - Undefined Weak Reference
    _get_lc_monetary                          - Undefined Weak Reference
    _get_lc_numeric                           - Undefined Weak Reference
    _get_lc_time                              - Undefined Weak Reference
    _getenv_init                              - Undefined Weak Reference
    _handle_redirection                       - Undefined Weak Reference
    _init_alloc                               - Undefined Weak Reference
    _init_user_alloc                          - Undefined Weak Reference
    _initio                                   - Undefined Weak Reference
    _rand_init                                - Undefined Weak Reference
    _signal_finish                            - Undefined Weak Reference
    _signal_init                              - Undefined Weak Reference
    _terminate_alloc                          - Undefined Weak Reference
    _terminate_user_alloc                     - Undefined Weak Reference
    _terminateio                              - Undefined Weak Reference
    __main                                   0x000000cd   Thumb Code     8  __main.o(!!!main)
    __scatterload                            0x000000d5   Thumb Code     0  __scatter.o(!!!scatter)
    __scatterload_rt2                        0x000000d5   Thumb Code    44  __scatter.o(!!!scatter)
    __scatterload_rt2_thumb_only             0x000000d5   Thumb Code     0  __scatter.o(!!!scatter)
    __scatterload_null                       0x000000e3   Thumb Code     0  __scatter.o(!!!scatter)
    __scatterload_copy                       0x00000109   Thumb Code    26  __scatter_copy.o(!!handler_copy)
    __scatterload_zeroinit                   0x00000125   Thumb Code    28  __scatter_zi.o(!!handler_zi)
    __rt_lib_init                            0x00000141   Thumb Code     0  libinit.o(.ARM.Collect$$libinit$$00000000)
    __rt_lib_init_alloca_1                   0x00000147   Thumb Code     0  libinit2.o(.ARM.Collect$$libinit$$0000002A)
    __rt_lib_init_argv_1                     0x00000147   Thumb Code     0  libinit2.o(.ARM.Collect$$libinit$$00000028)
    __rt_lib_init_atexit_1                   0x00000147   Thumb Code     0  libinit2.o(.ARM.Collect$$libinit$$00000017)
    __rt_lib_init_clock_1                    0x00000147   Thumb Code     0  libinit2.o(.ARM.Collect$$libinit$$0000001D)
    __rt_lib_init_cpp_1                      0x00000147   Thumb Code     0  libinit2.o(.ARM.Collect$$libinit$$0000002E)
    __rt_lib_init_exceptions_1               0x00000147   Thumb Code     0  libinit2.o(.ARM.Collect$$libinit$$0000002C)
    __rt_lib_init_fp_trap_1                  0x00000147   Thumb Code     0  libinit2.o(.ARM.Collect$$libinit$$0000001B)
    __rt_lib_init_getenv_1                   0x00000147   Thumb Code     0  libinit2.o(.ARM.Collect$$libinit$$0000001F)
    __rt_lib_init_heap_1                     0x00000147   Thumb Code     0  libinit2.o(.ARM.Collect$$libinit$$00000006)
    __rt_lib_init_lc_collate_1               0x00000147   Thumb Code     0  libinit2.o(.ARM.Collect$$libinit$$0000000D)
    __rt_lib_init_lc_ctype_1                 0x00000147   Thumb Code     0  libinit2.o(.ARM.Collect$$libinit$$0000000F)
    __rt_lib_init_lc_monetary_1              0x00000147   Thumb Code     0  libinit2.o(.ARM.Collect$$libinit$$00000011)
    __rt_lib_init_lc_numeric_1               0x00000147   Thumb Code     0  libinit2.o(.ARM.Collect$$libinit$$00000013)
    __rt_lib_init_lc_time_1                  0x00000147   Thumb Code     0  libinit2.o(.ARM.Collect$$libinit$$00000015)
    __rt_lib_init_rand_1                     0x00000147   Thumb Code     0  libinit2.o(.ARM.Collect$$libinit$$0000000A)
    __rt_lib_init_return                     0x00000147   Thumb Code     0  libinit2.o(.ARM.Collect$$libinit$$0000002F)
    __rt_lib_init_signal_1                   0x00000147   Thumb Code     0  libinit2.o(.ARM.Collect$$libinit$$00000019)
    __rt_lib_init_stdio_1                    0x00000147   Thumb Code     0  libinit2.o(.ARM.Collect$$libinit$$00000021)
    __rt_lib_init_user_alloc_1               0x00000147   Thumb Code     0  libinit2.o(.ARM.Collect$$libinit$$00000008)
    __rt_lib_shutdown                        0x00000149   Thumb Code     0  libshutdown.o(.ARM.Collect$$libshutdown$$00000000)
    __rt_lib_shutdown_fp_trap_1              0x0000014b   Thumb Code     0  libshutdown2.o(.ARM.Collect$$libshutdown$$00000006)
    __rt_lib_shutdown_heap_1                 0x0000014b   Thumb Code     0  libshutdown2.o(.ARM.Collect$$libshutdown$$0000000E)
    __rt_lib_shutdown_return                 0x0000014b   Thumb Code     0  libshutdown2.o(.ARM.Collect$$libshutdown$$0000000F)
    __rt_lib_shutdown_signal_1               0x0000014b   Thumb Code     0  libshutdown2.o(.ARM.Collect$$libshutdown$$00000009)
    __rt_lib_shutdown_stdio_1                0x0000014b   Thumb Code     0  libshutdown2.o(.ARM.Collect$$libshutdown$$00000003)
    __rt_lib_shutdown_user_alloc_1           0x0000014b   Thumb Code     0  libshutdown2.o(.ARM.Collect$$libshutdown$$0000000B)
    __rt_entry                               0x0000014d   Thumb Code     0  rtentry.o(.ARM.Collect$$rtentry$$00000000)
    __rt_entry_presh_1                       0x0000014d   Thumb Code     0  rtentry2.o(.ARM.Collect$$rtentry$$00000002)
    __rt_entry_sh                            0x0000014d   Thumb Code     0  rtentry4.o(.ARM.Collect$$rtentry$$00000004)
    __rt_entry_li                            0x00000153   Thumb Code     0  rtentry2.o(.ARM.Collect$$rtentry$$0000000A)
    __rt_entry_postsh_1                      0x00000153   Thumb Code     0  rtentry2.o(.ARM.Collect$$rtentry$$00000009)
    __rt_entry_main                          0x00000157   Thumb Code     0  rtentry2.o(.ARM.Collect$$rtentry$$0000000D)
    __rt_entry_postli_1                      0x00000157   Thumb Code     0  rtentry2.o(.ARM.Collect$$rtentry$$0000000C)
    __rt_exit                                0x0000015f   Thumb Code     0  rtexit.o(.ARM.Collect$$rtexit$$00000000)
    __rt_exit_ls                             0x00000161   Thumb Code     0  rtexit2.o(.ARM.Collect$$rtexit$$00000003)
    __rt_exit_prels_1                        0x00000161   Thumb Code     0  rtexit2.o(.ARM.Collect$$rtexit$$00000002)
    __rt_exit_exit                           0x00000165   Thumb Code     0  rtexit2.o(.ARM.Collect$$rtexit$$00000004)
    Reset_Handler                            0x0000016d   Thumb Code     8  startup_lpc17xx.o(.text)
    NMI_Handler                              0x00000175   Thumb Code     2  startup_lpc17xx.o(.text)
    HardFault_Handler                        0x00000177   Thumb Code     2  startup_lpc17xx.o(.text)
    MemManage_Handler                        0x00000179   Thumb Code     2  startup_lpc17xx.o(.text)
    BusFault_Handler                         0x0000017b   Thumb Code     2  startup_lpc17xx.o(.text)
    UsageFault_Handler                       0x0000017d   Thumb Code     2  startup_lpc17xx.o(.text)
    SVC_Handler                              0x0000017f   Thumb Code     2  startup_lpc17xx.o(.text)
    DebugMon_Handler                         0x00000181   Thumb Code     2  startup_lpc17xx.o(.text)
    ADC_IRQHandler                           0x00000183   Thumb Code     0  startup_lpc17xx.o(.text)
    BOD_IRQHandler                           0x00000183   Thumb Code     0  startup_lpc17xx.o(.text)
    CANActivity_IRQHandler                   0x00000183   Thumb Code     0  startup_lpc17xx.o(.text)
    CAN_IRQHandler                           0x00000183   Thumb Code     0  startup_lpc17xx.o(.text)
    DMA_IRQHandler                           0x00000183   Thumb Code     0  startup_lpc17xx.o(.text)
    EINT0_IRQHandler                         0x00000183   Thumb Code     0  startup_lpc17xx.o(.text)
    EINT1_IRQHandler                         0x00000183   Thumb Code     0  startup_lpc17xx.o(.text)
    EINT2_IRQHandler                         0x00000183   Thumb Code     0  startup_lpc17xx.o(.text)
    EINT3_IRQHandler                         0x00000183   Thumb Code     0  startup_lpc17xx.o(.text)
    ENET_IRQHandler                          0x00000183   Thumb Code     0  startup_lpc17xx.o(.text)
    I2C0_IRQHandler                          0x00000183   Thumb Code     0  startup_lpc17xx.o(.text)
    I2C1_IRQHandler                          0x00000183   Thumb Code     0  startup_lpc17xx.o(.text)
    I2C2_IRQHandler                          0x00000183   Thumb Code     0  startup_lpc17xx.o(.text)
    I2S_IRQHandler                           0x00000183   Thumb Code     0  startup_lpc17xx.o(.text)
    MCPWM_IRQHandler                         0x00000183   Thumb Code     0  startup_lpc17xx.o(.text)
    PLL0_IRQHandler                          0x00000183   Thumb Code     0  startup_lpc17xx.o(.text)
    PLL1_IRQHandler                          0x00000183   Thumb Code     0  startup_lpc17xx.o(.text)
    PWM1_IRQHandler                          0x00000183   Thumb Code     0  startup_lpc17xx.o(.text)
    QEI_IRQHandler                           0x00000183   Thumb Code     0  startup_lpc17xx.o(.text)
    RIT_IRQHandler                           0x00000183   Thumb Code     0  startup_lpc17xx.o(.text)
    RTC_IRQHandler                           0x00000183   Thumb Code     0  startup_lpc17xx.o(.text)
    SPI_IRQHandler                           0x00000183   Thumb Code     0  startup_lpc17xx.o(.text)
    TIMER0_IRQHandler                        0x00000183   Thumb Code     0  startup_lpc17xx.o(.text)
    TIMER1_IRQHandler                        0x00000183   Thumb Code     0  startup_lpc17xx.o(.text)
    TIMER2_IRQHandler                        0x00000183   Thumb Code     0  startup_lpc17xx.o(.text)
    TIMER3_IRQHandler                        0x00000183   Thumb Code     0  startup_lpc17xx.o(.text)
    UART2_IRQHandler                         0x00000183   Thumb Code     0  startup_lpc17xx.o(.text)
    UART3_IRQHandler                         0x00000183   Thumb Code     0  startup_lpc17xx.o(.text)
    USBActivity_IRQHandler                   0x00000183   Thumb Code     0  startup_lpc17xx.o(.text)
    USB_IRQHandler                           0x00000183   Thumb Code     0  startup_lpc17xx.o(.text)
    WDT_IRQHandler                           0x00000183   Thumb Code     0  startup_lpc17xx.o(.text)
    __user_initial_stackheap                 0x00000185   Thumb Code     0  startup_lpc17xx.o(.text)
    OS_ENTER_CRITICAL                        0x000001a5   Thumb Code     0  os_cpu_a.o(.text)
    OS_EXIT_CRITICAL                         0x000001b7   Thumb Code     0  os_cpu_a.o(.text)
    CPU_IntDis                               0x000001d1   Thumb Code     0  os_cpu_a.o(.text)
    CPU_IntEn                                0x000001d5   Thumb Code     0  os_cpu_a.o(.text)
    OSStartHighRdy                           0x000001d9   Thumb Code     0  os_cpu_a.o(.text)
    OSCtxSw                                  0x000001f9   Thumb Code     0  os_cpu_a.o(.text)
    OSIntCtxSw                               0x00000203   Thumb Code     0  os_cpu_a.o(.text)
    OS_CPU_PendSVHandler                     0x0000020d   Thumb Code     0  os_cpu_a.o(.text)
    __use_two_region_memory                  0x00000275   Thumb Code     2  heapauxi.o(.text)
    __rt_heap_escrow$2region                 0x00000277   Thumb Code     2  heapauxi.o(.text)
    __rt_heap_expand$2region                 0x00000279   Thumb Code     2  heapauxi.o(.text)
    __user_setup_stackheap                   0x0000027b   Thumb Code    74  sys_stackheap_outer.o(.text)
    exit                                     0x000002c5   Thumb Code    12  exit.o(.text)
    __user_libspace                          0x000002d1   Thumb Code     8  libspace.o(.text)
    __user_perproc_libspace                  0x000002d1   Thumb Code     0  libspace.o(.text)
    __user_perthread_libspace                0x000002d1   Thumb Code     0  libspace.o(.text)
    _sys_exit                                0x000002d9   Thumb Code     8  sys_exit.o(.text)
    __rt_fp_status_addr                      0x000002e5   Thumb Code     8  rt_fp_status_addr_intlibspace.o(.text)
    __I$use$semihosting                      0x000002ed   Thumb Code     0  use_no_semi.o(.text)
    __use_no_semihosting_swi                 0x000002ed   Thumb Code     2  use_no_semi.o(.text)
    BSP_Init                                 0x000002ef   Thumb Code     4  bsp.o(i.BSP_Init)
    __semihosting_library_function           0x000002ef   Thumb Code     0  indicate_semi.o(.text)
    Delay28ns                                0x000002f3   Thumb Code    10  bsp_nrf905.o(i.Delay28ns)
    __aeabi_uldivmod                         0x00000301   Thumb Code     0  lludivv7m.o(.text)
    _ll_udiv                                 0x00000301   Thumb Code   238  lludivv7m.o(.text)
    BSP_LED_Init                             0x000004c5   Thumb Code    30  bsp.o(i.BSP_LED_Init)
    BSP_LED_Off                              0x000004e9   Thumb Code    20  bsp.o(i.BSP_LED_Off)
    BSP_LED_On                               0x00000501   Thumb Code    20  bsp.o(i.BSP_LED_On)
    CSP_GPIO_BitClr                          0x00000519   Thumb Code    14  csp.o(i.CSP_GPIO_BitClr)
    CSP_GPIO_BitDir                          0x0000052d   Thumb Code    14  csp.o(i.CSP_GPIO_BitDir)
    CSP_GPIO_BitSet                          0x00000541   Thumb Code    14  csp.o(i.CSP_GPIO_BitSet)
    CSP_Init                                 0x00000555   Thumb Code    28  csp.o(i.CSP_Init)
    CSP_PM_CPU_ClkFreqGet                    0x00000571   Thumb Code    92  csp.o(i.CSP_PM_CPU_ClkFreqGet)
    Config905                                0x000005d9   Thumb Code    56  bsp_nrf905.o(i.Config905)
    ConfigGPIO                               0x00000619   Thumb Code    50  bsp_nrf905.o(i.ConfigGPIO)
    Init905                                  0x00000651   Thumb Code    28  bsp_nrf905.o(i.Init905)
    MSpiRead                                 0x00000671   Thumb Code    30  csp_ssp.o(i.MSpiRead)
    MSpiTest                                 0x00000695   Thumb Code    64  bsp_nrf905.o(i.MSpiTest)
    MSpiWrite                                0x000006dd   Thumb Code    12  csp_ssp.o(i.MSpiWrite)
    OSDebugInit                              0x00000719   Thumb Code     2  os_dbg.o(i.OSDebugInit)
    OSEventNameSet                           0x0000071d   Thumb Code    58  os_core.o(i.OSEventNameSet)
    OSInit                                   0x0000075d   Thumb Code   178  os_core.o(i.OSInit)
    OSInitHookBegin                          0x00000849   Thumb Code     8  os_cpu_c.o(i.OSInitHookBegin)
    OSInitHookEnd                            0x00000855   Thumb Code     2  os_cpu_c.o(i.OSInitHookEnd)
    OSIntExit                                0x00000859   Thumb Code    78  os_core.o(i.OSIntExit)
    OSSchedLock                              0x000008b1   Thumb Code    38  os_core.o(i.OSSchedLock)
    OSSchedUnlock                            0x000008dd   Thumb Code    54  os_core.o(i.OSSchedUnlock)
    OSSemCreate                              0x00000919   Thumb Code    58  os_sem.o(i.OSSemCreate)
    OSSemPend                                0x00000961   Thumb Code   156  os_sem.o(i.OSSemPend)
    OSSemPost                                0x00000a09   Thumb Code    74  os_sem.o(i.OSSemPost)
    OSStart                                  0x00000a55   Thumb Code    38  os_core.o(i.OSStart)
    OSTCBInitHook                            0x00000a85   Thumb Code     2  os_cpu_c.o(i.OSTCBInitHook)
    OSTaskCreate                             0x00000a89   Thumb Code   124  os_task.o(i.OSTaskCreate)
    OSTaskCreateExt                          0x00000b11   Thumb Code   144  os_task.o(i.OSTaskCreateExt)
    OSTaskCreateHook                         0x00000bad   Thumb Code     2  os_cpu_c.o(i.OSTaskCreateHook)
    OSTaskIdleHook                           0x00000baf   Thumb Code     2  os_cpu_c.o(i.OSTaskIdleHook)
    OSTaskNameSet                            0x00000bb1   Thumb Code    70  os_task.o(i.OSTaskNameSet)
    OSTaskStatHook                           0x00000c05   Thumb Code     2  os_cpu_c.o(i.OSTaskStatHook)
    OSTaskStkChk                             0x00000c09   Thumb Code   100  os_task.o(i.OSTaskStkChk)
    OSTaskStkInit                            0x00000c75   Thumb Code   104  os_cpu_c.o(i.OSTaskStkInit)
    OSTaskSuspend                            0x00000cdd   Thumb Code   128  os_task.o(i.OSTaskSuspend)
    OSTaskSwHook                             0x00000d6d   Thumb Code     2  os_cpu_c.o(i.OSTaskSwHook)
    OSTimeDly                                0x00000d71   Thumb Code    84  os_time.o(i.OSTimeDly)
    OSTimeTick                               0x00000dd9   Thumb Code   160  os_core.o(i.OSTimeTick)
    OSTimeTickHook                           0x00000e7d   Thumb Code    24  os_cpu_c.o(i.OSTimeTickHook)
    OSTmrSignal                              0x00000e99   Thumb Code     8  os_tmr.o(i.OSTmrSignal)
    OSTmr_Init                               0x00000ea5   Thumb Code   196  os_tmr.o(i.OSTmr_Init)
    OS_CPU_SysTickHandler                    0x000010cd   Thumb Code    30  os_cpu_c.o(i.OS_CPU_SysTickHandler)
    OS_CPU_SysTickInit                       0x000010f1   Thumb Code    32  os_cpu_c.o(i.OS_CPU_SysTickInit)
    OS_CSP_TickInit                          0x00001115   Thumb Code    22  csp.o(i.OS_CSP_TickInit)
    OS_EventTaskRdy                          0x0000112d   Thumb Code   112  os_core.o(i.OS_EventTaskRdy)
    OS_EventTaskRemove                       0x000011a9   Thumb Code    36  os_core.o(i.OS_EventTaskRemove)
    OS_EventTaskRemoveMulti                  0x000011cd   Thumb Code    48  os_core.o(i.OS_EventTaskRemoveMulti)
    OS_EventTaskWait                         0x000011fd   Thumb Code    80  os_core.o(i.OS_EventTaskWait)
    OS_EventWaitListInit                     0x00001251   Thumb Code    20  os_core.o(i.OS_EventWaitListInit)
    OS_FlagInit                              0x00001265   Thumb Code    62  os_flag.o(i.OS_FlagInit)
    OS_MemClr                                0x00001379   Thumb Code    18  os_core.o(i.OS_MemClr)
    OS_MemInit                               0x0000138d   Thumb Code    62  os_mem.o(i.OS_MemInit)
    OS_QInit                                 0x000013d9   Thumb Code    58  os_q.o(i.OS_QInit)
    OS_Sched                                 0x0000141d   Thumb Code    60  os_core.o(i.OS_Sched)
    OS_TCBInit                               0x00001481   Thumb Code   228  os_core.o(i.OS_TCBInit)
    OS_TaskIdle                              0x00001571   Thumb Code    22  os_core.o(i.OS_TaskIdle)
    OS_TaskStat                              0x0000158d   Thumb Code    82  os_core.o(i.OS_TaskStat)
    OS_TaskStatStkChk                        0x000015e5   Thumb Code    50  os_core.o(i.OS_TaskStatStkChk)
    OS_TaskStkClr                            0x0000161d   Thumb Code    22  os_task.o(i.OS_TaskStkClr)
    RxPacket                                 0x00001635   Thumb Code   104  bsp_nrf905.o(i.RxPacket)
    SSP0Init                                 0x000016a9   Thumb Code   116  csp_ssp.o(i.SSP0Init)
    SSP0_IRQHandler                          0x0000172d   Thumb Code    54  csp_ssp.o(i.SSP0_IRQHandler)
    SSP1_IRQHandler                          0x0000176d   Thumb Code    54  csp_ssp.o(i.SSP1_IRQHandler)
    SSPSend                                  0x000017ad   Thumb Code    84  csp_ssp.o(i.SSPSend)
    SetRxMode                                0x00001809   Thumb Code    42  bsp_nrf905.o(i.SetRxMode)
    SetStandbyMode                           0x0000183d   Thumb Code    32  bsp_nrf905.o(i.SetStandbyMode)
    SystemCoreClockUpdate                    0x00001865   Thumb Code   194  system_lpc17xx.o(i.SystemCoreClockUpdate)
    SystemInit                               0x00001941   Thumb Code   188  system_lpc17xx.o(i.SystemInit)
    UART0_IRQHandler                         0x00001a09   Thumb Code    98  csp_uart.o(i.UART0_IRQHandler)
    UART0_SendByte                           0x00001a79   Thumb Code    12  csp_uart.o(i.UART0_SendByte)
    UART1_IRQHandler                         0x00001a89   Thumb Code    98  csp_uart.o(i.UART1_IRQHandler)
    UARTInit                                 0x00001af9   Thumb Code   204  csp_uart.o(i.UARTInit)
    main                                     0x00001bd9   Thumb Code    48  app.o(i.main)
    _fp_init                                 0x00001c15   Thumb Code    14  fpinit.o(x$fpl$fpinit)
    __fplib_config_pureend_doubles           0x00001c21   Thumb Code     0  fpinit.o(x$fpl$fpinit)
    OSUnMapTbl                               0x00001c22   Data         256  os_core.o(.constdata)
    led_mask                                 0x00001d3c   Data           8  bsp.o(.constdata)
    Region$$Table$$Base                      0x00001d44   Number         0  anon$$obj.o(Region$$Table)
    Region$$Table$$Limit                     0x00001d64   Number         0  anon$$obj.o(Region$$Table)
    SystemCoreClock                          0x10000000   Data           4  system_lpc17xx.o(.data)
    OsEnterSum                               0x10000004   Data           4  os_cpu_c.o(.data)
    OSCPUUsage                               0x1000000c   Data           1  os_core.o(.data)
    OSStatRdy                                0x1000000d   Data           1  os_core.o(.data)
    OSIntNesting                             0x1000000e   Data           1  os_core.o(.data)
    OSLockNesting                            0x1000000f   Data           1  os_core.o(.data)
    OSPrioCur                                0x10000010   Data           1  os_core.o(.data)
    OSPrioHighRdy                            0x10000011   Data           1  os_core.o(.data)
    OSRdyGrp                                 0x10000012   Data           1  os_core.o(.data)
    OSRunning                                0x10000013   Data           1  os_core.o(.data)
    OSTaskCtr                                0x10000014   Data           1  os_core.o(.data)
    OSTickStepState                          0x10000015   Data           1  os_core.o(.data)
    OSCtxSwCtr                               0x10000018   Data           4  os_core.o(.data)
    OSEventFreeList                          0x1000001c   Data           4  os_core.o(.data)
    OSIdleCtrMax                             0x10000020   Data           4  os_core.o(.data)
    OSIdleCtrRun                             0x10000024   Data           4  os_core.o(.data)
    OSIdleCtr                                0x10000028   Data           4  os_core.o(.data)
    OSTCBCur                                 0x1000002c   Data           4  os_core.o(.data)
    OSTCBFreeList                            0x10000030   Data           4  os_core.o(.data)
    OSTCBHighRdy                             0x10000034   Data           4  os_core.o(.data)
    OSTCBList                                0x10000038   Data           4  os_core.o(.data)
    OSTime                                   0x1000003c   Data           4  os_core.o(.data)
    OSRdyTbl                                 0x10000040   Data           8  os_core.o(.data)
    OSFlagFreeList                           0x10000048   Data           4  os_core.o(.data)
    OSMemFreeList                            0x1000004c   Data           4  os_core.o(.data)
    OSQFreeList                              0x10000050   Data           4  os_core.o(.data)
    OSTmrFree                                0x10000054   Data           2  os_core.o(.data)
    OSTmrUsed                                0x10000056   Data           2  os_core.o(.data)
    OSTmrTime                                0x10000058   Data           4  os_core.o(.data)
    OSTmrSem                                 0x1000005c   Data           4  os_core.o(.data)
    OSTmrSemSignal                           0x10000060   Data           4  os_core.o(.data)
    OSTmrFreeList                            0x10000064   Data           4  os_core.o(.data)
    UART0TxEmpty                             0x10000068   Data           1  csp_uart.o(.data)
    UART1TxEmpty                             0x10000069   Data           1  csp_uart.o(.data)
    UART0Count                               0x1000006c   Data           4  csp_uart.o(.data)
    UART1Count                               0x10000070   Data           4  csp_uart.o(.data)
    UART0Status                              0x10000074   Data           4  csp_uart.o(.data)
    UART1Status                              0x10000078   Data           4  csp_uart.o(.data)
    interrupt0RxStat                         0x1000007c   Data           4  csp_ssp.o(.data)
    interrupt0OverRunStat                    0x10000080   Data           4  csp_ssp.o(.data)
    interrupt0RxTimeoutStat                  0x10000084   Data           4  csp_ssp.o(.data)
    interrupt1RxStat                         0x10000088   Data           4  csp_ssp.o(.data)
    interrupt1OverRunStat                    0x1000008c   Data           4  csp_ssp.o(.data)
    interrupt1RxTimeoutStat                  0x10000090   Data           4  csp_ssp.o(.data)
    TxAddr                                   0x10000094   Data           5  bsp_nrf905.o(.data)
    TxBuf                                    0x10000099   Data          32  bsp_nrf905.o(.data)
    RxBuf                                    0x100000b9   Data          32  bsp_nrf905.o(.data)
    TxRxConf                                 0x100000d9   Data          11  bsp_nrf905.o(.data)
    OSEventTbl                               0x100000ec   Data         240  os_core.o(.bss)
    OSTaskStatStk                            0x100001dc   Data         512  os_core.o(.bss)
    OSTaskIdleStk                            0x100003dc   Data         512  os_core.o(.bss)
    OSTCBPrioTbl                             0x100005dc   Data         256  os_core.o(.bss)
    OSTCBTbl                                 0x100006dc   Data        1936  os_core.o(.bss)
    OSFlagTbl                                0x10000e6c   Data          80  os_core.o(.bss)
    OSMemTbl                                 0x10000ebc   Data         120  os_core.o(.bss)
    OSQTbl                                   0x10000f34   Data          96  os_core.o(.bss)
    OSTmrTbl                                 0x10000f94   Data         640  os_core.o(.bss)
    OSTmrTaskStk                             0x10001214   Data         512  os_core.o(.bss)
    OSTmrWheelTbl                            0x10001414   Data          64  os_core.o(.bss)
    UART0Buffer                              0x10001454   Data          64  csp_uart.o(.bss)
    UART1Buffer                              0x10001494   Data          64  csp_uart.o(.bss)
    __libspace_start                         0x1000172c   Data          96  libspace.o(.bss)
    __temporary_stack_top$libspace           0x1000178c   Data           0  libspace.o(.bss)



==============================================================================

Memory Map of the image

  Image Entry point : 0x000000cd

  Load Region LR_IROM1 (Base: 0x00000000, Size: 0x00001e50, Max: 0x00010000, ABSOLUTE)

    Execution Region ER_IROM1 (Base: 0x00000000, Size: 0x00001d64, Max: 0x00010000, ABSOLUTE)

    Base Addr    Size         Type   Attr      Idx    E Section Name        Object

    0x00000000   0x000000cc   Data   RO            3    RESET               startup_lpc17xx.o
    0x000000cc   0x00000008   Code   RO         1381  * !!!main             c_w.l(__main.o)
    0x000000d4   0x00000034   Code   RO         1548    !!!scatter          c_w.l(__scatter.o)
    0x00000108   0x0000001a   Code   RO         1550    !!handler_copy      c_w.l(__scatter_copy.o)
    0x00000122   0x00000002   PAD
    0x00000124   0x0000001c   Code   RO         1552    !!handler_zi        c_w.l(__scatter_zi.o)
    0x00000140   0x00000006   Code   RO         1418    .ARM.Collect$$libinit$$00000000  c_w.l(libinit.o)
    0x00000146   0x00000000   Code   RO         1432    .ARM.Collect$$libinit$$00000006  c_w.l(libinit2.o)
    0x00000146   0x00000000   Code   RO         1434    .ARM.Collect$$libinit$$00000008  c_w.l(libinit2.o)
    0x00000146   0x00000000   Code   RO         1436    .ARM.Collect$$libinit$$0000000A  c_w.l(libinit2.o)
    0x00000146   0x00000000   Code   RO         1439    .ARM.Collect$$libinit$$0000000D  c_w.l(libinit2.o)
    0x00000146   0x00000000   Code   RO         1441    .ARM.Collect$$libinit$$0000000F  c_w.l(libinit2.o)
    0x00000146   0x00000000   Code   RO         1443    .ARM.Collect$$libinit$$00000011  c_w.l(libinit2.o)
    0x00000146   0x00000000   Code   RO         1445    .ARM.Collect$$libinit$$00000013  c_w.l(libinit2.o)
    0x00000146   0x00000000   Code   RO         1447    .ARM.Collect$$libinit$$00000015  c_w.l(libinit2.o)
    0x00000146   0x00000000   Code   RO         1449    .ARM.Collect$$libinit$$00000017  c_w.l(libinit2.o)
    0x00000146   0x00000000   Code   RO         1451    .ARM.Collect$$libinit$$00000019  c_w.l(libinit2.o)
    0x00000146   0x00000000   Code   RO         1453    .ARM.Collect$$libinit$$0000001B  c_w.l(libinit2.o)
    0x00000146   0x00000000   Code   RO         1455    .ARM.Collect$$libinit$$0000001D  c_w.l(libinit2.o)
    0x00000146   0x00000000   Code   RO         1457    .ARM.Collect$$libinit$$0000001F  c_w.l(libinit2.o)
    0x00000146   0x00000000   Code   RO         1459    .ARM.Collect$$libinit$$00000021  c_w.l(libinit2.o)
    0x00000146   0x00000000   Code   RO         1463    .ARM.Collect$$libinit$$00000028  c_w.l(libinit2.o)
    0x00000146   0x00000000   Code   RO         1465    .ARM.Collect$$libinit$$0000002A  c_w.l(libinit2.o)
    0x00000146   0x00000000   Code   RO         1467    .ARM.Collect$$libinit$$0000002C  c_w.l(libinit2.o)
    0x00000146   0x00000000   Code   RO         1469    .ARM.Collect$$libinit$$0000002E  c_w.l(libinit2.o)
    0x00000146   0x00000002   Code   RO         1470    .ARM.Collect$$libinit$$0000002F  c_w.l(libinit2.o)
    0x00000148   0x00000002   Code   RO         1506    .ARM.Collect$$libshutdown$$00000000  c_w.l(libshutdown.o)
    0x0000014a   0x00000000   Code   RO         1533    .ARM.Collect$$libshutdown$$00000003  c_w.l(libshutdown2.o)
    0x0000014a   0x00000000   Code   RO         1536    .ARM.Collect$$libshutdown$$00000006  c_w.l(libshutdown2.o)
    0x0000014a   0x00000000   Code   RO         1539    .ARM.Collect$$libshutdown$$00000009  c_w.l(libshutdown2.o)
    0x0000014a   0x00000000   Code   RO         1541    .ARM.Collect$$libshutdown$$0000000B  c_w.l(libshutdown2.o)
    0x0000014a   0x00000000   Code   RO         1544    .ARM.Collect$$libshutdown$$0000000E  c_w.l(libshutdown2.o)
    0x0000014a   0x00000002   Code   RO         1545    .ARM.Collect$$libshutdown$$0000000F  c_w.l(libshutdown2.o)
    0x0000014c   0x00000000   Code   RO         1383    .ARM.Collect$$rtentry$$00000000  c_w.l(rtentry.o)
    0x0000014c   0x00000000   Code   RO         1389    .ARM.Collect$$rtentry$$00000002  c_w.l(rtentry2.o)
    0x0000014c   0x00000006   Code   RO         1401    .ARM.Collect$$rtentry$$00000004  c_w.l(rtentry4.o)
    0x00000152   0x00000000   Code   RO         1391    .ARM.Collect$$rtentry$$00000009  c_w.l(rtentry2.o)
    0x00000152   0x00000004   Code   RO         1392    .ARM.Collect$$rtentry$$0000000A  c_w.l(rtentry2.o)
    0x00000156   0x00000000   Code   RO         1394    .ARM.Collect$$rtentry$$0000000C  c_w.l(rtentry2.o)
    0x00000156   0x00000008   Code   RO         1395    .ARM.Collect$$rtentry$$0000000D  c_w.l(rtentry2.o)
    0x0000015e   0x00000002   Code   RO         1422    .ARM.Collect$$rtexit$$00000000  c_w.l(rtexit.o)
    0x00000160   0x00000000   Code   RO         1476    .ARM.Collect$$rtexit$$00000002  c_w.l(rtexit2.o)
    0x00000160   0x00000004   Code   RO         1477    .ARM.Collect$$rtexit$$00000003  c_w.l(rtexit2.o)
    0x00000164   0x00000006   Code   RO         1478    .ARM.Collect$$rtexit$$00000004  c_w.l(rtexit2.o)
    0x0000016a   0x00000002   PAD
    0x0000016c   0x00000038   Code   RO            5    .text               startup_lpc17xx.o
    0x000001a4   0x000000d0   Code   RO           64    .text               os_cpu_a.o
    0x00000274   0x00000006   Code   RO         1379    .text               c_w.l(heapauxi.o)
    0x0000027a   0x0000004a   Code   RO         1405    .text               c_w.l(sys_stackheap_outer.o)
    0x000002c4   0x0000000c   Code   RO         1407    .text               c_w.l(exit.o)
    0x000002d0   0x00000008   Code   RO         1419    .text               c_w.l(libspace.o)
    0x000002d8   0x0000000c   Code   RO         1473    .text               c_w.l(sys_exit.o)
    0x000002e4   0x00000008   Code   RO         1485    .text               c_w.l(rt_fp_status_addr_intlibspace.o)
    0x000002ec   0x00000002   Code   RO         1495    .text               c_w.l(use_no_semi.o)
    0x000002ee   0x00000000   Code   RO         1497    .text               c_w.l(indicate_semi.o)
    0x000002ee   0x00000004   Code   RO         1209    i.BSP_Init          bsp.o
    0x000002f2   0x0000000a   Code   RO         1253    i.Delay28ns         bsp_nrf905.o
    0x000002fc   0x00000004   Code   RO            4    .ARM.__at_0x02FC    startup_lpc17xx.o
    0x00000300   0x000000ee   Code   RO         1377    .text               c_w.l(lludivv7m.o)
    0x000003ee   0x00000002   PAD
    0x000003f0   0x00000044   Code   RO         1342    i.App_TaskLED1      app.o
    0x00000434   0x00000054   Code   RO         1343    i.App_TaskNRF905    app.o
    0x00000488   0x0000003c   Code   RO         1344    i.App_TaskStart     app.o
    0x000004c4   0x00000024   Code   RO         1210    i.BSP_LED_Init      bsp.o
    0x000004e8   0x00000018   Code   RO         1211    i.BSP_LED_Off       bsp.o
    0x00000500   0x00000018   Code   RO         1212    i.BSP_LED_On        bsp.o
    0x00000518   0x00000014   Code   RO         1021    i.CSP_GPIO_BitClr   csp.o
    0x0000052c   0x00000014   Code   RO         1022    i.CSP_GPIO_BitDir   csp.o
    0x00000540   0x00000014   Code   RO         1023    i.CSP_GPIO_BitSet   csp.o
    0x00000554   0x0000001c   Code   RO         1024    i.CSP_Init          csp.o
    0x00000570   0x00000068   Code   RO         1025    i.CSP_PM_CPU_ClkFreqGet  csp.o
    0x000005d8   0x00000040   Code   RO         1249    i.Config905         bsp_nrf905.o
    0x00000618   0x00000038   Code   RO         1250    i.ConfigGPIO        bsp_nrf905.o
    0x00000650   0x00000020   Code   RO         1254    i.Init905           bsp_nrf905.o
    0x00000670   0x00000024   Code   RO         1127    i.MSpiRead          csp_ssp.o
    0x00000694   0x00000048   Code   RO         1255    i.MSpiTest          bsp_nrf905.o
    0x000006dc   0x0000000c   Code   RO         1129    i.MSpiWrite         csp_ssp.o
    0x000006e8   0x00000018   Code   RO         1074    i.NVIC_EnableIRQ    csp_uart.o
    0x00000700   0x00000018   Code   RO         1130    i.NVIC_EnableIRQ    csp_ssp.o
    0x00000718   0x00000002   Code   RO          216    i.OSDebugInit       os_dbg.o
    0x0000071a   0x00000002   PAD
    0x0000071c   0x00000040   Code   RO          241    i.OSEventNameSet    os_core.o
    0x0000075c   0x000000ec   Code   RO          243    i.OSInit            os_core.o
    0x00000848   0x0000000c   Code   RO           68    i.OSInitHookBegin   os_cpu_c.o
    0x00000854   0x00000002   Code   RO           69    i.OSInitHookEnd     os_cpu_c.o
    0x00000856   0x00000002   PAD
    0x00000858   0x00000058   Code   RO          245    i.OSIntExit         os_core.o
    0x000008b0   0x0000002c   Code   RO          246    i.OSSchedLock       os_core.o
    0x000008dc   0x0000003c   Code   RO          247    i.OSSchedUnlock     os_core.o
    0x00000918   0x00000048   Code   RO          749    i.OSSemCreate       os_sem.o
    0x00000960   0x000000a8   Code   RO          751    i.OSSemPend         os_sem.o
    0x00000a08   0x0000004a   Code   RO          753    i.OSSemPost         os_sem.o
    0x00000a52   0x00000002   PAD
    0x00000a54   0x00000030   Code   RO          248    i.OSStart           os_core.o
    0x00000a84   0x00000002   Code   RO           70    i.OSTCBInitHook     os_cpu_c.o
    0x00000a86   0x00000002   PAD
    0x00000a88   0x00000088   Code   RO          803    i.OSTaskCreate      os_task.o
    0x00000b10   0x0000009c   Code   RO          804    i.OSTaskCreateExt   os_task.o
    0x00000bac   0x00000002   Code   RO           71    i.OSTaskCreateHook  os_cpu_c.o
    0x00000bae   0x00000002   Code   RO           73    i.OSTaskIdleHook    os_cpu_c.o
    0x00000bb0   0x00000054   Code   RO          808    i.OSTaskNameSet     os_task.o
    0x00000c04   0x00000002   Code   RO           75    i.OSTaskStatHook    os_cpu_c.o
    0x00000c06   0x00000002   PAD
    0x00000c08   0x0000006c   Code   RO          813    i.OSTaskStkChk      os_task.o
    0x00000c74   0x00000068   Code   RO           76    i.OSTaskStkInit     os_cpu_c.o
    0x00000cdc   0x00000090   Code   RO          814    i.OSTaskSuspend     os_task.o
    0x00000d6c   0x00000002   Code   RO           77    i.OSTaskSwHook      os_cpu_c.o
    0x00000d6e   0x00000002   PAD
    0x00000d70   0x00000068   Code   RO          898    i.OSTimeDly         os_time.o
    0x00000dd8   0x000000a4   Code   RO          250    i.OSTimeTick        os_core.o
    0x00000e7c   0x0000001c   Code   RO           78    i.OSTimeTickHook    os_cpu_c.o
    0x00000e98   0x0000000c   Code   RO          944    i.OSTmrSignal       os_tmr.o
    0x00000ea4   0x00000128   Code   RO          949    i.OSTmr_Init        os_tmr.o
    0x00000fcc   0x00000048   Code   RO          950    i.OSTmr_Link        os_tmr.o
    0x00001014   0x00000078   Code   RO          951    i.OSTmr_Task        os_tmr.o
    0x0000108c   0x00000040   Code   RO          952    i.OSTmr_Unlink      os_tmr.o
    0x000010cc   0x00000024   Code   RO           79    i.OS_CPU_SysTickHandler  os_cpu_c.o
    0x000010f0   0x00000024   Code   RO           80    i.OS_CPU_SysTickInit  os_cpu_c.o
    0x00001114   0x00000016   Code   RO         1026    i.OS_CSP_TickInit   csp.o
    0x0000112a   0x00000002   PAD
    0x0000112c   0x0000007c   Code   RO          253    i.OS_EventTaskRdy   os_core.o
    0x000011a8   0x00000024   Code   RO          254    i.OS_EventTaskRemove  os_core.o
    0x000011cc   0x00000030   Code   RO          255    i.OS_EventTaskRemoveMulti  os_core.o
    0x000011fc   0x00000054   Code   RO          256    i.OS_EventTaskWait  os_core.o
    0x00001250   0x00000014   Code   RO          258    i.OS_EventWaitListInit  os_core.o
    0x00001264   0x0000004c   Code   RO          455    i.OS_FlagInit       os_flag.o
    0x000012b0   0x00000058   Code   RO          259    i.OS_InitEventList  os_core.o
    0x00001308   0x00000070   Code   RO          260    i.OS_InitTCBList    os_core.o
    0x00001378   0x00000012   Code   RO          261    i.OS_MemClr         os_core.o
    0x0000138a   0x00000002   PAD
    0x0000138c   0x0000004c   Code   RO          587    i.OS_MemInit        os_mem.o
    0x000013d8   0x00000044   Code   RO          686    i.OS_QInit          os_q.o
    0x0000141c   0x00000044   Code   RO          263    i.OS_Sched          os_core.o
    0x00001460   0x00000020   Code   RO          264    i.OS_SchedNew       os_core.o
    0x00001480   0x000000f0   Code   RO          266    i.OS_TCBInit        os_core.o
    0x00001570   0x0000001c   Code   RO          267    i.OS_TaskIdle       os_core.o
    0x0000158c   0x00000058   Code   RO          268    i.OS_TaskStat       os_core.o
    0x000015e4   0x00000038   Code   RO          269    i.OS_TaskStatStkChk  os_core.o
    0x0000161c   0x00000016   Code   RO          816    i.OS_TaskStkClr     os_task.o
    0x00001632   0x00000002   PAD
    0x00001634   0x00000074   Code   RO         1256    i.RxPacket          bsp_nrf905.o
    0x000016a8   0x00000084   Code   RO         1131    i.SSP0Init          csp_ssp.o
    0x0000172c   0x00000040   Code   RO         1132    i.SSP0_IRQHandler   csp_ssp.o
    0x0000176c   0x00000040   Code   RO         1134    i.SSP1_IRQHandler   csp_ssp.o
    0x000017ac   0x0000005c   Code   RO         1136    i.SSPSend           csp_ssp.o
    0x00001808   0x00000034   Code   RO         1258    i.SetRxMode         bsp_nrf905.o
    0x0000183c   0x00000028   Code   RO         1259    i.SetStandbyMode    bsp_nrf905.o
    0x00001864   0x000000dc   Code   RO           24    i.SystemCoreClockUpdate  system_lpc17xx.o
    0x00001940   0x000000c8   Code   RO           25    i.SystemInit        system_lpc17xx.o
    0x00001a08   0x00000070   Code   RO         1075    i.UART0_IRQHandler  csp_uart.o
    0x00001a78   0x00000010   Code   RO         1076    i.UART0_SendByte    csp_uart.o
    0x00001a88   0x00000070   Code   RO         1077    i.UART1_IRQHandler  csp_uart.o
    0x00001af8   0x000000e0   Code   RO         1078    i.UARTInit          csp_uart.o
    0x00001bd8   0x0000003c   Code   RO         1345    i.main              app.o
    0x00001c14   0x0000000e   Code   RO         1471    x$fpl$fpinit        fz_ws.l(fpinit.o)
    0x00001c22   0x00000100   Data   RO          277    .constdata          os_core.o
    0x00001d22   0x00000002   PAD
    0x00001d24   0x00000010   Data   RO         1027    .constdata          csp.o
    0x00001d34   0x00000008   Data   RO         1138    .constdata          csp_ssp.o
    0x00001d3c   0x00000008   Data   RO         1213    .constdata          bsp.o
    0x00001d44   0x00000020   Data   RO         1546    Region$$Table       anon$$obj.o


    Execution Region RW_IRAM1 (Base: 0x10000000, Size: 0x00001990, Max: 0x00004000, ABSOLUTE)

    Base Addr    Size         Type   Attr      Idx    E Section Name        Object

    0x10000000   0x00000004   Data   RW           26    .data               system_lpc17xx.o
    0x10000004   0x00000004   Data   RW           81    .data               os_cpu_c.o
    0x10000008   0x00000002   Data   RW           82    .data               os_cpu_c.o
    0x1000000a   0x00000002   PAD
    0x1000000c   0x0000003c   Data   RW          278    .data               os_core.o
    0x10000048   0x00000004   Data   RW          279    .data               os_core.o
    0x1000004c   0x00000004   Data   RW          280    .data               os_core.o
    0x10000050   0x00000004   Data   RW          281    .data               os_core.o
    0x10000054   0x00000002   Data   RW          282    .data               os_core.o
    0x10000056   0x00000002   Data   RW          283    .data               os_core.o
    0x10000058   0x00000004   Data   RW          284    .data               os_core.o
    0x1000005c   0x00000004   Data   RW          285    .data               os_core.o
    0x10000060   0x00000004   Data   RW          286    .data               os_core.o
    0x10000064   0x00000004   Data   RW          287    .data               os_core.o
    0x10000068   0x00000014   Data   RW         1081    .data               csp_uart.o
    0x1000007c   0x00000018   Data   RW         1139    .data               csp_ssp.o
    0x10000094   0x00000050   Data   RW         1262    .data               bsp_nrf905.o
    0x100000e4   0x00000008   Data   RW         1347    .data               app.o
    0x100000ec   0x00000d80   Zero   RW          270    .bss                os_core.o
    0x10000e6c   0x00000050   Zero   RW          271    .bss                os_core.o
    0x10000ebc   0x00000078   Zero   RW          272    .bss                os_core.o
    0x10000f34   0x00000060   Zero   RW          273    .bss                os_core.o
    0x10000f94   0x00000280   Zero   RW          274    .bss                os_core.o
    0x10001214   0x00000200   Zero   RW          275    .bss                os_core.o
    0x10001414   0x00000040   Zero   RW          276    .bss                os_core.o
    0x10001454   0x00000080   Zero   RW         1080    .bss                csp_uart.o
    0x100014d4   0x00000258   Zero   RW         1346    .bss                app.o
    0x1000172c   0x00000060   Zero   RW         1420    .bss                c_w.l(libspace.o)
    0x1000178c   0x00000004   PAD
    0x10001790   0x00000000   Zero   RW            2    HEAP                startup_lpc17xx.o
    0x10001790   0x00000200   Zero   RW            1    STACK               startup_lpc17xx.o


==============================================================================

Image component sizes


      Code (inc. data)   RO Data    RW Data    ZI Data      Debug   Object Name

       272         40          0          8        600       2271   app.o
        88         14          8          0          0       1976   bsp.o
       442         56          0         80          0       4138   bsp_nrf905.o
         0          0          0          0          0       4164   core_cm3.o
       214         30         16          0          0       6499   csp.o
       424         50          8         24          0       5096   csp_ssp.o
       488         52          0         20        128      18903   csp_uart.o
      1746        192        256         92       4968      20855   os_core.o
       208         38          0          0          0        280   os_cpu_a.o
       228         18          0          6          0      31496   os_cpu_c.o
         2          0          0          0          0       9766   os_dbg.o
        76         14          0          0          0        534   os_flag.o
        76         14          0          0          0        485   os_mem.o
        68         10          0          0          0        555   os_q.o
       314         26          0          0          0       2138   os_sem.o
       650         62          0          0          0       4828   os_task.o
       104         20          0          0          0        560   os_time.o
       564        132          0          0          0       3291   os_tmr.o
        60         26        204          0        512        856   startup_lpc17xx.o
       420         38          0          4          0       1235   system_lpc17xx.o

    ----------------------------------------------------------------------
      6462        832        526        236       6208     119926   Object Totals
         0          0         32          0          0          0   (incl. Generated)
        18          0          2          2          0          0   (incl. Padding)

    ----------------------------------------------------------------------

      Code (inc. data)   RO Data    RW Data    ZI Data      Debug   Library Member Name

         8          0          0          0          0         68   __main.o
        52          8          0          0          0          0   __scatter.o
        26          0          0          0          0          0   __scatter_copy.o
        28          0          0          0          0          0   __scatter_zi.o
        12          0          0          0          0         72   exit.o
         6          0          0          0          0        152   heapauxi.o
         0          0          0          0          0          0   indicate_semi.o
         6          0          0          0          0          0   libinit.o
         2          0          0          0          0          0   libinit2.o
         2          0          0          0          0          0   libshutdown.o
         2          0          0          0          0          0   libshutdown2.o
         8          4          0          0         96         68   libspace.o
       238          0          0          0          0        100   lludivv7m.o
         8          4          0          0          0         68   rt_fp_status_addr_intlibspace.o
         0          0          0          0          0          0   rtentry.o
        12          0          0          0          0          0   rtentry2.o
         6          0          0          0          0          0   rtentry4.o
         2          0          0          0          0          0   rtexit.o
        10          0          0          0          0          0   rtexit2.o
        12          4          0          0          0         68   sys_exit.o
        74          0          0          0          0         80   sys_stackheap_outer.o
         2          0          0          0          0         68   use_no_semi.o
        14          0          0          0          0         76   fpinit.o

    ----------------------------------------------------------------------
       536         20          0          0        100        820   Library Totals
         6          0          0          0          4          0   (incl. Padding)

    ----------------------------------------------------------------------

      Code (inc. data)   RO Data    RW Data    ZI Data      Debug   Library Name

       516         20          0          0         96        744   c_w.l
        14          0          0          0          0         76   fz_ws.l

    ----------------------------------------------------------------------
       536         20          0          0        100        820   Library Totals

    ----------------------------------------------------------------------

==============================================================================


      Code (inc. data)   RO Data    RW Data    ZI Data      Debug   

      6998        852        526        236       6308     116014   Grand Totals
      6998        852        526        236       6308     116014   ELF Image Totals
      6998        852        526        236          0          0   ROM Totals

==============================================================================

    Total RO  Size (Code + RO Data)                 7524 (   7.35kB)
    Total RW  Size (RW Data + ZI Data)              6544 (   6.39kB)
    Total ROM Size (Code + RO Data + RW Data)       7760 (   7.58kB)

==============================================================================

