ARM Linker, 4.1 [Build 791] [Standard]

==============================================================================

Section Cross References

    startup_lpc17xx.o(STACK) refers (Special) to heapauxi.o(.text) for __use_two_region_memory
    startup_lpc17xx.o(HEAP) refers (Special) to heapauxi.o(.text) for __use_two_region_memory
    startup_lpc17xx.o(RESET) refers (Special) to heapauxi.o(.text) for __use_two_region_memory
    startup_lpc17xx.o(RESET) refers to startup_lpc17xx.o(STACK) for __initial_sp
    startup_lpc17xx.o(RESET) refers to startup_lpc17xx.o(.text) for Reset_Handler
    startup_lpc17xx.o(RESET) refers to os_cpu_a.o(.text) for OS_CPU_PendSVHandler
    startup_lpc17xx.o(RESET) refers to os_cpu_c.o(i.OS_CPU_SysTickHandler) for OS_CPU_SysTickHandler
    startup_lpc17xx.o(RESET) refers to csp_uart.o(i.UART0_IRQHandler) for UART0_IRQHandler
    startup_lpc17xx.o(RESET) refers to csp_uart.o(i.UART1_IRQHandler) for UART1_IRQHandler
    startup_lpc17xx.o(RESET) refers to csp_ssp.o(i.SSP0_IRQHandler) for SSP0_IRQHandler
    startup_lpc17xx.o(RESET) refers to csp_ssp.o(i.SSP1_IRQHandler) for SSP1_IRQHandler
    startup_lpc17xx.o(.ARM.__at_0x02FC) refers (Special) to heapauxi.o(.text) for __use_two_region_memory
    startup_lpc17xx.o(.text) refers (Special) to heapauxi.o(.text) for __use_two_region_memory
    startup_lpc17xx.o(.text) refers to system_lpc17xx.o(i.SystemInit) for SystemInit
    startup_lpc17xx.o(.text) refers to __main.o(!!!main) for __main
    startup_lpc17xx.o(.text) refers to startup_lpc17xx.o(HEAP) for Heap_Mem
    startup_lpc17xx.o(.text) refers to startup_lpc17xx.o(STACK) for Stack_Mem
    system_lpc17xx.o(i.SystemCoreClockUpdate) refers to lludivv7m.o(.text) for __aeabi_uldivmod
    system_lpc17xx.o(i.SystemCoreClockUpdate) refers to system_lpc17xx.o(.data) for .data
    os_cpu_a.o(.text) refers (Special) to os_core.o(i.OSIntExit) for OSIntExit
    os_cpu_a.o(.text) refers to os_cpu_c.o(.data) for OsEnterSum
    os_cpu_a.o(.text) refers to os_core.o(.data) for OSRunning
    os_cpu_a.o(.text) refers to os_cpu_c.o(i.OSTaskSwHook) for OSTaskSwHook
    os_cpu_c.o(i.OS_CPU_SysTickHandler) refers to os_cpu_a.o(.text) for OS_ENTER_CRITICAL
    os_cpu_c.o(i.OS_CPU_SysTickHandler) refers to os_core.o(i.OSTimeTick) for OSTimeTick
    os_cpu_c.o(i.OS_CPU_SysTickHandler) refers to os_core.o(i.OSIntExit) for OSIntExit
    os_cpu_c.o(i.OS_CPU_SysTickHandler) refers to os_core.o(.data) for OSIntNesting
    os_core.o(i.OSEventNameGet) refers to os_cpu_a.o(.text) for OS_ENTER_CRITICAL
    os_core.o(i.OSEventNameGet) refers to strcpy.o(.text) for strcpy
    os_core.o(i.OSEventNameGet) refers to strlen.o(.text) for strlen
    os_core.o(i.OSEventNameSet) refers to os_cpu_a.o(.text) for OS_ENTER_CRITICAL
    os_core.o(i.OSEventNameSet) refers to strlen.o(.text) for strlen
    os_core.o(i.OSEventNameSet) refers to strcpy.o(.text) for strcpy
    os_core.o(i.OSInit) refers to os_cpu_c.o(i.OSInitHookBegin) for OSInitHookBegin
    os_core.o(i.OSInit) refers to os_core.o(i.OS_InitTCBList) for OS_InitTCBList
    os_core.o(i.OSInit) refers to rt_memclr_w.o(.text) for __aeabi_memclr4
    os_core.o(i.OSInit) refers to os_flag.o(i.OS_FlagInit) for OS_FlagInit
    os_core.o(i.OSInit) refers to os_mem.o(i.OS_MemInit) for OS_MemInit
    os_core.o(i.OSInit) refers to os_q.o(i.OS_QInit) for OS_QInit
    os_core.o(i.OSInit) refers to os_task.o(i.OSTaskCreateExt) for OSTaskCreateExt
    os_core.o(i.OSInit) refers to os_cpu_c.o(i.OSInitHookEnd) for OSInitHookEnd
    os_core.o(i.OSInit) refers to os_core.o(.data) for .data
    os_core.o(i.OSInit) refers to os_core.o(.bss) for .bss
    os_core.o(i.OSInit) refers to os_core.o(i.OS_TaskIdle) for OS_TaskIdle
    os_core.o(i.OSInit) refers to os_core.o(i.OS_TaskStat) for OS_TaskStat
    os_core.o(i.OSIntEnter) refers to os_core.o(.data) for .data
    os_core.o(i.OSIntExit) refers to os_cpu_a.o(.text) for OS_ENTER_CRITICAL
    os_core.o(i.OSIntExit) refers to os_core.o(.data) for .data
    os_core.o(i.OSIntExit) refers to os_core.o(.constdata) for .constdata
    os_core.o(i.OSIntExit) refers to os_core.o(.bss) for .bss
    os_core.o(i.OSSchedLock) refers to os_cpu_a.o(.text) for OS_ENTER_CRITICAL
    os_core.o(i.OSSchedLock) refers to os_core.o(.data) for .data
    os_core.o(i.OSSchedUnlock) refers to os_cpu_a.o(.text) for OS_ENTER_CRITICAL
    os_core.o(i.OSSchedUnlock) refers to os_core.o(i.OS_Sched) for OS_Sched
    os_core.o(i.OSSchedUnlock) refers to os_core.o(.data) for .data
    os_core.o(i.OSStart) refers to os_cpu_a.o(.text) for OSStartHighRdy
    os_core.o(i.OSStart) refers to os_core.o(.data) for .data
    os_core.o(i.OSStart) refers to os_core.o(.constdata) for .constdata
    os_core.o(i.OSStart) refers to os_core.o(.bss) for .bss
    os_core.o(i.OSStatInit) refers to os_time.o(i.OSTimeDly) for OSTimeDly
    os_core.o(i.OSStatInit) refers to os_cpu_a.o(.text) for OS_ENTER_CRITICAL
    os_core.o(i.OSStatInit) refers to os_core.o(.data) for .data
[...]
    app.o(i.App_TaskStart) refers to bsp.o(i.BSP_Init) for BSP_Init
    app.o(i.App_TaskStart) refers to os_task.o(i.OSTaskCreate) for OSTaskCreate
    app.o(i.App_TaskStart) refers to os_time.o(i.OSTimeDly) for OSTimeDly
    app.o(i.App_TaskStart) refers to app.o(.bss) for .bss
    app.o(i.App_TaskStart) refers to app.o(i.App_TaskNRF905) for App_TaskNRF905
    app.o(i.App_TaskStart) refers to app.o(i.App_TaskLED1) for App_TaskLED1
    app.o(i.main) refers to os_cpu_a.o(.text) for CPU_IntDis
    app.o(i.main) refers to os_core.o(i.OSInit) for OSInit
    app.o(i.main) refers to os_sem.o(i.OSSemCreate) for OSSemCreate
    app.o(i.main) refers to os_task.o(i.OSTaskCreate) for OSTaskCreate
    app.o(i.main) refers to os_core.o(i.OSStart) for OSStart
    app.o(i.main) refers to app.o(.data) for .data
    app.o(i.main) refers to app.o(.bss) for .bss
    app.o(i.main) refers to app.o(i.App_TaskStart) for App_TaskStart
    __main.o(!!!main) refers to rtentry.o(.ARM.Collect$$rtentry$$00000000) for __rt_entry
    rtentry.o(.ARM.Collect$$rtentry$$00000000) refers (Special) to rtentry2.o(.ARM.Collect$$rtentry$$0000000A) for __rt_entry_li
    rtentry.o(.ARM.Collect$$rtentry$$00000000) refers (Special) to rtentry2.o(.ARM.Collect$$rtentry$$0000000D) for __rt_entry_main
    rtentry.o(.ARM.Collect$$rtentry$$00000000) refers (Special) to rtentry2.o(.ARM.Collect$$rtentry$$0000000C) for __rt_entry_postli_1
    rtentry.o(.ARM.Collect$$rtentry$$00000000) refers (Special) to rtentry2.o(.ARM.Collect$$rtentry$$00000009) for __rt_entry_postsh_1
    rtentry.o(.ARM.Collect$$rtentry$$00000000) refers (Special) to rtentry2.o(.ARM.Collect$$rtentry$$00000002) for __rt_entry_presh_1
    rtentry.o(.ARM.Collect$$rtentry$$00000000) refers (Special) to rtentry4.o(.ARM.Collect$$rtentry$$00000004) for __rt_entry_sh
    aeabi_ldiv0_sigfpe.o(.text) refers to rt_div0.o(.text) for __rt_div0
    rtentry2.o(.ARM.Collect$$rtentry$$00000008) refers to boardinit2.o(.text) for _platform_post_stackheap_init
    rtentry2.o(.ARM.Collect$$rtentry$$0000000A) refers to libinit.o(.ARM.Collect$$libinit$$00000000) for __rt_lib_init
    rtentry2.o(.ARM.Collect$$rtentry$$0000000B) refers to boardinit3.o(.text) for _platform_post_lib_init
    rtentry2.o(.ARM.Collect$$rtentry$$0000000D) refers to app.o(i.main) for main
    rtentry2.o(.ARM.Collect$$rtentry$$0000000D) refers to exit.o(.text) for exit
    rtentry2.o(.ARM.exidx) refers to rtentry2.o(.ARM.Collect$$rtentry$$00000001) for .ARM.Collect$$rtentry$$00000001
    rtentry2.o(.ARM.exidx) refers to rtentry2.o(.ARM.Collect$$rtentry$$00000008) for .ARM.Collect$$rtentry$$00000008
    rtentry2.o(.ARM.exidx) refers to rtentry2.o(.ARM.Collect$$rtentry$$0000000A) for .ARM.Collect$$rtentry$$0000000A
    rtentry2.o(.ARM.exidx) refers to rtentry2.o(.ARM.Collect$$rtentry$$0000000B) for .ARM.Collect$$rtentry$$0000000B
    rtentry2.o(.ARM.exidx) refers to rtentry2.o(.ARM.Collect$$rtentry$$0000000D) for .ARM.Collect$$rtentry$$0000000D
    rtentry4.o(.ARM.Collect$$rtentry$$00000004) refers to sys_stackheap_outer.o(.text) for __user_setup_stackheap
    rtentry4.o(.ARM.exidx) refers to rtentry4.o(.ARM.Collect$$rtentry$$00000004) for .ARM.Collect$$rtentry$$00000004
    rt_div0.o(.text) refers to defsig_fpe_outer.o(.text) for __rt_SIGFPE
    sys_stackheap_outer.o(.text) refers to libspace.o(.text) for __user_perproc_libspace
    sys_stackheap_outer.o(.text) refers to startup_lpc17xx.o(.text) for __user_initial_stackheap
    exit.o(.text) refers to rtexit.o(.ARM.Collect$$rtexit$$00000000) for __rt_exit
    defsig_fpe_outer.o(.text) refers to defsig_fpe_inner.o(.text) for __rt_SIGFPE_inner
    defsig_fpe_outer.o(.text) refers to defsig_exit.o(.text) for __sig_exit
    defsig_fpe_formal.o(.text) refers to rt_raise.o(.text) for __rt_raise
    libinit.o(.ARM.Collect$$libinit$$00000000) refers (Special) to libinit2.o(.ARM.Collect$$libinit$$0000002A) for __rt_lib_init_alloca_1
    libinit.o(.ARM.Collect$$libinit$$00000000) refers (Special) to libinit2.o(.ARM.Collect$$libinit$$00000028) for __rt_lib_init_argv_1
    libinit.o(.ARM.Collect$$libinit$$00000000) refers (Special) to libinit2.o(.ARM.Collect$$libinit$$00000017) for __rt_lib_init_atexit_1
    libinit.o(.ARM.Collect$$libinit$$00000000) refers (Special) to libinit2.o(.ARM.Collect$$libinit$$0000001D) for __rt_lib_init_clock_1
    libinit.o(.ARM.Collect$$libinit$$00000000) refers (Special) to libinit2.o(.ARM.Collect$$libinit$$0000002E) for __rt_lib_init_cpp_1
    libinit.o(.ARM.Collect$$libinit$$00000000) refers (Special) to libinit2.o(.ARM.Collect$$libinit$$0000002C) for __rt_lib_init_exceptions_1
    libinit.o(.ARM.Collect$$libinit$$00000000) refers (Special) to libinit2.o(.ARM.Collect$$libinit$$0000001B) for __rt_lib_init_fp_trap_1
    libinit.o(.ARM.Collect$$libinit$$00000000) refers (Special) to libinit2.o(.ARM.Collect$$libinit$$0000001F) for __rt_lib_init_getenv_1
    libinit.o(.ARM.Collect$$libinit$$00000000) refers (Special) to libinit2.o(.ARM.Collect$$libinit$$00000006) for __rt_lib_init_heap_1
    libinit.o(.ARM.Collect$$libinit$$00000000) refers (Special) to libinit2.o(.ARM.Collect$$libinit$$0000000D) for __rt_lib_init_lc_collate_1
    libinit.o(.ARM.Collect$$libinit$$00000000) refers (Special) to libinit2.o(.ARM.Collect$$libinit$$0000000F) for __rt_lib_init_lc_ctype_1
    libinit.o(.ARM.Collect$$libinit$$00000000) refers (Special) to libinit2.o(.ARM.Collect$$libinit$$00000011) for __rt_lib_init_lc_monetary_1
    libinit.o(.ARM.Collect$$libinit$$00000000) refers (Special) to libinit2.o(.ARM.Collect$$libinit$$00000013) for __rt_lib_init_lc_numeric_1
    libinit.o(.ARM.Collect$$libinit$$00000000) refers (Special) to libinit2.o(.ARM.Collect$$libinit$$00000015) for __rt_lib_init_lc_time_1
    libinit.o(.ARM.Collect$$libinit$$00000000) refers (Special) to libinit2.o(.ARM.Collect$$libinit$$0000000A) for __rt_lib_init_rand_1
    libinit.o(.ARM.Collect$$libinit$$00000000) refers (Special) to libinit2.o(.ARM.Collect$$libinit$$0000002F) for __rt_lib_init_return
    libinit.o(.ARM.Collect$$libinit$$00000000) refers (Special) to libinit2.o(.ARM.Collect$$libinit$$00000019) for __rt_lib_init_signal_1
    libinit.o(.ARM.Collect$$libinit$$00000000) refers (Special) to libinit2.o(.ARM.Collect$$libinit$$00000021) for __rt_lib_init_stdio_1
    libinit.o(.ARM.Collect$$libinit$$00000000) refers (Special) to libinit2.o(.ARM.Collect$$libinit$$00000008) for __rt_lib_init_user_alloc_1
    libinit.o(.ARM.Collect$$libinit$$00000000) refers to fpinit.o(x$fpl$fpinit) for _fp_init
    libspace.o(.text) refers to libspace.o(.bss) for __libspace_start
    rtexit.o(.ARM.Collect$$rtexit$$00000000) refers (Special) to rtexit2.o(.ARM.Collect$$rtexit$$00000004) for __rt_exit_exit
    rtexit.o(.ARM.Collect$$rtexit$$00000000) refers (Special) to rtexit2.o(.ARM.Collect$$rtexit$$00000003) for __rt_exit_ls
    rtexit.o(.ARM.Collect$$rtexit$$00000000) refers (Special) to rtexit2.o(.ARM.Collect$$rtexit$$00000002) for __rt_exit_prels_1
    rtexit.o(.ARM.exidx) refers (Special) to rtexit2.o(.ARM.Collect$$rtexit$$00000004) for __rt_exit_exit
    rtexit.o(.ARM.exidx) refers (Special) to rtexit2.o(.ARM.Collect$$rtexit$$00000003) for __rt_exit_ls
    rtexit.o(.ARM.exidx) refers (Special) to rtexit2.o(.ARM.Collect$$rtexit$$00000002) for __rt_exit_prels_1
    rtexit.o(.ARM.exidx) refers to rtexit.o(.ARM.Collect$$rtexit$$00000000) for .ARM.Collect$$rtexit$$00000000
    rt_raise.o(.text) refers to __raise.o(.text) for __raise
    rt_raise.o(.text) refers to sys_exit.o(.text) for _sys_exit
    defsig_exit.o(.text) refers to sys_exit.o(.text) for _sys_exit
    defsig_fpe_inner.o(.text) refers to defsig_general.o(.text) for __default_signal_display
    libinit2.o(.ARM.Collect$$libinit$$0000000C) refers to libinit2.o(.ARM.Collect$$libinit$$0000000B) for .ARM.Collect$$libinit$$0000000B
    libinit2.o(.ARM.Collect$$libinit$$0000000E) refers to libinit2.o(.ARM.Collect$$libinit$$0000000B) for .ARM.Collect$$libinit$$0000000B
    libinit2.o(.ARM.Collect$$libinit$$00000010) refers to libinit2.o(.ARM.Collect$$libinit$$0000000B) for .ARM.Collect$$libinit$$0000000B
    libinit2.o(.ARM.Collect$$libinit$$00000012) refers to libinit2.o(.ARM.Collect$$libinit$$0000000B) for .ARM.Collect$$libinit$$0000000B
    libinit2.o(.ARM.Collect$$libinit$$00000014) refers to libinit2.o(.ARM.Collect$$libinit$$0000000B) for .ARM.Collect$$libinit$$0000000B
    libinit2.o(.ARM.Collect$$libinit$$00000022) refers to argv_veneer.o(.emb_text) for __ARM_argv_veneer
    libinit2.o(.ARM.Collect$$libinit$$00000023) refers to argv_veneer.o(.emb_text) for __ARM_argv_veneer
    fpinit.o(x$fpl$fpinit) refers to rt_fp_status_addr_intlibspace.o(.text) for __rt_fp_status_addr
    sys_exit.o(.text) refers (Special) to use_no_semi.o(.text) for __I$use$semihosting
    sys_exit.o(.text) refers (Special) to indicate_semi.o(.text) for __semihosting_library_function
    rtexit2.o(.ARM.Collect$$rtexit$$00000003) refers to libshutdown.o(.ARM.Collect$$libshutdown$$00000000) for __rt_lib_shutdown
    rtexit2.o(.ARM.Collect$$rtexit$$00000004) refers to sys_exit.o(.text) for _sys_exit
    rtexit2.o(.ARM.exidx) refers to rtexit2.o(.ARM.Collect$$rtexit$$00000001) for .ARM.Collect$$rtexit$$00000001
    rtexit2.o(.ARM.exidx) refers to rtexit2.o(.ARM.Collect$$rtexit$$00000003) for .ARM.Collect$$rtexit$$00000003
    rtexit2.o(.ARM.exidx) refers to rtexit2.o(.ARM.Collect$$rtexit$$00000004) for .ARM.Collect$$rtexit$$00000004
    rt_fp_status_addr.o(.text) refers to rt_fp_status_addr.o(.bss) for __rt_fp_status_addr_data
    rt_fp_status_addr_intlibspace.o(.text) refers to libspace.o(.bss) for __libspace_start
    __raise.o(.text) refers to defsig.o(CL$$defsig) for __default_signal_handler
    defsig_general.o(.text) refers to sys_wrch.o(.text) for _ttywrch
    argv_veneer.o(.emb_text) refers to no_argv.o(.text) for __ARM_get_argv
    sys_wrch.o(.text) refers (Special) to use_no_semi.o(.text) for __I$use$semihosting
    sys_wrch.o(.text) refers (Special) to indicate_semi.o(.text) for __semihosting_library_function
    defsig.o(CL$$defsig) refers to defsig_fpe_inner.o(.text) for __rt_SIGFPE_inner
    defsig.o(CL$$defsig) refers to defsig_rtmem_inner.o(.text) for __rt_SIGRTMEM_inner
    _get_argv_nomalloc.o(.text) refers (Special) to hrguard.o(.text) for __heap_region$guard
    _get_argv_nomalloc.o(.text) refers to defsig_rtmem_outer.o(.text) for __rt_SIGRTMEM
    _get_argv_nomalloc.o(.text) refers to sys_command.o(.text) for _sys_command_string
    libshutdown.o(.ARM.Collect$$libshutdown$$00000000) refers (Special) to libshutdown2.o(.ARM.Collect$$libshutdown$$00000006) for __rt_lib_shutdown_fp_trap_1
    libshutdown.o(.ARM.Collect$$libshutdown$$00000000) refers (Special) to libshutdown2.o(.ARM.Collect$$libshutdown$$0000000E) for __rt_lib_shutdown_heap_1
    libshutdown.o(.ARM.Collect$$libshutdown$$00000000) refers (Special) to libshutdown2.o(.ARM.Collect$$libshutdown$$0000000F) for __rt_lib_shutdown_return
    libshutdown.o(.ARM.Collect$$libshutdown$$00000000) refers (Special) to libshutdown2.o(.ARM.Collect$$libshutdown$$00000009) for __rt_lib_shutdown_signal_1
    libshutdown.o(.ARM.Collect$$libshutdown$$00000000) refers (Special) to libshutdown2.o(.ARM.Collect$$libshutdown$$00000003) for __rt_lib_shutdown_stdio_1
    libshutdown.o(.ARM.Collect$$libshutdown$$00000000) refers (Special) to libshutdown2.o(.ARM.Collect$$libshutdown$$0000000B) for __rt_lib_shutdown_user_alloc_1
    sys_command.o(.text) refers (Special) to use_no_semi.o(.text) for __I$use$semihosting
    sys_command.o(.text) refers (Special) to indicate_semi.o(.text) for __semihosting_library_function
    defsig_abrt_inner.o(.text) refers to defsig_general.o(.text) for __default_signal_display
    defsig_rtred_inner.o(.text) refers to defsig_general.o(.text) for __default_signal_display
    defsig_rtmem_inner.o(.text) refers to defsig_general.o(.text) for __default_signal_display
    defsig_rtmem_outer.o(.text) refers to defsig_rtmem_inner.o(.text) for __rt_SIGRTMEM_inner
    defsig_rtmem_outer.o(.text) refers to defsig_exit.o(.text) for __sig_exit
    defsig_rtmem_formal.o(.text) refers to rt_raise.o(.text) for __rt_raise
    defsig_stak_inner.o(.text) refers to defsig_general.o(.text) for __default_signal_display
    defsig_pvfn_inner.o(.text) refers to defsig_general.o(.text) for __default_signal_display
    defsig_cppl_inner.o(.text) refers to defsig_general.o(.text) for __default_signal_display
    defsig_segv_inner.o(.text) refers to defsig_general.o(.text) for __default_signal_display
    defsig_other.o(.text) refers to defsig_general.o(.text) for __default_signal_display


==============================================================================

Removing Unused input sections from the image.

    Removing system_lpc17xx.o(.emb_text), (8 bytes).
    Removing os_cpu_c.o(.emb_text), (8 bytes).
    Removing os_cpu_c.o(i.OSTaskDelHook), (2 bytes).
    Removing os_cpu_c.o(i.OSTaskReturnHook), (2 bytes).
    Removing os_debug.o(.constdata), (2 bytes).
    Removing os_debug.o(.constdata), (4 bytes).
    Removing os_debug.o(.constdata), (2 bytes).
    Removing os_debug.o(.constdata), (2 bytes).
    Removing os_debug.o(.constdata), (2 bytes).
    Removing os_debug.o(.constdata), (2 bytes).
    Removing os_debug.o(.constdata), (2 bytes).
    Removing os_debug.o(.constdata), (2 bytes).
    Removing os_debug.o(.constdata), (2 bytes).
    Removing os_debug.o(.constdata), (2 bytes).
    Removing os_debug.o(.constdata), (2 bytes).
    Removing os_debug.o(.constdata), (2 bytes).
    Removing os_debug.o(.constdata), (2 bytes).
    Removing os_debug.o(.constdata), (2 bytes).
    Removing os_debug.o(.constdata), (2 bytes).
    Removing os_debug.o(.constdata), (2 bytes).
    Removing os_debug.o(.constdata), (2 bytes).
    Removing os_debug.o(.constdata), (2 bytes).
    Removing os_debug.o(.constdata), (2 bytes).
    Removing os_debug.o(.constdata), (2 bytes).
    Removing os_debug.o(.constdata), (2 bytes).
    Removing os_debug.o(.constdata), (2 bytes).
    Removing os_debug.o(.constdata), (2 bytes).
    Removing os_debug.o(.constdata), (2 bytes).
    Removing os_debug.o(.constdata), (2 bytes).
    Removing os_debug.o(.constdata), (2 bytes).
    Removing os_debug.o(.constdata), (2 bytes).
    Removing os_debug.o(.constdata), (2 bytes).
    Removing os_debug.o(.constdata), (2 bytes).
    Removing os_debug.o(.constdata), (2 bytes).
    Removing os_debug.o(.constdata), (2 bytes).
    Removing os_debug.o(.constdata), (2 bytes).
    Removing os_debug.o(.constdata), (2 bytes).
    Removing os_debug.o(.constdata), (2 bytes).
    Removing os_debug.o(.constdata), (2 bytes).
    Removing os_debug.o(.constdata), (2 bytes).
    Removing os_debug.o(.constdata), (2 bytes).
    Removing os_debug.o(.constdata), (2 bytes).
    Removing os_debug.o(.constdata), (2 bytes).
    Removing os_debug.o(.constdata), (2 bytes).
    Removing os_debug.o(.constdata), (2 bytes).
    Removing os_debug.o(.constdata), (2 bytes).
    Removing os_debug.o(.constdata), (2 bytes).
    Removing os_debug.o(.constdata), (2 bytes).
    Removing os_core.o(.emb_text), (8 bytes).
    Removing os_core.o(i.OSEventNameGet), (92 bytes).
    Removing os_core.o(i.OSEventNameSet), (98 bytes).
    Removing os_core.o(i.OSIntEnter), (24 bytes).
    Removing os_core.o(i.OSSchedLock), (40 bytes).
    Removing os_core.o(i.OSSchedUnlock), (60 bytes).
    Removing os_core.o(i.OSStatInit), (56 bytes).
    Removing os_core.o(i.OSVersion), (6 bytes).
    Removing os_core.o(i.OS_Dummy), (2 bytes).
    Removing os_flag.o(.emb_text), (8 bytes).
    Removing os_flag.o(i.OSFlagAccept), (172 bytes).
    Removing os_flag.o(i.OSFlagCreate), (84 bytes).
    Removing os_flag.o(i.OSFlagDel), (200 bytes).
    Removing os_flag.o(i.OSFlagNameGet), (80 bytes).
    Removing os_flag.o(i.OSFlagNameSet), (86 bytes).
    Removing os_flag.o(i.OSFlagPend), (312 bytes).
    Removing os_flag.o(i.OSFlagPendGetFlagsRdy), (24 bytes).
    Removing os_flag.o(i.OSFlagPost), (182 bytes).
    Removing os_flag.o(i.OSFlagQuery), (44 bytes).
    Removing os_flag.o(i.OS_FlagBlock), (96 bytes).
    Removing os_flag.o(i.OS_FlagTaskRdy), (84 bytes).
    Removing os_flag.o(i.OS_FlagUnlink), (32 bytes).
    Removing os_mbox.o(.emb_text), (8 bytes).
    Removing os_mbox.o(i.OSMboxAccept), (34 bytes).
    Removing os_mbox.o(i.OSMboxCreate), (72 bytes).
    Removing os_mbox.o(i.OSMboxDel), (196 bytes).
    Removing os_mbox.o(i.OSMboxPend), (140 bytes).
    Removing os_mbox.o(i.OSMboxPost), (78 bytes).
    Removing os_mbox.o(i.OSMboxPostOpt), (102 bytes).
    Removing os_mbox.o(i.OSMboxQuery), (74 bytes).
    Removing os_mem.o(.emb_text), (8 bytes).
    Removing os_mem.o(i.OSMemCreate), (116 bytes).
    Removing os_mem.o(i.OSMemGet), (56 bytes).
    Removing os_mem.o(i.OSMemNameGet), (66 bytes).
    Removing os_mem.o(i.OSMemNameSet), (72 bytes).
    Removing os_mem.o(i.OSMemPut), (58 bytes).
    Removing os_mem.o(i.OSMemQuery), (58 bytes).
    Removing os_mutex.o(.emb_text), (8 bytes).
    Removing os_mutex.o(i.OSMutexAccept), (104 bytes).
    Removing os_mutex.o(i.OSMutexCreate), (144 bytes).
    Removing os_mutex.o(i.OSMutexDel), (212 bytes).
    Removing os_mutex.o(i.OSMutexPend), (404 bytes).
    Removing os_mutex.o(i.OSMutexPost), (264 bytes).
    Removing os_mutex.o(i.OSMutexQuery), (108 bytes).
    Removing os_q.o(.emb_text), (8 bytes).
    Removing os_q.o(i.OSQAccept), (80 bytes).
    Removing os_q.o(i.OSQCreate), (132 bytes).
    Removing os_q.o(i.OSQDel), (228 bytes).
    Removing os_q.o(i.OSQFlush), (44 bytes).
    Removing os_q.o(i.OSQPend), (172 bytes).
    Removing os_q.o(i.OSQPost), (102 bytes).
    Removing os_q.o(i.OSQPostFront), (100 bytes).
    Removing os_q.o(i.OSQPostOpt), (156 bytes).
    Removing os_q.o(i.OSQQuery), (90 bytes).
    Removing os_sem.o(.emb_text), (8 bytes).
    Removing os_sem.o(i.OSSemAccept), (36 bytes).
    Removing os_sem.o(i.OSSemDel), (200 bytes).
    Removing os_sem.o(i.OSSemQuery), (74 bytes).
    Removing os_task.o(.emb_text), (8 bytes).
    Removing os_task.o(i.OSTaskChangePrio), (252 bytes).
    Removing os_task.o(i.OSTaskDel), (292 bytes).
    Removing os_task.o(i.OSTaskDelReq), (76 bytes).
    Removing os_task.o(i.OSTaskNameGet), (104 bytes).
    Removing os_task.o(i.OSTaskNameSet), (112 bytes).
    Removing os_task.o(i.OSTaskQuery), (76 bytes).
    Removing os_task.o(i.OSTaskResume), (124 bytes).
    Removing os_task.o(i.OSTaskSuspend), (144 bytes).
    Removing os_time.o(.emb_text), (8 bytes).
    Removing os_time.o(i.OSTimeDlyHMSM), (114 bytes).
    Removing os_time.o(i.OSTimeDlyResume), (116 bytes).
    Removing os_time.o(i.OSTimeGet), (24 bytes).
    Removing os_time.o(i.OSTimeSet), (24 bytes).
    Removing csp.o(.emb_text), (8 bytes).
    Removing csp.o(.constdata), (4 bytes).
    Removing csp_uart.o(.emb_text), (8 bytes).
    Removing csp_uart.o(i.UARTSend), (72 bytes).
    Removing csp_ssp.o(.emb_text), (8 bytes).
    Removing csp_ssp.o(i.MSpiReadWrite), (28 bytes).
    Removing csp_ssp.o(i.SSP1Init), (116 bytes).
    Removing csp_ssp.o(i.SSPReceive), (72 bytes).
    Removing csp_ssp.o(i.SSP_SSELToggle), (52 bytes).
    Removing bsp.o(.emb_text), (8 bytes).
    Removing bsp_nrf905.o(.emb_text), (8 bytes).
    Removing bsp_nrf905.o(i.Delay1ms), (24 bytes).
    Removing bsp_nrf905.o(i.Delay1us), (24 bytes).
    Removing bsp_nrf905.o(i.SetPowerOffMode), (32 bytes).
    Removing bsp_nrf905.o(i.SetTxMode), (64 bytes).
    Removing bsp_nrf905.o(i.TxPacket), (200 bytes).
    Removing app.o(.emb_text), (8 bytes).

137 unused section(s) (total 7922 bytes) removed from the image.

==============================================================================

Image Symbol Table

    Local Symbols

    Symbol Name                              Value     Ov Type        Size  Object(Section)

    RESET                                    0x00000000   Section      204  startup_lpc17xx.o(RESET)
    ../../angel/boardlib.s                   0x00000000   Number         0  boardinit1.o ABSOLUTE
    ../../angel/boardlib.s                   0x00000000   Number         0  boardinit2.o ABSOLUTE
    ../../angel/boardlib.s                   0x00000000   Number         0  boardinit3.o ABSOLUTE
    ../../angel/boardlib.s                   0x00000000   Number         0  boardshut.o ABSOLUTE
    ../../angel/handlers.s                   0x00000000   Number         0  __scatter_copy.o ABSOLUTE
    ../../angel/handlers.s                   0x00000000   Number         0  __scatter_zi.o ABSOLUTE
    ../../angel/kernel.s                     0x00000000   Number         0  rtexit2.o ABSOLUTE
    ../../angel/kernel.s                     0x00000000   Number         0  rtentry4.o ABSOLUTE
    ../../angel/kernel.s                     0x00000000   Number         0  rtentry2.o ABSOLUTE
    ../../angel/kernel.s                     0x00000000   Number         0  rtentry.o ABSOLUTE
    ../../angel/kernel.s                     0x00000000   Number         0  rtexit.o ABSOLUTE
    ../../angel/rt.s                         0x00000000   Number         0  aeabi_ldiv0_sigfpe.o ABSOLUTE
    ../../angel/rt.s                         0x00000000   Number         0  rt_div0.o ABSOLUTE
    ../../angel/rt.s                         0x00000000   Number         0  rt_fp_status_addr_intlibspace.o ABSOLUTE
    ../../angel/rt.s                         0x00000000   Number         0  rt_fp_status_addr.o ABSOLUTE
    ../../angel/rt.s                         0x00000000   Number         0  aeabi_ldiv0.o ABSOLUTE
    ../../angel/rt.s                         0x00000000   Number         0  rt_raise.o ABSOLUTE
    ../../angel/scatter.s                    0x00000000   Number         0  __scatter.o ABSOLUTE
    ../../angel/startup.s                    0x00000000   Number         0  __main.o ABSOLUTE
    ../../angel/sys.s                        0x00000000   Number         0  libspace.o ABSOLUTE
    ../../angel/sys.s                        0x00000000   Number         0  use_no_semi.o ABSOLUTE
    ../../angel/sys.s                        0x00000000   Number         0  indicate_semi.o ABSOLUTE
    ../../angel/sys.s                        0x00000000   Number         0  sys_stackheap_outer.o ABSOLUTE
    ../../angel/sysapp.c                     0x00000000   Number         0  sys_wrch.o ABSOLUTE
    ../../angel/sysapp.c                     0x00000000   Number         0  sys_command.o ABSOLUTE
    ../../angel/sysapp.c                     0x00000000   Number         0  sys_exit.o ABSOLUTE
    ../../armsys.c                           0x00000000   Number         0  argv_veneer.o ABSOLUTE
    ../../armsys.c                           0x00000000   Number         0  argv_veneer.o ABSOLUTE
    ../../armsys.c                           0x00000000   Number         0  _get_argv_nomalloc.o ABSOLUTE
    ../../armsys.c                           0x00000000   Number         0  no_argv.o ABSOLUTE
    ../../fpinit.s                           0x00000000   Number         0  fpinit.o ABSOLUTE
    ../../heapalloc.c                        0x00000000   Number         0  hrguard.o ABSOLUTE
    ../../heapaux.c                          0x00000000   Number         0  heapauxi.o ABSOLUTE
    ../../libinit.s                          0x00000000   Number         0  libshutdown2.o ABSOLUTE
    ../../libinit.s                          0x00000000   Number         0  libinit2.o ABSOLUTE
    ../../libinit.s                          0x00000000   Number         0  libshutdown.o ABSOLUTE
    ../../libinit.s                          0x00000000   Number         0  libinit.o ABSOLUTE
    ../../longlong.s                         0x00000000   Number         0  lludivv7m.o ABSOLUTE
    ../../memcpset.s                         0x00000000   Number         0  rt_memclr_w.o ABSOLUTE
    ../../memcpset.s                         0x00000000   Number         0  rt_memcpy_w.o ABSOLUTE
    ../../signal.c                           0x00000000   Number         0  defsig_fpe_formal.o ABSOLUTE
    ../../signal.c                           0x00000000   Number         0  defsig_fpe_outer.o ABSOLUTE
    ../../signal.c                           0x00000000   Number         0  defsig_exit.o ABSOLUTE
    ../../signal.c                           0x00000000   Number         0  defsig_other.o ABSOLUTE
    ../../signal.c                           0x00000000   Number         0  defsig_segv_inner.o ABSOLUTE
    ../../signal.c                           0x00000000   Number         0  defsig_cppl_inner.o ABSOLUTE
    ../../signal.c                           0x00000000   Number         0  defsig_pvfn_inner.o ABSOLUTE
    ../../signal.c                           0x00000000   Number         0  defsig_stak_inner.o ABSOLUTE
    ../../signal.c                           0x00000000   Number         0  defsig_rtmem_formal.o ABSOLUTE
    ../../signal.c                           0x00000000   Number         0  defsig_rtmem_outer.o ABSOLUTE
    ../../signal.c                           0x00000000   Number         0  defsig_rtmem_inner.o ABSOLUTE
    ../../signal.c                           0x00000000   Number         0  defsig_rtred_inner.o ABSOLUTE
    ../../signal.c                           0x00000000   Number         0  defsig_abrt_inner.o ABSOLUTE
    ../../signal.c                           0x00000000   Number         0  defsig_fpe_inner.o ABSOLUTE
    ../../signal.c                           0x00000000   Number         0  defsig_general.o ABSOLUTE
    ../../signal.c                           0x00000000   Number         0  __raise.o ABSOLUTE
    ../../signal.s                           0x00000000   Number         0  defsig.o ABSOLUTE
    ../../stdlib.c                           0x00000000   Number         0  exit.o ABSOLUTE
    ../../string.c                           0x00000000   Number         0  strlen.o ABSOLUTE
    ../../string.c                           0x00000000   Number         0  strcpy.o ABSOLUTE
    ..\App\app.c                             0x00000000   Number         0  app.o ABSOLUTE
    ..\BSP\RF\bsp_nRF905.c                   0x00000000   Number         0  bsp_nrf905.o ABSOLUTE
    ..\BSP\bsp.c                             0x00000000   Number         0  bsp.o ABSOLUTE
    ..\CSP\Common\core_cm3.c                 0x00000000   Number         0  core_cm3.o ABSOLUTE
    ..\CSP\Common\system_LPC17xx.c           0x00000000   Number         0  system_lpc17xx.o ABSOLUTE
    ..\CSP\SSP\csp_ssp.c                     0x00000000   Number         0  csp_ssp.o ABSOLUTE
    ..\CSP\Startup\startup_LPC17xx.s         0x00000000   Number         0  startup_lpc17xx.o ABSOLUTE
    ..\CSP\UART\csp_uart.c                   0x00000000   Number         0  csp_uart.o ABSOLUTE
    ..\CSP\csp.c                             0x00000000   Number         0  csp.o ABSOLUTE
    ..\\App\\app.c                           0x00000000   Number         0  app.o ABSOLUTE
    ..\\BSP\\RF\\bsp_nRF905.c                0x00000000   Number         0  bsp_nrf905.o ABSOLUTE
    ..\\BSP\\bsp.c                           0x00000000   Number         0  bsp.o ABSOLUTE
    ..\\CSP\\Common\\system_LPC17xx.c        0x00000000   Number         0  system_lpc17xx.o ABSOLUTE
    ..\\CSP\\SSP\\csp_ssp.c                  0x00000000   Number         0  csp_ssp.o ABSOLUTE
    ..\\CSP\\UART\\csp_uart.c                0x00000000   Number         0  csp_uart.o ABSOLUTE
    ..\\CSP\\csp.c                           0x00000000   Number         0  csp.o ABSOLUTE
    ..\\ucos\\Ports\\os_cpu_c.c              0x00000000   Number         0  os_cpu_c.o ABSOLUTE
    ..\\ucos\\Source\\os_core.c              0x00000000   Number         0  os_core.o ABSOLUTE
    ..\\ucos\\Source\\os_flag.c              0x00000000   Number         0  os_flag.o ABSOLUTE
    ..\\ucos\\Source\\os_mbox.c              0x00000000   Number         0  os_mbox.o ABSOLUTE
    ..\\ucos\\Source\\os_mem.c               0x00000000   Number         0  os_mem.o ABSOLUTE
    ..\\ucos\\Source\\os_mutex.c             0x00000000   Number         0  os_mutex.o ABSOLUTE
    ..\\ucos\\Source\\os_q.c                 0x00000000   Number         0  os_q.o ABSOLUTE
    ..\\ucos\\Source\\os_sem.c               0x00000000   Number         0  os_sem.o ABSOLUTE
    ..\\ucos\\Source\\os_task.c              0x00000000   Number         0  os_task.o ABSOLUTE
    ..\\ucos\\Source\\os_time.c              0x00000000   Number         0  os_time.o ABSOLUTE
    ..\ucos\Ports\os_cpu_a.asm               0x00000000   Number         0  os_cpu_a.o ABSOLUTE
    ..\ucos\Ports\os_cpu_c.c                 0x00000000   Number         0  os_cpu_c.o ABSOLUTE
    ..\ucos\Ports\os_debug.c                 0x00000000   Number         0  os_debug.o ABSOLUTE
    ..\ucos\Source\os_core.c                 0x00000000   Number         0  os_core.o ABSOLUTE
    ..\ucos\Source\os_flag.c                 0x00000000   Number         0  os_flag.o ABSOLUTE
    ..\ucos\Source\os_mbox.c                 0x00000000   Number         0  os_mbox.o ABSOLUTE
    ..\ucos\Source\os_mem.c                  0x00000000   Number         0  os_mem.o ABSOLUTE
    ..\ucos\Source\os_mutex.c                0x00000000   Number         0  os_mutex.o ABSOLUTE
    ..\ucos\Source\os_q.c                    0x00000000   Number         0  os_q.o ABSOLUTE
    ..\ucos\Source\os_sem.c                  0x00000000   Number         0  os_sem.o ABSOLUTE
    ..\ucos\Source\os_task.c                 0x00000000   Number         0  os_task.o ABSOLUTE
    ..\ucos\Source\os_time.c                 0x00000000   Number         0  os_time.o ABSOLUTE
    ..\ucos\Source\ucos_ii.c                 0x00000000   Number         0  ucos_ii.o ABSOLUTE
    dc.s                                     0x00000000   Number         0  dc.o ABSOLUTE
    !!!main                                  0x000000cc   Section        8  __main.o(!!!main)
    !!!scatter                               0x000000d4   Section       52  __scatter.o(!!!scatter)
    !!handler_copy                           0x00000108   Section       26  __scatter_copy.o(!!handler_copy)
    !!handler_zi                             0x00000124   Section       28  __scatter_zi.o(!!handler_zi)
    .ARM.Collect$$libinit$$00000000          0x00000140   Section        6  libinit.o(.ARM.Collect$$libinit$$00000000)
    .ARM.Collect$$libinit$$00000006          0x00000146   Section        0  libinit2.o(.ARM.Collect$$libinit$$00000006)
    .ARM.Collect$$libinit$$00000008          0x00000146   Section        0  libinit2.o(.ARM.Collect$$libinit$$00000008)
    .ARM.Collect$$libinit$$0000000A          0x00000146   Section        0  libinit2.o(.ARM.Collect$$libinit$$0000000A)
    .ARM.Collect$$libinit$$0000000D          0x00000146   Section        0  libinit2.o(.ARM.Collect$$libinit$$0000000D)
    .ARM.Collect$$libinit$$0000000F          0x00000146   Section        0  libinit2.o(.ARM.Collect$$libinit$$0000000F)
    .ARM.Collect$$libinit$$00000011          0x00000146   Section        0  libinit2.o(.ARM.Collect$$libinit$$00000011)
    .ARM.Collect$$libinit$$00000013          0x00000146   Section        0  libinit2.o(.ARM.Collect$$libinit$$00000013)
    .ARM.Collect$$libinit$$00000015          0x00000146   Section        0  libinit2.o(.ARM.Collect$$libinit$$00000015)
    .ARM.Collect$$libinit$$00000017          0x00000146   Section        0  libinit2.o(.ARM.Collect$$libinit$$00000017)
    .ARM.Collect$$libinit$$00000019          0x00000146   Section        0  libinit2.o(.ARM.Collect$$libinit$$00000019)
    .ARM.Collect$$libinit$$0000001B          0x00000146   Section        0  libinit2.o(.ARM.Collect$$libinit$$0000001B)
    .ARM.Collect$$libinit$$0000001D          0x00000146   Section        0  libinit2.o(.ARM.Collect$$libinit$$0000001D)
    .ARM.Collect$$libinit$$0000001F          0x00000146   Section        0  libinit2.o(.ARM.Collect$$libinit$$0000001F)
    .ARM.Collect$$libinit$$00000021          0x00000146   Section        0  libinit2.o(.ARM.Collect$$libinit$$00000021)
    .ARM.Collect$$libinit$$00000028          0x00000146   Section        0  libinit2.o(.ARM.Collect$$libinit$$00000028)
    .ARM.Collect$$libinit$$0000002A          0x00000146   Section        0  libinit2.o(.ARM.Collect$$libinit$$0000002A)
    .ARM.Collect$$libinit$$0000002C          0x00000146   Section        0  libinit2.o(.ARM.Collect$$libinit$$0000002C)
    .ARM.Collect$$libinit$$0000002E          0x00000146   Section        0  libinit2.o(.ARM.Collect$$libinit$$0000002E)
    .ARM.Collect$$libinit$$0000002F          0x00000146   Section        2  libinit2.o(.ARM.Collect$$libinit$$0000002F)
    .ARM.Collect$$libshutdown$$00000000      0x00000148   Section        2  libshutdown.o(.ARM.Collect$$libshutdown$$00000000)
    .ARM.Collect$$libshutdown$$00000003      0x0000014a   Section        0  libshutdown2.o(.ARM.Collect$$libshutdown$$00000003)
    .ARM.Collect$$libshutdown$$00000006      0x0000014a   Section        0  libshutdown2.o(.ARM.Collect$$libshutdown$$00000006)
    .ARM.Collect$$libshutdown$$00000009      0x0000014a   Section        0  libshutdown2.o(.ARM.Collect$$libshutdown$$00000009)
    .ARM.Collect$$libshutdown$$0000000B      0x0000014a   Section        0  libshutdown2.o(.ARM.Collect$$libshutdown$$0000000B)
    .ARM.Collect$$libshutdown$$0000000E      0x0000014a   Section        0  libshutdown2.o(.ARM.Collect$$libshutdown$$0000000E)
    .ARM.Collect$$libshutdown$$0000000F      0x0000014a   Section        2  libshutdown2.o(.ARM.Collect$$libshutdown$$0000000F)
    .ARM.Collect$$rtentry$$00000000          0x0000014c   Section        0  rtentry.o(.ARM.Collect$$rtentry$$00000000)
    .ARM.Collect$$rtentry$$00000002          0x0000014c   Section        0  rtentry2.o(.ARM.Collect$$rtentry$$00000002)
    .ARM.Collect$$rtentry$$00000004          0x0000014c   Section        6  rtentry4.o(.ARM.Collect$$rtentry$$00000004)
    .ARM.Collect$$rtentry$$00000009          0x00000152   Section        0  rtentry2.o(.ARM.Collect$$rtentry$$00000009)
    .ARM.Collect$$rtentry$$0000000A          0x00000152   Section        4  rtentry2.o(.ARM.Collect$$rtentry$$0000000A)
    .ARM.Collect$$rtentry$$0000000C          0x00000156   Section        0  rtentry2.o(.ARM.Collect$$rtentry$$0000000C)
    .ARM.Collect$$rtentry$$0000000D          0x00000156   Section        8  rtentry2.o(.ARM.Collect$$rtentry$$0000000D)
    .ARM.Collect$$rtexit$$00000000           0x0000015e   Section        2  rtexit.o(.ARM.Collect$$rtexit$$00000000)
    .ARM.Collect$$rtexit$$00000002           0x00000160   Section        0  rtexit2.o(.ARM.Collect$$rtexit$$00000002)
    .ARM.Collect$$rtexit$$00000003           0x00000160   Section        4  rtexit2.o(.ARM.Collect$$rtexit$$00000003)
    .ARM.Collect$$rtexit$$00000004           0x00000164   Section        6  rtexit2.o(.ARM.Collect$$rtexit$$00000004)
    .text                                    0x0000016c   Section       56  startup_lpc17xx.o(.text)
    .text                                    0x000001a4   Section      208  os_cpu_a.o(.text)
    .text                                    0x00000274   Section       78  rt_memclr_w.o(.text)
    .text                                    0x000002c2   Section        0  heapauxi.o(.text)
    .text                                    0x000002c8   Section        0  exit.o(.text)
    .text                                    0x000002d4   Section        8  libspace.o(.text)
    .text                                    0x000002dc   Section        0  sys_exit.o(.text)
    .text                                    0x000002e8   Section        8  rt_fp_status_addr_intlibspace.o(.text)
    .text                                    0x000002f0   Section        2  use_no_semi.o(.text)
    .text                                    0x000002f2   Section        0  indicate_semi.o(.text)
    i.BSP_Init                               0x000002f2   Section        0  bsp.o(i.BSP_Init)
    i.OSInitHookBegin                        0x000002f6   Section        0  os_cpu_c.o(i.OSInitHookBegin)
    i.OSInitHookEnd                          0x000002f8   Section        0  os_cpu_c.o(i.OSInitHookEnd)
    i.OSTCBInitHook                          0x000002fa   Section        0  os_cpu_c.o(i.OSTCBInitHook)
    .ARM.__at_0x02FC                         0x000002fc   Section        4  startup_lpc17xx.o(.ARM.__at_0x02FC)
    .text                                    0x00000300   Section      238  lludivv7m.o(.text)
    .text                                    0x000003ee   Section       74  sys_stackheap_outer.o(.text)
    i.App_TaskLED1                           0x00000438   Section        0  app.o(i.App_TaskLED1)
    App_TaskLED1                             0x00000439   Thumb Code    62  app.o(i.App_TaskLED1)
    i.App_TaskNRF905                         0x0000047c   Section        0  app.o(i.App_TaskNRF905)
    App_TaskNRF905                           0x0000047d   Thumb Code    76  app.o(i.App_TaskNRF905)
    i.App_TaskStart                          0x000004d0   Section        0  app.o(i.App_TaskStart)
    App_TaskStart                            0x000004d1   Thumb Code    46  app.o(i.App_TaskStart)
    i.BSP_LED_Init                           0x0000050c   Section        0  bsp.o(i.BSP_LED_Init)
    i.BSP_LED_Off                            0x00000530   Section        0  bsp.o(i.BSP_LED_Off)
    i.BSP_LED_On                             0x00000548   Section        0  bsp.o(i.BSP_LED_On)
    i.CSP_GPIO_BitClr                        0x00000560   Section        0  csp.o(i.CSP_GPIO_BitClr)
    i.CSP_GPIO_BitDir                        0x00000574   Section        0  csp.o(i.CSP_GPIO_BitDir)
    i.CSP_GPIO_BitSet                        0x00000588   Section        0  csp.o(i.CSP_GPIO_BitSet)
    i.CSP_Init                               0x0000059c   Section        0  csp.o(i.CSP_Init)
    i.CSP_PM_CPU_ClkFreqGet                  0x000005b8   Section        0  csp.o(i.CSP_PM_CPU_ClkFreqGet)
    i.Config905                              0x00000620   Section        0  bsp_nrf905.o(i.Config905)
    i.ConfigGPIO                             0x00000660   Section        0  bsp_nrf905.o(i.ConfigGPIO)
    i.Delay28ns                              0x00000698   Section        0  bsp_nrf905.o(i.Delay28ns)
    i.Init905                                0x000006a4   Section        0  bsp_nrf905.o(i.Init905)
    i.MSpiRead                               0x000006c4   Section        0  csp_ssp.o(i.MSpiRead)
    i.MSpiTest                               0x000006e8   Section        0  bsp_nrf905.o(i.MSpiTest)
    i.MSpiWrite                              0x00000730   Section        0  csp_ssp.o(i.MSpiWrite)
    i.NVIC_EnableIRQ                         0x0000073c   Section        0  csp_uart.o(i.NVIC_EnableIRQ)
    NVIC_EnableIRQ                           0x0000073d   Thumb Code    24  csp_uart.o(i.NVIC_EnableIRQ)
    i.NVIC_EnableIRQ                         0x00000754   Section        0  csp_ssp.o(i.NVIC_EnableIRQ)
    NVIC_EnableIRQ                           0x00000755   Thumb Code    24  csp_ssp.o(i.NVIC_EnableIRQ)
    i.OSInit                                 0x0000076c   Section        0  os_core.o(i.OSInit)
    i.OSIntExit                              0x00000858   Section        0  os_core.o(i.OSIntExit)
    i.OSSemCreate                            0x000008c4   Section        0  os_sem.o(i.OSSemCreate)
    i.OSSemPend                              0x0000090c   Section        0  os_sem.o(i.OSSemPend)
    i.OSSemPost                              0x00000994   Section        0  os_sem.o(i.OSSemPost)
    i.OSStart                                0x000009e4   Section        0  os_core.o(i.OSStart)
    i.OSTaskCreate                           0x00000a20   Section        0  os_task.o(i.OSTaskCreate)
    i.OSTaskCreateExt                        0x00000ab4   Section        0  os_task.o(i.OSTaskCreateExt)
    i.OSTaskCreateHook                       0x00000b5c   Section        0  os_cpu_c.o(i.OSTaskCreateHook)
    i.OSTaskIdleHook                         0x00000b5e   Section        0  os_cpu_c.o(i.OSTaskIdleHook)
    i.OSTaskStatHook                         0x00000b60   Section        0  os_cpu_c.o(i.OSTaskStatHook)
    i.OSTaskStkChk                           0x00000b64   Section        0  os_task.o(i.OSTaskStkChk)
    i.OSTaskStkInit                          0x00000bdc   Section        0  os_cpu_c.o(i.OSTaskStkInit)
    i.OSTaskSwHook                           0x00000c44   Section        0  os_cpu_c.o(i.OSTaskSwHook)
    i.OSTimeDly                              0x00000c48   Section        0  os_time.o(i.OSTimeDly)
    i.OSTimeTick                             0x00000c90   Section        0  os_core.o(i.OSTimeTick)
    i.OSTimeTickHook                         0x00000d20   Section        0  os_cpu_c.o(i.OSTimeTickHook)
    i.OS_CPU_SysTickHandler                  0x00000d24   Section        0  os_cpu_c.o(i.OS_CPU_SysTickHandler)
    i.OS_CPU_SysTickInit                     0x00000d48   Section        0  os_cpu_c.o(i.OS_CPU_SysTickInit)
    i.OS_CSP_TickInit                        0x00000d6c   Section        0  csp.o(i.OS_CSP_TickInit)
    i.OS_EventTO                             0x00000d84   Section        0  os_core.o(i.OS_EventTO)
    i.OS_EventTaskRdy                        0x00000db8   Section        0  os_core.o(i.OS_EventTaskRdy)
    i.OS_EventTaskWait                       0x00000e24   Section        0  os_core.o(i.OS_EventTaskWait)
    i.OS_EventWaitListInit                   0x00000e6c   Section        0  os_core.o(i.OS_EventWaitListInit)
    i.OS_FlagInit                            0x00000e84   Section        0  os_flag.o(i.OS_FlagInit)
    i.OS_InitTCBList                         0x00000ecc   Section        0  os_core.o(i.OS_InitTCBList)
    OS_InitTCBList                           0x00000ecd   Thumb Code    74  os_core.o(i.OS_InitTCBList)
    i.OS_MemInit                             0x00000f28   Section        0  os_mem.o(i.OS_MemInit)
    i.OS_QInit                               0x00000f78   Section        0  os_q.o(i.OS_QInit)
    i.OS_Sched                               0x00000fac   Section        0  os_core.o(i.OS_Sched)
    i.OS_TCBInit                             0x00001004   Section        0  os_core.o(i.OS_TCBInit)
    i.OS_TaskIdle                            0x000010e0   Section        0  os_core.o(i.OS_TaskIdle)
    i.OS_TaskStat                            0x000010fc   Section        0  os_core.o(i.OS_TaskStat)
    i.OS_TaskStatStkChk                      0x00001164   Section        0  os_core.o(i.OS_TaskStatStkChk)
    i.OS_TaskStkClr                          0x0000119c   Section        0  os_task.o(i.OS_TaskStkClr)
    i.RxPacket                               0x000011b4   Section        0  bsp_nrf905.o(i.RxPacket)
    i.SSP0Init                               0x00001228   Section        0  csp_ssp.o(i.SSP0Init)
    i.SSP0_IRQHandler                        0x000012ac   Section        0  csp_ssp.o(i.SSP0_IRQHandler)
    i.SSP1_IRQHandler                        0x000012ec   Section        0  csp_ssp.o(i.SSP1_IRQHandler)
    i.SSPSend                                0x0000132c   Section        0  csp_ssp.o(i.SSPSend)
    i.SetRxMode                              0x00001388   Section        0  bsp_nrf905.o(i.SetRxMode)
    i.SetStandbyMode                         0x000013bc   Section        0  bsp_nrf905.o(i.SetStandbyMode)
    i.SystemCoreClockUpdate                  0x000013e4   Section        0  system_lpc17xx.o(i.SystemCoreClockUpdate)
    i.SystemInit                             0x000014c0   Section        0  system_lpc17xx.o(i.SystemInit)
    i.UART0_IRQHandler                       0x00001588   Section        0  csp_uart.o(i.UART0_IRQHandler)
    i.UART0_SendByte                         0x000015f8   Section        0  csp_uart.o(i.UART0_SendByte)
    i.UART1_IRQHandler                       0x00001608   Section        0  csp_uart.o(i.UART1_IRQHandler)
    i.UARTInit                               0x00001678   Section        0  csp_uart.o(i.UARTInit)
    i.main                                   0x00001758   Section        0  app.o(i.main)
    x$fpl$fpinit                             0x00001794   Section       14  fpinit.o(x$fpl$fpinit)
    .constdata                               0x000017a2   Section      264  os_core.o(.constdata)
    .constdata                               0x000018ac   Section       16  csp.o(.constdata)
    LPC_GPIO                                 0x000018ac   Data          16  csp.o(.constdata)
    .constdata                               0x000018bc   Section        8  csp_ssp.o(.constdata)
    LPC_SSP                                  0x000018bc   Data           8  csp_ssp.o(.constdata)
    .constdata                               0x000018c4   Section        8  bsp.o(.constdata)
    .data                                    0x10000000   Section        4  system_lpc17xx.o(.data)
    .data                                    0x10000004   Section        4  os_cpu_c.o(.data)
    .data                                    0x10000008   Section       60  os_core.o(.data)
    .data                                    0x10000044   Section        4  os_core.o(.data)
    .data                                    0x10000048   Section        4  os_core.o(.data)
    .data                                    0x1000004c   Section        4  os_core.o(.data)
    .data                                    0x10000050   Section       20  csp_uart.o(.data)
    .data                                    0x10000064   Section       24  csp_ssp.o(.data)
    .data                                    0x1000007c   Section       80  bsp_nrf905.o(.data)
    .data                                    0x100000cc   Section        8  app.o(.data)
    App_TaskNRF905_Sem                       0x100000cc   Data           4  app.o(.data)
    App_TaskLED1_Sem                         0x100000d0   Data           4  app.o(.data)
    .bss                                     0x100000d4   Section     4048  os_core.o(.bss)
    .bss                                     0x100010a4   Section      220  os_core.o(.bss)
    .bss                                     0x10001180   Section      260  os_core.o(.bss)
    .bss                                     0x10001284   Section       96  os_core.o(.bss)
    .bss                                     0x100012e4   Section      128  csp_uart.o(.bss)
    .bss                                     0x10001364   Section      600  app.o(.bss)
    App_TaskStartStk                         0x10001364   Data         200  app.o(.bss)
    App_TaskNRFStk                           0x1000142c   Data         200  app.o(.bss)
    App_TaskLED1Stk                          0x100014f4   Data         200  app.o(.bss)
    .bss                                     0x100015bc   Section       96  libspace.o(.bss)
    HEAP                                     0x10001620   Section        0  startup_lpc17xx.o(HEAP)
    STACK                                    0x10001620   Section      512  startup_lpc17xx.o(STACK)
    Heap_Mem                                 0x10001620   Data           0  startup_lpc17xx.o(HEAP)
    Stack_Mem                                0x10001620   Data         512  startup_lpc17xx.o(STACK)
    __initial_sp                             0x10001820   Data           0  startup_lpc17xx.o(STACK)

    Global Symbols

    Symbol Name                              Value     Ov Type        Size  Object(Section)

    BuildAttributes$$THM_ISAv4$P$D$K$B$S$PE$A:L22UL41UL21$X:L11$S22US41US21$IEEE1$IW$USESV6$~STKCKD$USESV7$~SHL$OSPACE$ROPI$EBA8$UX$STANDARDLIB$REQ8$PRES8$EABIv2 0x00000000   Number         0  anon$$obj.o ABSOLUTE
    __ARM_use_no_argv                        0x00000000   Number         0  app.o ABSOLUTE
    __Vectors                                0x00000000   Data           4  startup_lpc17xx.o(RESET)
    __ARM_exceptions_init                     - Undefined Weak Reference
    __alloca_initialize                       - Undefined Weak Reference
    __cpp_initialize__aeabi_                  - Undefined Weak Reference
    __cxa_finalize                            - Undefined Weak Reference
    __rt_locale                               - Undefined Weak Reference
    __sigvec_lookup                           - Undefined Weak Reference
    _atexit_init                              - Undefined Weak Reference
    _call_atexit_fns                          - Undefined Weak Reference
    _clock_init                               - Undefined Weak Reference
    _fp_trap_init                             - Undefined Weak Reference
    _fp_trap_shutdown                         - Undefined Weak Reference
    _get_lc_collate                           - Undefined Weak Reference
    _get_lc_ctype                             - Undefined Weak Reference
    _get_lc_monetary                          - Undefined Weak Reference
    _get_lc_numeric                           - Undefined Weak Reference
    _get_lc_time                              - Undefined Weak Reference
    _getenv_init                              - Undefined Weak Reference
    _handle_redirection                       - Undefined Weak Reference
    _init_alloc                               - Undefined Weak Reference
    _init_user_alloc                          - Undefined Weak Reference
    _initio                                   - Undefined Weak Reference
    _rand_init                                - Undefined Weak Reference
    _signal_finish                            - Undefined Weak Reference
    _signal_init                              - Undefined Weak Reference
    _terminate_alloc                          - Undefined Weak Reference
    _terminate_user_alloc                     - Undefined Weak Reference
    _terminateio                              - Undefined Weak Reference
    __main                                   0x000000cd   Thumb Code     8  __main.o(!!!main)
    __scatterload                            0x000000d5   Thumb Code     0  __scatter.o(!!!scatter)
    __scatterload_rt2                        0x000000d5   Thumb Code    44  __scatter.o(!!!scatter)
    __scatterload_rt2_thumb_only             0x000000d5   Thumb Code     0  __scatter.o(!!!scatter)
    __scatterload_null                       0x000000e3   Thumb Code     0  __scatter.o(!!!scatter)
    __scatterload_copy                       0x00000109   Thumb Code    26  __scatter_copy.o(!!handler_copy)
    __scatterload_zeroinit                   0x00000125   Thumb Code    28  __scatter_zi.o(!!handler_zi)
    __rt_lib_init                            0x00000141   Thumb Code     0  libinit.o(.ARM.Collect$$libinit$$00000000)
    __rt_lib_init_alloca_1                   0x00000147   Thumb Code     0  libinit2.o(.ARM.Collect$$libinit$$0000002A)
    __rt_lib_init_argv_1                     0x00000147   Thumb Code     0  libinit2.o(.ARM.Collect$$libinit$$00000028)
    __rt_lib_init_atexit_1                   0x00000147   Thumb Code     0  libinit2.o(.ARM.Collect$$libinit$$00000017)
    __rt_lib_init_clock_1                    0x00000147   Thumb Code     0  libinit2.o(.ARM.Collect$$libinit$$0000001D)
    __rt_lib_init_cpp_1                      0x00000147   Thumb Code     0  libinit2.o(.ARM.Collect$$libinit$$0000002E)
    __rt_lib_init_exceptions_1               0x00000147   Thumb Code     0  libinit2.o(.ARM.Collect$$libinit$$0000002C)
    __rt_lib_init_fp_trap_1                  0x00000147   Thumb Code     0  libinit2.o(.ARM.Collect$$libinit$$0000001B)
    __rt_lib_init_getenv_1                   0x00000147   Thumb Code     0  libinit2.o(.ARM.Collect$$libinit$$0000001F)
    __rt_lib_init_heap_1                     0x00000147   Thumb Code     0  libinit2.o(.ARM.Collect$$libinit$$00000006)
    __rt_lib_init_lc_collate_1               0x00000147   Thumb Code     0  libinit2.o(.ARM.Collect$$libinit$$0000000D)
    __rt_lib_init_lc_ctype_1                 0x00000147   Thumb Code     0  libinit2.o(.ARM.Collect$$libinit$$0000000F)
    __rt_lib_init_lc_monetary_1              0x00000147   Thumb Code     0  libinit2.o(.ARM.Collect$$libinit$$00000011)
    __rt_lib_init_lc_numeric_1               0x00000147   Thumb Code     0  libinit2.o(.ARM.Collect$$libinit$$00000013)
    __rt_lib_init_lc_time_1                  0x00000147   Thumb Code     0  libinit2.o(.ARM.Collect$$libinit$$00000015)
    __rt_lib_init_rand_1                     0x00000147   Thumb Code     0  libinit2.o(.ARM.Collect$$libinit$$0000000A)
    __rt_lib_init_return                     0x00000147   Thumb Code     0  libinit2.o(.ARM.Collect$$libinit$$0000002F)
    __rt_lib_init_signal_1                   0x00000147   Thumb Code     0  libinit2.o(.ARM.Collect$$libinit$$00000019)
    __rt_lib_init_stdio_1                    0x00000147   Thumb Code     0  libinit2.o(.ARM.Collect$$libinit$$00000021)
    __rt_lib_init_user_alloc_1               0x00000147   Thumb Code     0  libinit2.o(.ARM.Collect$$libinit$$00000008)
    __rt_lib_shutdown                        0x00000149   Thumb Code     0  libshutdown.o(.ARM.Collect$$libshutdown$$00000000)
    __rt_lib_shutdown_fp_trap_1              0x0000014b   Thumb Code     0  libshutdown2.o(.ARM.Collect$$libshutdown$$00000006)
    __rt_lib_shutdown_heap_1                 0x0000014b   Thumb Code     0  libshutdown2.o(.ARM.Collect$$libshutdown$$0000000E)
    __rt_lib_shutdown_return                 0x0000014b   Thumb Code     0  libshutdown2.o(.ARM.Collect$$libshutdown$$0000000F)
    __rt_lib_shutdown_signal_1               0x0000014b   Thumb Code     0  libshutdown2.o(.ARM.Collect$$libshutdown$$00000009)
    __rt_lib_shutdown_stdio_1                0x0000014b   Thumb Code     0  libshutdown2.o(.ARM.Collect$$libshutdown$$00000003)
    __rt_lib_shutdown_user_alloc_1           0x0000014b   Thumb Code     0  libshutdown2.o(.ARM.Collect$$libshutdown$$0000000B)
    __rt_entry                               0x0000014d   Thumb Code     0  rtentry.o(.ARM.Collect$$rtentry$$00000000)
    __rt_entry_presh_1                       0x0000014d   Thumb Code     0  rtentry2.o(.ARM.Collect$$rtentry$$00000002)
    __rt_entry_sh                            0x0000014d   Thumb Code     0  rtentry4.o(.ARM.Collect$$rtentry$$00000004)
    __rt_entry_li                            0x00000153   Thumb Code     0  rtentry2.o(.ARM.Collect$$rtentry$$0000000A)
    __rt_entry_postsh_1                      0x00000153   Thumb Code     0  rtentry2.o(.ARM.Collect$$rtentry$$00000009)
    __rt_entry_main                          0x00000157   Thumb Code     0  rtentry2.o(.ARM.Collect$$rtentry$$0000000D)
    __rt_entry_postli_1                      0x00000157   Thumb Code     0  rtentry2.o(.ARM.Collect$$rtentry$$0000000C)
    __rt_exit                                0x0000015f   Thumb Code     0  rtexit.o(.ARM.Collect$$rtexit$$00000000)
    __rt_exit_ls                             0x00000161   Thumb Code     0  rtexit2.o(.ARM.Collect$$rtexit$$00000003)
    __rt_exit_prels_1                        0x00000161   Thumb Code     0  rtexit2.o(.ARM.Collect$$rtexit$$00000002)
    __rt_exit_exit                           0x00000165   Thumb Code     0  rtexit2.o(.ARM.Collect$$rtexit$$00000004)
    Reset_Handler                            0x0000016d   Thumb Code     8  startup_lpc17xx.o(.text)
    NMI_Handler                              0x00000175   Thumb Code     2  startup_lpc17xx.o(.text)
    HardFault_Handler                        0x00000177   Thumb Code     2  startup_lpc17xx.o(.text)
    MemManage_Handler                        0x00000179   Thumb Code     2  startup_lpc17xx.o(.text)
    BusFault_Handler                         0x0000017b   Thumb Code     2  startup_lpc17xx.o(.text)
    UsageFault_Handler                       0x0000017d   Thumb Code     2  startup_lpc17xx.o(.text)
    SVC_Handler                              0x0000017f   Thumb Code     2  startup_lpc17xx.o(.text)
    DebugMon_Handler                         0x00000181   Thumb Code     2  startup_lpc17xx.o(.text)
    ADC_IRQHandler                           0x00000183   Thumb Code     0  startup_lpc17xx.o(.text)
    BOD_IRQHandler                           0x00000183   Thumb Code     0  startup_lpc17xx.o(.text)
    CANActivity_IRQHandler                   0x00000183   Thumb Code     0  startup_lpc17xx.o(.text)
    CAN_IRQHandler                           0x00000183   Thumb Code     0  startup_lpc17xx.o(.text)
    DMA_IRQHandler                           0x00000183   Thumb Code     0  startup_lpc17xx.o(.text)
    EINT0_IRQHandler                         0x00000183   Thumb Code     0  startup_lpc17xx.o(.text)
    EINT1_IRQHandler                         0x00000183   Thumb Code     0  startup_lpc17xx.o(.text)
    EINT2_IRQHandler                         0x00000183   Thumb Code     0  startup_lpc17xx.o(.text)
    EINT3_IRQHandler                         0x00000183   Thumb Code     0  startup_lpc17xx.o(.text)
    ENET_IRQHandler                          0x00000183   Thumb Code     0  startup_lpc17xx.o(.text)
    I2C0_IRQHandler                          0x00000183   Thumb Code     0  startup_lpc17xx.o(.text)
    I2C1_IRQHandler                          0x00000183   Thumb Code     0  startup_lpc17xx.o(.text)
    I2C2_IRQHandler                          0x00000183   Thumb Code     0  startup_lpc17xx.o(.text)
    I2S_IRQHandler                           0x00000183   Thumb Code     0  startup_lpc17xx.o(.text)
    MCPWM_IRQHandler                         0x00000183   Thumb Code     0  startup_lpc17xx.o(.text)
    PLL0_IRQHandler                          0x00000183   Thumb Code     0  startup_lpc17xx.o(.text)
    PLL1_IRQHandler                          0x00000183   Thumb Code     0  startup_lpc17xx.o(.text)
    PWM1_IRQHandler                          0x00000183   Thumb Code     0  startup_lpc17xx.o(.text)
    QEI_IRQHandler                           0x00000183   Thumb Code     0  startup_lpc17xx.o(.text)
    RIT_IRQHandler                           0x00000183   Thumb Code     0  startup_lpc17xx.o(.text)
    RTC_IRQHandler                           0x00000183   Thumb Code     0  startup_lpc17xx.o(.text)
    SPI_IRQHandler                           0x00000183   Thumb Code     0  startup_lpc17xx.o(.text)
    TIMER0_IRQHandler                        0x00000183   Thumb Code     0  startup_lpc17xx.o(.text)
    TIMER1_IRQHandler                        0x00000183   Thumb Code     0  startup_lpc17xx.o(.text)
    TIMER2_IRQHandler                        0x00000183   Thumb Code     0  startup_lpc17xx.o(.text)
    TIMER3_IRQHandler                        0x00000183   Thumb Code     0  startup_lpc17xx.o(.text)
    UART2_IRQHandler                         0x00000183   Thumb Code     0  startup_lpc17xx.o(.text)
    UART3_IRQHandler                         0x00000183   Thumb Code     0  startup_lpc17xx.o(.text)
    USBActivity_IRQHandler                   0x00000183   Thumb Code     0  startup_lpc17xx.o(.text)
    USB_IRQHandler                           0x00000183   Thumb Code     0  startup_lpc17xx.o(.text)
    WDT_IRQHandler                           0x00000183   Thumb Code     0  startup_lpc17xx.o(.text)
    __user_initial_stackheap                 0x00000185   Thumb Code     0  startup_lpc17xx.o(.text)
    OS_ENTER_CRITICAL                        0x000001a5   Thumb Code     0  os_cpu_a.o(.text)
    OS_EXIT_CRITICAL                         0x000001b7   Thumb Code     0  os_cpu_a.o(.text)
    CPU_IntDis                               0x000001d1   Thumb Code     0  os_cpu_a.o(.text)
    CPU_IntEn                                0x000001d5   Thumb Code     0  os_cpu_a.o(.text)
    OSStartHighRdy                           0x000001d9   Thumb Code     0  os_cpu_a.o(.text)
    OSCtxSw                                  0x000001f9   Thumb Code     0  os_cpu_a.o(.text)
    OSIntCtxSw                               0x00000203   Thumb Code     0  os_cpu_a.o(.text)
    OS_CPU_PendSVHandler                     0x0000020d   Thumb Code     0  os_cpu_a.o(.text)
    __aeabi_memclr4                          0x00000275   Thumb Code     0  rt_memclr_w.o(.text)
    __aeabi_memclr8                          0x00000275   Thumb Code     0  rt_memclr_w.o(.text)
    __rt_memclr_w                            0x00000275   Thumb Code    78  rt_memclr_w.o(.text)
    _memset_w                                0x00000279   Thumb Code     0  rt_memclr_w.o(.text)
    __use_two_region_memory                  0x000002c3   Thumb Code     2  heapauxi.o(.text)
    __rt_heap_escrow$2region                 0x000002c5   Thumb Code     2  heapauxi.o(.text)
    __rt_heap_expand$2region                 0x000002c7   Thumb Code     2  heapauxi.o(.text)
    exit                                     0x000002c9   Thumb Code    12  exit.o(.text)
    __user_libspace                          0x000002d5   Thumb Code     8  libspace.o(.text)
    __user_perproc_libspace                  0x000002d5   Thumb Code     0  libspace.o(.text)
    __user_perthread_libspace                0x000002d5   Thumb Code     0  libspace.o(.text)
    _sys_exit                                0x000002dd   Thumb Code     8  sys_exit.o(.text)
    __rt_fp_status_addr                      0x000002e9   Thumb Code     8  rt_fp_status_addr_intlibspace.o(.text)
    __I$use$semihosting                      0x000002f1   Thumb Code     0  use_no_semi.o(.text)
    __use_no_semihosting_swi                 0x000002f1   Thumb Code     2  use_no_semi.o(.text)
    BSP_Init                                 0x000002f3   Thumb Code     4  bsp.o(i.BSP_Init)
    __semihosting_library_function           0x000002f3   Thumb Code     0  indicate_semi.o(.text)
    OSInitHookBegin                          0x000002f7   Thumb Code     2  os_cpu_c.o(i.OSInitHookBegin)
    OSInitHookEnd                            0x000002f9   Thumb Code     2  os_cpu_c.o(i.OSInitHookEnd)
    OSTCBInitHook                            0x000002fb   Thumb Code     2  os_cpu_c.o(i.OSTCBInitHook)
    __aeabi_uldivmod                         0x00000301   Thumb Code     0  lludivv7m.o(.text)
    _ll_udiv                                 0x00000301   Thumb Code   238  lludivv7m.o(.text)
    __user_setup_stackheap                   0x000003ef   Thumb Code    74  sys_stackheap_outer.o(.text)
    BSP_LED_Init                             0x0000050d   Thumb Code    30  bsp.o(i.BSP_LED_Init)
    BSP_LED_Off                              0x00000531   Thumb Code    20  bsp.o(i.BSP_LED_Off)
    BSP_LED_On                               0x00000549   Thumb Code    20  bsp.o(i.BSP_LED_On)
    CSP_GPIO_BitClr                          0x00000561   Thumb Code    14  csp.o(i.CSP_GPIO_BitClr)
    CSP_GPIO_BitDir                          0x00000575   Thumb Code    14  csp.o(i.CSP_GPIO_BitDir)
    CSP_GPIO_BitSet                          0x00000589   Thumb Code    14  csp.o(i.CSP_GPIO_BitSet)
    CSP_Init                                 0x0000059d   Thumb Code    28  csp.o(i.CSP_Init)
    CSP_PM_CPU_ClkFreqGet                    0x000005b9   Thumb Code    92  csp.o(i.CSP_PM_CPU_ClkFreqGet)
    Config905                                0x00000621   Thumb Code    56  bsp_nrf905.o(i.Config905)
    ConfigGPIO                               0x00000661   Thumb Code    50  bsp_nrf905.o(i.ConfigGPIO)
    Delay28ns                                0x00000699   Thumb Code    10  bsp_nrf905.o(i.Delay28ns)
    Init905                                  0x000006a5   Thumb Code    28  bsp_nrf905.o(i.Init905)
    MSpiRead                                 0x000006c5   Thumb Code    30  csp_ssp.o(i.MSpiRead)
    MSpiTest                                 0x000006e9   Thumb Code    64  bsp_nrf905.o(i.MSpiTest)
    MSpiWrite                                0x00000731   Thumb Code    12  csp_ssp.o(i.MSpiWrite)
    OSInit                                   0x0000076d   Thumb Code   202  os_core.o(i.OSInit)
    OSIntExit                                0x00000859   Thumb Code    96  os_core.o(i.OSIntExit)
    OSSemCreate                              0x000008c5   Thumb Code    60  os_sem.o(i.OSSemCreate)
    OSSemPend                                0x0000090d   Thumb Code   128  os_sem.o(i.OSSemPend)
    OSSemPost                                0x00000995   Thumb Code    78  os_sem.o(i.OSSemPost)
    OSStart                                  0x000009e5   Thumb Code    48  os_core.o(i.OSStart)
    OSTaskCreate                             0x00000a21   Thumb Code   134  os_task.o(i.OSTaskCreate)
    OSTaskCreateExt                          0x00000ab5   Thumb Code   154  os_task.o(i.OSTaskCreateExt)
    OSTaskCreateHook                         0x00000b5d   Thumb Code     2  os_cpu_c.o(i.OSTaskCreateHook)
    OSTaskIdleHook                           0x00000b5f   Thumb Code     2  os_cpu_c.o(i.OSTaskIdleHook)
    OSTaskStatHook                           0x00000b61   Thumb Code     2  os_cpu_c.o(i.OSTaskStatHook)
    OSTaskStkChk                             0x00000b65   Thumb Code   112  os_task.o(i.OSTaskStkChk)
    OSTaskStkInit                            0x00000bdd   Thumb Code   104  os_cpu_c.o(i.OSTaskStkInit)
    OSTaskSwHook                             0x00000c45   Thumb Code     2  os_cpu_c.o(i.OSTaskSwHook)
    OSTimeDly                                0x00000c49   Thumb Code    60  os_time.o(i.OSTimeDly)
    OSTimeTick                               0x00000c91   Thumb Code   140  os_core.o(i.OSTimeTick)
    OSTimeTickHook                           0x00000d21   Thumb Code     2  os_cpu_c.o(i.OSTimeTickHook)
    OS_CPU_SysTickHandler                    0x00000d25   Thumb Code    30  os_cpu_c.o(i.OS_CPU_SysTickHandler)
    OS_CPU_SysTickInit                       0x00000d49   Thumb Code    32  os_cpu_c.o(i.OS_CPU_SysTickInit)
    OS_CSP_TickInit                          0x00000d6d   Thumb Code    22  csp.o(i.OS_CSP_TickInit)
    OS_EventTO                               0x00000d85   Thumb Code    46  os_core.o(i.OS_EventTO)
    OS_EventTaskRdy                          0x00000db9   Thumb Code    94  os_core.o(i.OS_EventTaskRdy)
    OS_EventTaskWait                         0x00000e25   Thumb Code    68  os_core.o(i.OS_EventTaskWait)
    OS_EventWaitListInit                     0x00000e6d   Thumb Code    22  os_core.o(i.OS_EventWaitListInit)
    OS_FlagInit                              0x00000e85   Thumb Code    60  os_flag.o(i.OS_FlagInit)
    OS_MemInit                               0x00000f29   Thumb Code    66  os_mem.o(i.OS_MemInit)
    OS_QInit                                 0x00000f79   Thumb Code    44  os_q.o(i.OS_QInit)
    OS_Sched                                 0x00000fad   Thumb Code    76  os_core.o(i.OS_Sched)
    OS_TCBInit                               0x00001005   Thumb Code   202  os_core.o(i.OS_TCBInit)
    OS_TaskIdle                              0x000010e1   Thumb Code    22  os_core.o(i.OS_TaskIdle)
    OS_TaskStat                              0x000010fd   Thumb Code   100  os_core.o(i.OS_TaskStat)
    OS_TaskStatStkChk                        0x00001165   Thumb Code    50  os_core.o(i.OS_TaskStatStkChk)
    OS_TaskStkClr                            0x0000119d   Thumb Code    22  os_task.o(i.OS_TaskStkClr)
    RxPacket                                 0x000011b5   Thumb Code   104  bsp_nrf905.o(i.RxPacket)
    SSP0Init                                 0x00001229   Thumb Code   116  csp_ssp.o(i.SSP0Init)
    SSP0_IRQHandler                          0x000012ad   Thumb Code    54  csp_ssp.o(i.SSP0_IRQHandler)
    SSP1_IRQHandler                          0x000012ed   Thumb Code    54  csp_ssp.o(i.SSP1_IRQHandler)
    SSPSend                                  0x0000132d   Thumb Code    84  csp_ssp.o(i.SSPSend)
    SetRxMode                                0x00001389   Thumb Code    42  bsp_nrf905.o(i.SetRxMode)
    SetStandbyMode                           0x000013bd   Thumb Code    32  bsp_nrf905.o(i.SetStandbyMode)
    SystemCoreClockUpdate                    0x000013e5   Thumb Code   194  system_lpc17xx.o(i.SystemCoreClockUpdate)
    SystemInit                               0x000014c1   Thumb Code   188  system_lpc17xx.o(i.SystemInit)
    UART0_IRQHandler                         0x00001589   Thumb Code    98  csp_uart.o(i.UART0_IRQHandler)
    UART0_SendByte                           0x000015f9   Thumb Code    12  csp_uart.o(i.UART0_SendByte)
    UART1_IRQHandler                         0x00001609   Thumb Code    98  csp_uart.o(i.UART1_IRQHandler)
    UARTInit                                 0x00001679   Thumb Code   204  csp_uart.o(i.UARTInit)
    main                                     0x00001759   Thumb Code    48  app.o(i.main)
    _fp_init                                 0x00001795   Thumb Code    14  fpinit.o(x$fpl$fpinit)
    __fplib_config_pureend_doubles           0x000017a1   Thumb Code     0  fpinit.o(x$fpl$fpinit)
    OSMapTbl                                 0x000017a2   Data           8  os_core.o(.constdata)
    OSUnMapTbl                               0x000017aa   Data         256  os_core.o(.constdata)
    led_mask                                 0x000018c4   Data           8  bsp.o(.constdata)
    Region$$Table$$Base                      0x000018cc   Number         0  anon$$obj.o(Region$$Table)
    Region$$Table$$Limit                     0x000018ec   Number         0  anon$$obj.o(Region$$Table)
    SystemCoreClock                          0x10000000   Data           4  system_lpc17xx.o(.data)
    OsEnterSum                               0x10000004   Data           4  os_cpu_c.o(.data)
    OSCPUUsage                               0x10000008   Data           1  os_core.o(.data)
    OSStatRdy                                0x10000009   Data           1  os_core.o(.data)
    OSIntNesting                             0x1000000a   Data           1  os_core.o(.data)
    OSIntExitY                               0x1000000b   Data           1  os_core.o(.data)
    OSLockNesting                            0x1000000c   Data           1  os_core.o(.data)
    OSPrioCur                                0x1000000d   Data           1  os_core.o(.data)
    OSPrioHighRdy                            0x1000000e   Data           1  os_core.o(.data)
    OSRdyGrp                                 0x1000000f   Data           1  os_core.o(.data)
    OSRunning                                0x10000010   Data           1  os_core.o(.data)
    OSTaskCtr                                0x10000011   Data           1  os_core.o(.data)
    OSTickStepState                          0x10000012   Data           1  os_core.o(.data)
    OSCtxSwCtr                               0x10000014   Data           4  os_core.o(.data)
    OSEventFreeList                          0x10000018   Data           4  os_core.o(.data)
    OSIdleCtrMax                             0x1000001c   Data           4  os_core.o(.data)
    OSIdleCtrRun                             0x10000020   Data           4  os_core.o(.data)
    OSIdleCtr                                0x10000024   Data           4  os_core.o(.data)
    OSTCBCur                                 0x10000028   Data           4  os_core.o(.data)
    OSTCBFreeList                            0x1000002c   Data           4  os_core.o(.data)
    OSTCBHighRdy                             0x10000030   Data           4  os_core.o(.data)
    OSTCBList                                0x10000034   Data           4  os_core.o(.data)
    OSTime                                   0x10000038   Data           4  os_core.o(.data)
    OSRdyTbl                                 0x1000003c   Data           8  os_core.o(.data)
    OSFlagFreeList                           0x10000044   Data           4  os_core.o(.data)
    OSMemFreeList                            0x10000048   Data           4  os_core.o(.data)
    OSQFreeList                              0x1000004c   Data           4  os_core.o(.data)
    UART0TxEmpty                             0x10000050   Data           1  csp_uart.o(.data)
    UART1TxEmpty                             0x10000051   Data           1  csp_uart.o(.data)
    UART0Count                               0x10000054   Data           4  csp_uart.o(.data)
    UART1Count                               0x10000058   Data           4  csp_uart.o(.data)
    UART0Status                              0x1000005c   Data           4  csp_uart.o(.data)
    UART1Status                              0x10000060   Data           4  csp_uart.o(.data)
    interrupt0RxStat                         0x10000064   Data           4  csp_ssp.o(.data)
    interrupt0OverRunStat                    0x10000068   Data           4  csp_ssp.o(.data)
    interrupt0RxTimeoutStat                  0x1000006c   Data           4  csp_ssp.o(.data)
    interrupt1RxStat                         0x10000070   Data           4  csp_ssp.o(.data)
    interrupt1OverRunStat                    0x10000074   Data           4  csp_ssp.o(.data)
    interrupt1RxTimeoutStat                  0x10000078   Data           4  csp_ssp.o(.data)
    TxAddr                                   0x1000007c   Data           5  bsp_nrf905.o(.data)
    TxBuf                                    0x10000081   Data          32  bsp_nrf905.o(.data)
    RxBuf                                    0x100000a1   Data          32  bsp_nrf905.o(.data)
    TxRxConf                                 0x100000c1   Data          11  bsp_nrf905.o(.data)
    OSEventTbl                               0x100000d4   Data         480  os_core.o(.bss)
    OSTaskStatStk                            0x100002b4   Data         512  os_core.o(.bss)
    OSTaskIdleStk                            0x100004b4   Data         512  os_core.o(.bss)
    OSTCBPrioTbl                             0x100006b4   Data         256  os_core.o(.bss)
    OSTCBTbl                                 0x100007b4   Data        2288  os_core.o(.bss)
    OSFlagTbl                                0x100010a4   Data         220  os_core.o(.bss)
    OSMemTbl                                 0x10001180   Data         260  os_core.o(.bss)
    OSQTbl                                   0x10001284   Data          96  os_core.o(.bss)
    UART0Buffer                              0x100012e4   Data          64  csp_uart.o(.bss)
    UART1Buffer                              0x10001324   Data          64  csp_uart.o(.bss)
    __libspace_start                         0x100015bc   Data          96  libspace.o(.bss)
    __temporary_stack_top$libspace           0x1000161c   Data           0  libspace.o(.bss)



==============================================================================

Memory Map of the image

  Image Entry point : 0x000000cd

  Load Region LR_IROM1 (Base: 0x00000000, Size: 0x000019c0, Max: 0x00010000, ABSOLUTE)

    Execution Region ER_IROM1 (Base: 0x00000000, Size: 0x000018ec, Max: 0x00010000, ABSOLUTE)

    Base Addr    Size         Type   Attr      Idx    E Section Name        Object

    0x00000000   0x000000cc   Data   RO            3    RESET               startup_lpc17xx.o
    0x000000cc   0x00000008   Code   RO         1289  * !!!main             c_w.l(__main.o)
    0x000000d4   0x00000034   Code   RO         1456    !!!scatter          c_w.l(__scatter.o)
    0x00000108   0x0000001a   Code   RO         1458    !!handler_copy      c_w.l(__scatter_copy.o)
    0x00000122   0x00000002   PAD
    0x00000124   0x0000001c   Code   RO         1460    !!handler_zi        c_w.l(__scatter_zi.o)
    0x00000140   0x00000006   Code   RO         1326    .ARM.Collect$$libinit$$00000000  c_w.l(libinit.o)
    0x00000146   0x00000000   Code   RO         1340    .ARM.Collect$$libinit$$00000006  c_w.l(libinit2.o)
    0x00000146   0x00000000   Code   RO         1342    .ARM.Collect$$libinit$$00000008  c_w.l(libinit2.o)
    0x00000146   0x00000000   Code   RO         1344    .ARM.Collect$$libinit$$0000000A  c_w.l(libinit2.o)
    0x00000146   0x00000000   Code   RO         1347    .ARM.Collect$$libinit$$0000000D  c_w.l(libinit2.o)
    0x00000146   0x00000000   Code   RO         1349    .ARM.Collect$$libinit$$0000000F  c_w.l(libinit2.o)
    0x00000146   0x00000000   Code   RO         1351    .ARM.Collect$$libinit$$00000011  c_w.l(libinit2.o)
    0x00000146   0x00000000   Code   RO         1353    .ARM.Collect$$libinit$$00000013  c_w.l(libinit2.o)
    0x00000146   0x00000000   Code   RO         1355    .ARM.Collect$$libinit$$00000015  c_w.l(libinit2.o)
    0x00000146   0x00000000   Code   RO         1357    .ARM.Collect$$libinit$$00000017  c_w.l(libinit2.o)
    0x00000146   0x00000000   Code   RO         1359    .ARM.Collect$$libinit$$00000019  c_w.l(libinit2.o)
    0x00000146   0x00000000   Code   RO         1361    .ARM.Collect$$libinit$$0000001B  c_w.l(libinit2.o)
    0x00000146   0x00000000   Code   RO         1363    .ARM.Collect$$libinit$$0000001D  c_w.l(libinit2.o)
    0x00000146   0x00000000   Code   RO         1365    .ARM.Collect$$libinit$$0000001F  c_w.l(libinit2.o)
    0x00000146   0x00000000   Code   RO         1367    .ARM.Collect$$libinit$$00000021  c_w.l(libinit2.o)
    0x00000146   0x00000000   Code   RO         1371    .ARM.Collect$$libinit$$00000028  c_w.l(libinit2.o)
    0x00000146   0x00000000   Code   RO         1373    .ARM.Collect$$libinit$$0000002A  c_w.l(libinit2.o)
    0x00000146   0x00000000   Code   RO         1375    .ARM.Collect$$libinit$$0000002C  c_w.l(libinit2.o)
    0x00000146   0x00000000   Code   RO         1377    .ARM.Collect$$libinit$$0000002E  c_w.l(libinit2.o)
    0x00000146   0x00000002   Code   RO         1378    .ARM.Collect$$libinit$$0000002F  c_w.l(libinit2.o)
    0x00000148   0x00000002   Code   RO         1414    .ARM.Collect$$libshutdown$$00000000  c_w.l(libshutdown.o)
    0x0000014a   0x00000000   Code   RO         1441    .ARM.Collect$$libshutdown$$00000003  c_w.l(libshutdown2.o)
    0x0000014a   0x00000000   Code   RO         1444    .ARM.Collect$$libshutdown$$00000006  c_w.l(libshutdown2.o)
    0x0000014a   0x00000000   Code   RO         1447    .ARM.Collect$$libshutdown$$00000009  c_w.l(libshutdown2.o)
    0x0000014a   0x00000000   Code   RO         1449    .ARM.Collect$$libshutdown$$0000000B  c_w.l(libshutdown2.o)
    0x0000014a   0x00000000   Code   RO         1452    .ARM.Collect$$libshutdown$$0000000E  c_w.l(libshutdown2.o)
    0x0000014a   0x00000002   Code   RO         1453    .ARM.Collect$$libshutdown$$0000000F  c_w.l(libshutdown2.o)
    0x0000014c   0x00000000   Code   RO         1291    .ARM.Collect$$rtentry$$00000000  c_w.l(rtentry.o)
    0x0000014c   0x00000000   Code   RO         1297    .ARM.Collect$$rtentry$$00000002  c_w.l(rtentry2.o)
    0x0000014c   0x00000006   Code   RO         1309    .ARM.Collect$$rtentry$$00000004  c_w.l(rtentry4.o)
    0x00000152   0x00000000   Code   RO         1299    .ARM.Collect$$rtentry$$00000009  c_w.l(rtentry2.o)
    0x00000152   0x00000004   Code   RO         1300    .ARM.Collect$$rtentry$$0000000A  c_w.l(rtentry2.o)
    0x00000156   0x00000000   Code   RO         1302    .ARM.Collect$$rtentry$$0000000C  c_w.l(rtentry2.o)
    0x00000156   0x00000008   Code   RO         1303    .ARM.Collect$$rtentry$$0000000D  c_w.l(rtentry2.o)
    0x0000015e   0x00000002   Code   RO         1330    .ARM.Collect$$rtexit$$00000000  c_w.l(rtexit.o)
    0x00000160   0x00000000   Code   RO         1384    .ARM.Collect$$rtexit$$00000002  c_w.l(rtexit2.o)
    0x00000160   0x00000004   Code   RO         1385    .ARM.Collect$$rtexit$$00000003  c_w.l(rtexit2.o)
    0x00000164   0x00000006   Code   RO         1386    .ARM.Collect$$rtexit$$00000004  c_w.l(rtexit2.o)
    0x0000016a   0x00000002   PAD
    0x0000016c   0x00000038   Code   RO            5    .text               startup_lpc17xx.o
    0x000001a4   0x000000d0   Code   RO           64    .text               os_cpu_a.o
    0x00000274   0x0000004e   Code   RO         1285    .text               c_w.l(rt_memclr_w.o)
    0x000002c2   0x00000006   Code   RO         1287    .text               c_w.l(heapauxi.o)
    0x000002c8   0x0000000c   Code   RO         1315    .text               c_w.l(exit.o)
    0x000002d4   0x00000008   Code   RO         1327    .text               c_w.l(libspace.o)
    0x000002dc   0x0000000c   Code   RO         1381    .text               c_w.l(sys_exit.o)
    0x000002e8   0x00000008   Code   RO         1393    .text               c_w.l(rt_fp_status_addr_intlibspace.o)
    0x000002f0   0x00000002   Code   RO         1403    .text               c_w.l(use_no_semi.o)
    0x000002f2   0x00000000   Code   RO         1405    .text               c_w.l(indicate_semi.o)
    0x000002f2   0x00000004   Code   RO         1109    i.BSP_Init          bsp.o
    0x000002f6   0x00000002   Code   RO           68    i.OSInitHookBegin   os_cpu_c.o
    0x000002f8   0x00000002   Code   RO           69    i.OSInitHookEnd     os_cpu_c.o
    0x000002fa   0x00000002   Code   RO           70    i.OSTCBInitHook     os_cpu_c.o
    0x000002fc   0x00000004   Code   RO            4    .ARM.__at_0x02FC    startup_lpc17xx.o
    0x00000300   0x000000ee   Code   RO         1277    .text               c_w.l(lludivv7m.o)
    0x000003ee   0x0000004a   Code   RO         1313    .text               c_w.l(sys_stackheap_outer.o)
    0x00000438   0x00000044   Code   RO         1242    i.App_TaskLED1      app.o
    0x0000047c   0x00000054   Code   RO         1243    i.App_TaskNRF905    app.o
    0x000004d0   0x0000003c   Code   RO         1244    i.App_TaskStart     app.o
    0x0000050c   0x00000024   Code   RO         1110    i.BSP_LED_Init      bsp.o
    0x00000530   0x00000018   Code   RO         1111    i.BSP_LED_Off       bsp.o
    0x00000548   0x00000018   Code   RO         1112    i.BSP_LED_On        bsp.o
    0x00000560   0x00000014   Code   RO          921    i.CSP_GPIO_BitClr   csp.o
    0x00000574   0x00000014   Code   RO          922    i.CSP_GPIO_BitDir   csp.o
    0x00000588   0x00000014   Code   RO          923    i.CSP_GPIO_BitSet   csp.o
    0x0000059c   0x0000001c   Code   RO          924    i.CSP_Init          csp.o
    0x000005b8   0x00000068   Code   RO          925    i.CSP_PM_CPU_ClkFreqGet  csp.o
    0x00000620   0x00000040   Code   RO         1149    i.Config905         bsp_nrf905.o
    0x00000660   0x00000038   Code   RO         1150    i.ConfigGPIO        bsp_nrf905.o
    0x00000698   0x0000000a   Code   RO         1153    i.Delay28ns         bsp_nrf905.o
    0x000006a2   0x00000002   PAD
    0x000006a4   0x00000020   Code   RO         1154    i.Init905           bsp_nrf905.o
    0x000006c4   0x00000024   Code   RO         1027    i.MSpiRead          csp_ssp.o
    0x000006e8   0x00000048   Code   RO         1155    i.MSpiTest          bsp_nrf905.o
    0x00000730   0x0000000c   Code   RO         1029    i.MSpiWrite         csp_ssp.o
    0x0000073c   0x00000018   Code   RO          974    i.NVIC_EnableIRQ    csp_uart.o
    0x00000754   0x00000018   Code   RO         1030    i.NVIC_EnableIRQ    csp_ssp.o
    0x0000076c   0x000000ec   Code   RO          281    i.OSInit            os_core.o
    0x00000858   0x0000006c   Code   RO          283    i.OSIntExit         os_core.o
    0x000008c4   0x00000048   Code   RO          748    i.OSSemCreate       os_sem.o
    0x0000090c   0x00000088   Code   RO          750    i.OSSemPend         os_sem.o
    0x00000994   0x0000004e   Code   RO          751    i.OSSemPost         os_sem.o
    0x000009e2   0x00000002   PAD
    0x000009e4   0x0000003c   Code   RO          286    i.OSStart           os_core.o
    0x00000a20   0x00000094   Code   RO          794    i.OSTaskCreate      os_task.o
    0x00000ab4   0x000000a8   Code   RO          795    i.OSTaskCreateExt   os_task.o
    0x00000b5c   0x00000002   Code   RO           71    i.OSTaskCreateHook  os_cpu_c.o
    0x00000b5e   0x00000002   Code   RO           73    i.OSTaskIdleHook    os_cpu_c.o
    0x00000b60   0x00000002   Code   RO           75    i.OSTaskStatHook    os_cpu_c.o
    0x00000b62   0x00000002   PAD
    0x00000b64   0x00000078   Code   RO          802    i.OSTaskStkChk      os_task.o
    0x00000bdc   0x00000068   Code   RO           76    i.OSTaskStkInit     os_cpu_c.o
    0x00000c44   0x00000002   Code   RO           77    i.OSTaskSwHook      os_cpu_c.o
    0x00000c46   0x00000002   PAD
    0x00000c48   0x00000048   Code   RO          875    i.OSTimeDly         os_time.o
    0x00000c90   0x00000090   Code   RO          288    i.OSTimeTick        os_core.o
    0x00000d20   0x00000002   Code   RO           78    i.OSTimeTickHook    os_cpu_c.o
    0x00000d22   0x00000002   PAD
    0x00000d24   0x00000024   Code   RO           79    i.OS_CPU_SysTickHandler  os_cpu_c.o
    0x00000d48   0x00000024   Code   RO           80    i.OS_CPU_SysTickInit  os_cpu_c.o
    0x00000d6c   0x00000016   Code   RO          926    i.OS_CSP_TickInit   csp.o
    0x00000d82   0x00000002   PAD
    0x00000d84   0x00000034   Code   RO          291    i.OS_EventTO        os_core.o
    0x00000db8   0x0000006c   Code   RO          292    i.OS_EventTaskRdy   os_core.o
    0x00000e24   0x00000048   Code   RO          293    i.OS_EventTaskWait  os_core.o
    0x00000e6c   0x00000016   Code   RO          294    i.OS_EventWaitListInit  os_core.o
    0x00000e82   0x00000002   PAD
    0x00000e84   0x00000048   Code   RO          447    i.OS_FlagInit       os_flag.o
    0x00000ecc   0x0000005c   Code   RO          295    i.OS_InitTCBList    os_core.o
    0x00000f28   0x00000050   Code   RO          585    i.OS_MemInit        os_mem.o
    0x00000f78   0x00000034   Code   RO          686    i.OS_QInit          os_q.o
    0x00000fac   0x00000058   Code   RO          296    i.OS_Sched          os_core.o
    0x00001004   0x000000dc   Code   RO          297    i.OS_TCBInit        os_core.o
    0x000010e0   0x0000001c   Code   RO          298    i.OS_TaskIdle       os_core.o
    0x000010fc   0x00000068   Code   RO          299    i.OS_TaskStat       os_core.o
    0x00001164   0x00000038   Code   RO          300    i.OS_TaskStatStkChk  os_core.o
    0x0000119c   0x00000016   Code   RO          804    i.OS_TaskStkClr     os_task.o
    0x000011b2   0x00000002   PAD
    0x000011b4   0x00000074   Code   RO         1156    i.RxPacket          bsp_nrf905.o
    0x00001228   0x00000084   Code   RO         1031    i.SSP0Init          csp_ssp.o
    0x000012ac   0x00000040   Code   RO         1032    i.SSP0_IRQHandler   csp_ssp.o
    0x000012ec   0x00000040   Code   RO         1034    i.SSP1_IRQHandler   csp_ssp.o
    0x0000132c   0x0000005c   Code   RO         1036    i.SSPSend           csp_ssp.o
    0x00001388   0x00000034   Code   RO         1158    i.SetRxMode         bsp_nrf905.o
    0x000013bc   0x00000028   Code   RO         1159    i.SetStandbyMode    bsp_nrf905.o
    0x000013e4   0x000000dc   Code   RO           24    i.SystemCoreClockUpdate  system_lpc17xx.o
    0x000014c0   0x000000c8   Code   RO           25    i.SystemInit        system_lpc17xx.o
    0x00001588   0x00000070   Code   RO          975    i.UART0_IRQHandler  csp_uart.o
    0x000015f8   0x00000010   Code   RO          976    i.UART0_SendByte    csp_uart.o
    0x00001608   0x00000070   Code   RO          977    i.UART1_IRQHandler  csp_uart.o
    0x00001678   0x000000e0   Code   RO          978    i.UARTInit          csp_uart.o
    0x00001758   0x0000003c   Code   RO         1245    i.main              app.o
    0x00001794   0x0000000e   Code   RO         1379    x$fpl$fpinit        fz_ws.l(fpinit.o)
    0x000017a2   0x00000108   Data   RO          305    .constdata          os_core.o
    0x000018aa   0x00000002   PAD
    0x000018ac   0x00000010   Data   RO          927    .constdata          csp.o
    0x000018bc   0x00000008   Data   RO         1038    .constdata          csp_ssp.o
    0x000018c4   0x00000008   Data   RO         1113    .constdata          bsp.o
    0x000018cc   0x00000020   Data   RO         1454    Region$$Table       anon$$obj.o


    Execution Region RW_IRAM1 (Base: 0x10000000, Size: 0x00001820, Max: 0x00004000, ABSOLUTE)

    Base Addr    Size         Type   Attr      Idx    E Section Name        Object

    0x10000000   0x00000004   Data   RW           26    .data               system_lpc17xx.o
    0x10000004   0x00000004   Data   RW           81    .data               os_cpu_c.o
    0x10000008   0x0000003c   Data   RW          306    .data               os_core.o
    0x10000044   0x00000004   Data   RW          307    .data               os_core.o
    0x10000048   0x00000004   Data   RW          308    .data               os_core.o
    0x1000004c   0x00000004   Data   RW          309    .data               os_core.o
    0x10000050   0x00000014   Data   RW          981    .data               csp_uart.o
    0x10000064   0x00000018   Data   RW         1039    .data               csp_ssp.o
    0x1000007c   0x00000050   Data   RW         1162    .data               bsp_nrf905.o
    0x100000cc   0x00000008   Data   RW         1247    .data               app.o
    0x100000d4   0x00000fd0   Zero   RW          301    .bss                os_core.o
    0x100010a4   0x000000dc   Zero   RW          302    .bss                os_core.o
    0x10001180   0x00000104   Zero   RW          303    .bss                os_core.o
    0x10001284   0x00000060   Zero   RW          304    .bss                os_core.o
    0x100012e4   0x00000080   Zero   RW          980    .bss                csp_uart.o
    0x10001364   0x00000258   Zero   RW         1246    .bss                app.o
    0x100015bc   0x00000060   Zero   RW         1328    .bss                c_w.l(libspace.o)
    0x1000161c   0x00000004   PAD
    0x10001620   0x00000000   Zero   RW            2    HEAP                startup_lpc17xx.o
    0x10001620   0x00000200   Zero   RW            1    STACK               startup_lpc17xx.o


==============================================================================

Image component sizes


      Code (inc. data)   RO Data    RW Data    ZI Data      Debug   Object Name

       272         40          0          8        600       2271   app.o
        88         14          8          0          0       1976   bsp.o
       442         56          0         80          0       4138   bsp_nrf905.o
         0          0          0          0          0       4164   core_cm3.o
       214         30         16          0          0       6499   csp.o
       424         50          8         24          0       5096   csp_ssp.o
       488         52          0         20        128      18903   csp_uart.o
      1390        150        264         72       4624      17952   os_core.o
       208         38          0          0          0        280   os_cpu_a.o
       192         10          0          4          0      31968   os_cpu_c.o
         0          0          0          0          0        873   os_debug.o
        72         12          0          0          0       6801   os_flag.o
        80         14          0          0          0        517   os_mem.o
        52          8          0          0          0        507   os_q.o
       286         20          0          0          0       2110   os_sem.o
       458         36          0          0          0       3476   os_task.o
        72         12          0          0          0        552   os_time.o
        60         26        204          0        512        856   startup_lpc17xx.o
       420         38          0          4          0       1235   system_lpc17xx.o

    ----------------------------------------------------------------------
      5234        606        534        212       5864     110174   Object Totals
         0          0         32          0          0          0   (incl. Generated)
        16          0          2          0          0          0   (incl. Padding)

    ----------------------------------------------------------------------

      Code (inc. data)   RO Data    RW Data    ZI Data      Debug   Library Member Name

         8          0          0          0          0         68   __main.o
        52          8          0          0          0          0   __scatter.o
        26          0          0          0          0          0   __scatter_copy.o
        28          0          0          0          0          0   __scatter_zi.o
        12          0          0          0          0         72   exit.o
         6          0          0          0          0        152   heapauxi.o
         0          0          0          0          0          0   indicate_semi.o
         6          0          0          0          0          0   libinit.o
         2          0          0          0          0          0   libinit2.o
         2          0          0          0          0          0   libshutdown.o
         2          0          0          0          0          0   libshutdown2.o
         8          4          0          0         96         68   libspace.o
       238          0          0          0          0        100   lludivv7m.o
         8          4          0          0          0         68   rt_fp_status_addr_intlibspace.o
        78          0          0          0          0         80   rt_memclr_w.o
         0          0          0          0          0          0   rtentry.o
        12          0          0          0          0          0   rtentry2.o
         6          0          0          0          0          0   rtentry4.o
         2          0          0          0          0          0   rtexit.o
        10          0          0          0          0          0   rtexit2.o
        12          4          0          0          0         68   sys_exit.o
        74          0          0          0          0         80   sys_stackheap_outer.o
         2          0          0          0          0         68   use_no_semi.o
        14          0          0          0          0         76   fpinit.o

    ----------------------------------------------------------------------
       612         20          0          0        100        900   Library Totals
         4          0          0          0          4          0   (incl. Padding)

    ----------------------------------------------------------------------

      Code (inc. data)   RO Data    RW Data    ZI Data      Debug   Library Name

       594         20          0          0         96        824   c_w.l
        14          0          0          0          0         76   fz_ws.l

    ----------------------------------------------------------------------
       612         20          0          0        100        900   Library Totals

    ----------------------------------------------------------------------

==============================================================================


      Code (inc. data)   RO Data    RW Data    ZI Data      Debug   

      5846        626        534        212       5964     107070   Grand Totals
      5846        626        534        212       5964     107070   ELF Image Totals
      5846        626        534        212          0          0   ROM Totals

==============================================================================

    Total RO  Size (Code + RO Data)                 6380 (   6.23kB)
    Total RW  Size (RW Data + ZI Data)              6176 (   6.03kB)
    Total ROM Size (Code + RO Data + RW Data)       6592 (   6.44kB)

==============================================================================

