ARM Linker, 4.1 [Build 791] [Standard]

==============================================================================

Section Cross References

    app.o(i.App_TaskLED1) refers to bsp.o(i.BSP_LED_Init) for BSP_LED_Init
    app.o(i.App_TaskLED1) refers to bsp.o(i.BSP_LED_Off) for BSP_LED_Off
    app.o(i.App_TaskLED1) refers to os_sem.o(i.OSSemPend) for OSSemPend
    app.o(i.App_TaskLED1) refers to os_time.o(i.OSTimeDly) for OSTimeDly
    app.o(i.App_TaskLED1) refers to bsp.o(i.BSP_LED_On) for BSP_LED_On
    app.o(i.App_TaskLED1) refers to os_sem.o(i.OSSemPost) for OSSemPost
    app.o(i.App_TaskLED1) refers to app.o(.data) for .data
    app.o(i.App_TaskNRF905) refers to bsp_nrf905.o(i.MSpiTest) for MSpiTest
    app.o(i.App_TaskNRF905) refers to os_sem.o(i.OSSemPend) for OSSemPend
    app.o(i.App_TaskNRF905) refers to bsp_nrf905.o(i.RxPacket) for RxPacket
    app.o(i.App_TaskNRF905) refers to csp_uart.o(i.UART0_SendByte) for UART0_SendByte
    app.o(i.App_TaskNRF905) refers to os_time.o(i.OSTimeDly) for OSTimeDly
    app.o(i.App_TaskNRF905) refers to os_sem.o(i.OSSemPost) for OSSemPost
    app.o(i.App_TaskNRF905) refers to app.o(.data) for .data
    app.o(i.App_TaskNRF905) refers to bsp_nrf905.o(.data) for RxBuf
    app.o(i.App_TaskStart) refers to csp.o(i.CSP_Init) for CSP_Init
    app.o(i.App_TaskStart) refers to bsp.o(i.BSP_Init) for BSP_Init
    app.o(i.App_TaskStart) refers to os_task.o(i.OSTaskCreate) for OSTaskCreate
    app.o(i.App_TaskStart) refers to os_time.o(i.OSTimeDly) for OSTimeDly
    app.o(i.App_TaskStart) refers to app.o(.bss) for .bss
    app.o(i.App_TaskStart) refers to app.o(i.App_TaskNRF905) for App_TaskNRF905
    app.o(i.App_TaskStart) refers to app.o(i.App_TaskLED1) for App_TaskLED1
    app.o(i.main) refers to os_cpu_a.o(.text) for CPU_IntDis
    app.o(i.main) refers to os_core.o(i.OSInit) for OSInit
    app.o(i.main) refers to os_sem.o(i.OSSemCreate) for OSSemCreate
    app.o(i.main) refers to os_task.o(i.OSTaskCreate) for OSTaskCreate
    app.o(i.main) refers to os_core.o(i.OSStart) for OSStart
    app.o(i.main) refers to app.o(.data) for .data
    app.o(i.main) refers to app.o(.bss) for .bss
    app.o(i.main) refers to app.o(i.App_TaskStart) for App_TaskStart
    bsp.o(i.BSP_Init) refers to bsp_nrf905.o(i.Init905) for Init905
    bsp.o(i.BSP_LED_Init) refers to csp.o(i.CSP_GPIO_BitDir) for CSP_GPIO_BitDir
    bsp.o(i.BSP_LED_Init) refers to bsp.o(.constdata) for .constdata
    bsp.o(i.BSP_LED_Off) refers to csp.o(i.CSP_GPIO_BitSet) for CSP_GPIO_BitSet
    bsp.o(i.BSP_LED_Off) refers to bsp.o(.constdata) for .constdata
    bsp.o(i.BSP_LED_On) refers to csp.o(i.CSP_GPIO_BitClr) for CSP_GPIO_BitClr
    bsp.o(i.BSP_LED_On) refers to bsp.o(.constdata) for .constdata
    bsp_nrf905.o(i.Config905) refers to csp_ssp.o(i.MSpiWrite) for MSpiWrite
    bsp_nrf905.o(i.Config905) refers to bsp_nrf905.o(.data) for .data
    bsp_nrf905.o(i.ConfigGPIO) refers to csp_ssp.o(i.SSP0Init) for SSP0Init
    bsp_nrf905.o(i.Init905) refers to bsp_nrf905.o(i.ConfigGPIO) for ConfigGPIO
    bsp_nrf905.o(i.Init905) refers to bsp_nrf905.o(i.SetStandbyMode) for SetStandbyMode
    bsp_nrf905.o(i.Init905) refers to bsp_nrf905.o(i.Delay28ns) for Delay28ns
    bsp_nrf905.o(i.Init905) refers to bsp_nrf905.o(i.Config905) for Config905
    bsp_nrf905.o(i.Init905) refers to bsp_nrf905.o(i.SetRxMode) for SetRxMode
    bsp_nrf905.o(i.MSpiTest) refers to csp_ssp.o(i.MSpiWrite) for MSpiWrite
    bsp_nrf905.o(i.MSpiTest) refers to csp_ssp.o(i.MSpiRead) for MSpiRead
    bsp_nrf905.o(i.MSpiTest) refers to bsp_nrf905.o(.data) for .data
    bsp_nrf905.o(i.RxPacket) refers to bsp_nrf905.o(i.SetRxMode) for SetRxMode
    bsp_nrf905.o(i.RxPacket) refers to bsp_nrf905.o(i.Delay28ns) for Delay28ns
    bsp_nrf905.o(i.RxPacket) refers to bsp_nrf905.o(i.SetStandbyMode) for SetStandbyMode
    bsp_nrf905.o(i.RxPacket) refers to csp_ssp.o(i.MSpiWrite) for MSpiWrite
    bsp_nrf905.o(i.RxPacket) refers to csp_ssp.o(i.MSpiRead) for MSpiRead
    bsp_nrf905.o(i.RxPacket) refers to bsp_nrf905.o(.data) for .data
    bsp_nrf905.o(i.SetPowerOffMode) refers to bsp_nrf905.o(i.Delay28ns) for Delay28ns
    bsp_nrf905.o(i.SetRxMode) refers to bsp_nrf905.o(i.Delay28ns) for Delay28ns
    bsp_nrf905.o(i.SetStandbyMode) refers to bsp_nrf905.o(i.Delay28ns) for Delay28ns
    bsp_nrf905.o(i.SetTxMode) refers to bsp_nrf905.o(i.Delay28ns) for Delay28ns
    bsp_nrf905.o(i.TxPacket) refers to bsp_nrf905.o(i.SetTxMode) for SetTxMode
    bsp_nrf905.o(i.TxPacket) refers to bsp_nrf905.o(i.Delay28ns) for Delay28ns
    bsp_nrf905.o(i.TxPacket) refers to bsp_nrf905.o(i.SetStandbyMode) for SetStandbyMode
    bsp_nrf905.o(i.TxPacket) refers to csp_ssp.o(i.MSpiWrite) for MSpiWrite
    bsp_nrf905.o(i.TxPacket) refers to bsp_nrf905.o(.data) for .data
    os_cpu_a.o(.text) refers (Special) to os_core.o(i.OSIntExit) for OSIntExit
    os_cpu_a.o(.text) refers to os_cpu_c.o(.data) for OsEnterSum
    os_cpu_a.o(.text) refers to os_core.o(.data) for OSRunning
[...]
    os_task.o(i.OSTaskQuery) refers to os_core.o(.bss) for OSTCBPrioTbl
    os_task.o(i.OSTaskResume) refers to os_cpu_a.o(.text) for OS_ENTER_CRITICAL
    os_task.o(i.OSTaskResume) refers to os_core.o(i.OS_Sched) for OS_Sched
    os_task.o(i.OSTaskResume) refers to os_core.o(.bss) for OSTCBPrioTbl
    os_task.o(i.OSTaskResume) refers to os_core.o(.data) for OSRdyGrp
    os_task.o(i.OSTaskStkChk) refers to os_cpu_a.o(.text) for OS_ENTER_CRITICAL
    os_task.o(i.OSTaskStkChk) refers to os_core.o(.data) for OSTCBCur
    os_task.o(i.OSTaskStkChk) refers to os_core.o(.bss) for OSTCBPrioTbl
    os_task.o(i.OSTaskSuspend) refers to os_cpu_a.o(.text) for OS_ENTER_CRITICAL
    os_task.o(i.OSTaskSuspend) refers to os_core.o(i.OS_Sched) for OS_Sched
    os_task.o(i.OSTaskSuspend) refers to os_core.o(.data) for OSTCBCur
    os_task.o(i.OSTaskSuspend) refers to os_core.o(.bss) for OSTCBPrioTbl
    os_time.o(i.OSTimeDly) refers to os_cpu_a.o(.text) for OS_ENTER_CRITICAL
    os_time.o(i.OSTimeDly) refers to os_core.o(i.OS_Sched) for OS_Sched
    os_time.o(i.OSTimeDly) refers to os_core.o(.data) for OSTCBCur
    os_time.o(i.OSTimeDlyHMSM) refers to os_time.o(i.OSTimeDly) for OSTimeDly
    os_time.o(i.OSTimeDlyResume) refers to os_cpu_a.o(.text) for OS_ENTER_CRITICAL
    os_time.o(i.OSTimeDlyResume) refers to os_core.o(i.OS_Sched) for OS_Sched
    os_time.o(i.OSTimeDlyResume) refers to os_core.o(.bss) for OSTCBPrioTbl
    os_time.o(i.OSTimeDlyResume) refers to os_core.o(.data) for OSRdyGrp
    os_time.o(i.OSTimeGet) refers to os_cpu_a.o(.text) for OS_ENTER_CRITICAL
    os_time.o(i.OSTimeGet) refers to os_core.o(.data) for OSTime
    os_time.o(i.OSTimeSet) refers to os_cpu_a.o(.text) for OS_ENTER_CRITICAL
    os_time.o(i.OSTimeSet) refers to os_core.o(.data) for OSTime
    csp.o(i.CSP_GPIO_BitClr) refers to csp.o(.constdata) for .constdata
    csp.o(i.CSP_GPIO_BitDir) refers to csp.o(.constdata) for .constdata
    csp.o(i.CSP_GPIO_BitSet) refers to csp.o(.constdata) for .constdata
    csp.o(i.CSP_Init) refers to system_lpc17xx.o(i.SystemInit) for SystemInit
    csp.o(i.CSP_Init) refers to system_lpc17xx.o(i.SystemCoreClockUpdate) for SystemCoreClockUpdate
    csp.o(i.CSP_Init) refers to csp.o(i.OS_CSP_TickInit) for OS_CSP_TickInit
    csp.o(i.CSP_Init) refers to csp_uart.o(i.UARTInit) for UARTInit
    csp.o(i.OS_CSP_TickInit) refers to csp.o(i.CSP_PM_CPU_ClkFreqGet) for CSP_PM_CPU_ClkFreqGet
    csp.o(i.OS_CSP_TickInit) refers to os_cpu_c.o(i.OS_CPU_SysTickInit) for OS_CPU_SysTickInit
    csp_uart.o(i.UART0_IRQHandler) refers to csp_uart.o(.bss) for .bss
    csp_uart.o(i.UART0_IRQHandler) refers to csp_uart.o(.data) for .data
    csp_uart.o(i.UART1_IRQHandler) refers to csp_uart.o(.bss) for .bss
    csp_uart.o(i.UART1_IRQHandler) refers to csp_uart.o(.data) for .data
    csp_uart.o(i.UARTInit) refers to csp_uart.o(i.NVIC_EnableIRQ) for NVIC_EnableIRQ
    csp_uart.o(i.UARTInit) refers to system_lpc17xx.o(.data) for SystemCoreClock
    csp_uart.o(i.UARTSend) refers to csp_uart.o(.data) for .data
    csp_ssp.o(i.MSpiRead) refers to csp_ssp.o(.constdata) for .constdata
    csp_ssp.o(i.MSpiReadWrite) refers to csp_ssp.o(.constdata) for .constdata
    csp_ssp.o(i.MSpiWrite) refers to csp_ssp.o(i.SSPSend) for SSPSend
    csp_ssp.o(i.SSP0Init) refers to csp_ssp.o(i.NVIC_EnableIRQ) for NVIC_EnableIRQ
    csp_ssp.o(i.SSP0_IRQHandler) refers to csp_ssp.o(.data) for .data
    csp_ssp.o(i.SSP1Init) refers to csp_ssp.o(i.NVIC_EnableIRQ) for NVIC_EnableIRQ
    csp_ssp.o(i.SSP1_IRQHandler) refers to csp_ssp.o(.data) for .data
    system_lpc17xx.o(i.SystemCoreClockUpdate) refers to lludivv7m.o(.text) for __aeabi_uldivmod
    system_lpc17xx.o(i.SystemCoreClockUpdate) refers to system_lpc17xx.o(.data) for .data
    startup_lpc17xx.o(STACK) refers (Special) to heapauxi.o(.text) for __use_two_region_memory
    startup_lpc17xx.o(HEAP) refers (Special) to heapauxi.o(.text) for __use_two_region_memory
    startup_lpc17xx.o(RESET) refers (Special) to heapauxi.o(.text) for __use_two_region_memory
    startup_lpc17xx.o(RESET) refers to startup_lpc17xx.o(STACK) for __initial_sp
    startup_lpc17xx.o(RESET) refers to startup_lpc17xx.o(.text) for Reset_Handler
    startup_lpc17xx.o(RESET) refers to os_cpu_a.o(.text) for OS_CPU_PendSVHandler
    startup_lpc17xx.o(RESET) refers to os_cpu_c.o(i.OS_CPU_SysTickHandler) for OS_CPU_SysTickHandler
    startup_lpc17xx.o(RESET) refers to csp_uart.o(i.UART0_IRQHandler) for UART0_IRQHandler
    startup_lpc17xx.o(RESET) refers to csp_uart.o(i.UART1_IRQHandler) for UART1_IRQHandler
    startup_lpc17xx.o(RESET) refers to csp_ssp.o(i.SSP0_IRQHandler) for SSP0_IRQHandler
    startup_lpc17xx.o(RESET) refers to csp_ssp.o(i.SSP1_IRQHandler) for SSP1_IRQHandler
    startup_lpc17xx.o(.ARM.__at_0x02FC) refers (Special) to heapauxi.o(.text) for __use_two_region_memory
    startup_lpc17xx.o(.text) refers (Special) to heapauxi.o(.text) for __use_two_region_memory
    startup_lpc17xx.o(.text) refers to system_lpc17xx.o(i.SystemInit) for SystemInit
    startup_lpc17xx.o(.text) refers to __main.o(!!!main) for __main
    startup_lpc17xx.o(.text) refers to startup_lpc17xx.o(HEAP) for Heap_Mem
    startup_lpc17xx.o(.text) refers to startup_lpc17xx.o(STACK) for Stack_Mem
    __main.o(!!!main) refers to rtentry.o(.ARM.Collect$$rtentry$$00000000) for __rt_entry
    rtentry.o(.ARM.Collect$$rtentry$$00000000) refers (Special) to rtentry2.o(.ARM.Collect$$rtentry$$0000000A) for __rt_entry_li
    rtentry.o(.ARM.Collect$$rtentry$$00000000) refers (Special) to rtentry2.o(.ARM.Collect$$rtentry$$0000000D) for __rt_entry_main
    rtentry.o(.ARM.Collect$$rtentry$$00000000) refers (Special) to rtentry2.o(.ARM.Collect$$rtentry$$0000000C) for __rt_entry_postli_1
    rtentry.o(.ARM.Collect$$rtentry$$00000000) refers (Special) to rtentry2.o(.ARM.Collect$$rtentry$$00000009) for __rt_entry_postsh_1
    rtentry.o(.ARM.Collect$$rtentry$$00000000) refers (Special) to rtentry2.o(.ARM.Collect$$rtentry$$00000002) for __rt_entry_presh_1
    rtentry.o(.ARM.Collect$$rtentry$$00000000) refers (Special) to rtentry4.o(.ARM.Collect$$rtentry$$00000004) for __rt_entry_sh
    aeabi_ldiv0_sigfpe.o(.text) refers to rt_div0.o(.text) for __rt_div0
    rtentry2.o(.ARM.Collect$$rtentry$$00000008) refers to boardinit2.o(.text) for _platform_post_stackheap_init
    rtentry2.o(.ARM.Collect$$rtentry$$0000000A) refers to libinit.o(.ARM.Collect$$libinit$$00000000) for __rt_lib_init
    rtentry2.o(.ARM.Collect$$rtentry$$0000000B) refers to boardinit3.o(.text) for _platform_post_lib_init
    rtentry2.o(.ARM.Collect$$rtentry$$0000000D) refers to app.o(i.main) for main
    rtentry2.o(.ARM.Collect$$rtentry$$0000000D) refers to exit.o(.text) for exit
    rtentry2.o(.ARM.exidx) refers to rtentry2.o(.ARM.Collect$$rtentry$$00000001) for .ARM.Collect$$rtentry$$00000001
    rtentry2.o(.ARM.exidx) refers to rtentry2.o(.ARM.Collect$$rtentry$$00000008) for .ARM.Collect$$rtentry$$00000008
    rtentry2.o(.ARM.exidx) refers to rtentry2.o(.ARM.Collect$$rtentry$$0000000A) for .ARM.Collect$$rtentry$$0000000A
    rtentry2.o(.ARM.exidx) refers to rtentry2.o(.ARM.Collect$$rtentry$$0000000B) for .ARM.Collect$$rtentry$$0000000B
    rtentry2.o(.ARM.exidx) refers to rtentry2.o(.ARM.Collect$$rtentry$$0000000D) for .ARM.Collect$$rtentry$$0000000D
    rtentry4.o(.ARM.Collect$$rtentry$$00000004) refers to sys_stackheap_outer.o(.text) for __user_setup_stackheap
    rtentry4.o(.ARM.exidx) refers to rtentry4.o(.ARM.Collect$$rtentry$$00000004) for .ARM.Collect$$rtentry$$00000004
    rt_div0.o(.text) refers to defsig_fpe_outer.o(.text) for __rt_SIGFPE
    sys_stackheap_outer.o(.text) refers to libspace.o(.text) for __user_perproc_libspace
    sys_stackheap_outer.o(.text) refers to startup_lpc17xx.o(.text) for __user_initial_stackheap
    exit.o(.text) refers to rtexit.o(.ARM.Collect$$rtexit$$00000000) for __rt_exit
    defsig_fpe_outer.o(.text) refers to defsig_fpe_inner.o(.text) for __rt_SIGFPE_inner
    defsig_fpe_outer.o(.text) refers to defsig_exit.o(.text) for __sig_exit
    defsig_fpe_formal.o(.text) refers to rt_raise.o(.text) for __rt_raise
    libinit.o(.ARM.Collect$$libinit$$00000000) refers (Special) to libinit2.o(.ARM.Collect$$libinit$$0000002A) for __rt_lib_init_alloca_1
    libinit.o(.ARM.Collect$$libinit$$00000000) refers (Special) to libinit2.o(.ARM.Collect$$libinit$$00000028) for __rt_lib_init_argv_1
    libinit.o(.ARM.Collect$$libinit$$00000000) refers (Special) to libinit2.o(.ARM.Collect$$libinit$$00000017) for __rt_lib_init_atexit_1
    libinit.o(.ARM.Collect$$libinit$$00000000) refers (Special) to libinit2.o(.ARM.Collect$$libinit$$0000001D) for __rt_lib_init_clock_1
    libinit.o(.ARM.Collect$$libinit$$00000000) refers (Special) to libinit2.o(.ARM.Collect$$libinit$$0000002E) for __rt_lib_init_cpp_1
    libinit.o(.ARM.Collect$$libinit$$00000000) refers (Special) to libinit2.o(.ARM.Collect$$libinit$$0000002C) for __rt_lib_init_exceptions_1
    libinit.o(.ARM.Collect$$libinit$$00000000) refers (Special) to libinit2.o(.ARM.Collect$$libinit$$0000001B) for __rt_lib_init_fp_trap_1
    libinit.o(.ARM.Collect$$libinit$$00000000) refers (Special) to libinit2.o(.ARM.Collect$$libinit$$0000001F) for __rt_lib_init_getenv_1
    libinit.o(.ARM.Collect$$libinit$$00000000) refers (Special) to libinit2.o(.ARM.Collect$$libinit$$00000006) for __rt_lib_init_heap_1
    libinit.o(.ARM.Collect$$libinit$$00000000) refers (Special) to libinit2.o(.ARM.Collect$$libinit$$0000000D) for __rt_lib_init_lc_collate_1
    libinit.o(.ARM.Collect$$libinit$$00000000) refers (Special) to libinit2.o(.ARM.Collect$$libinit$$0000000F) for __rt_lib_init_lc_ctype_1
    libinit.o(.ARM.Collect$$libinit$$00000000) refers (Special) to libinit2.o(.ARM.Collect$$libinit$$00000011) for __rt_lib_init_lc_monetary_1
    libinit.o(.ARM.Collect$$libinit$$00000000) refers (Special) to libinit2.o(.ARM.Collect$$libinit$$00000013) for __rt_lib_init_lc_numeric_1
    libinit.o(.ARM.Collect$$libinit$$00000000) refers (Special) to libinit2.o(.ARM.Collect$$libinit$$00000015) for __rt_lib_init_lc_time_1
    libinit.o(.ARM.Collect$$libinit$$00000000) refers (Special) to libinit2.o(.ARM.Collect$$libinit$$0000000A) for __rt_lib_init_rand_1
    libinit.o(.ARM.Collect$$libinit$$00000000) refers (Special) to libinit2.o(.ARM.Collect$$libinit$$0000002F) for __rt_lib_init_return
    libinit.o(.ARM.Collect$$libinit$$00000000) refers (Special) to libinit2.o(.ARM.Collect$$libinit$$00000019) for __rt_lib_init_signal_1
    libinit.o(.ARM.Collect$$libinit$$00000000) refers (Special) to libinit2.o(.ARM.Collect$$libinit$$00000021) for __rt_lib_init_stdio_1
    libinit.o(.ARM.Collect$$libinit$$00000000) refers (Special) to libinit2.o(.ARM.Collect$$libinit$$00000008) for __rt_lib_init_user_alloc_1
    libinit.o(.ARM.Collect$$libinit$$00000000) refers to fpinit.o(x$fpl$fpinit) for _fp_init
    libspace.o(.text) refers to libspace.o(.bss) for __libspace_start
    rtexit.o(.ARM.Collect$$rtexit$$00000000) refers (Special) to rtexit2.o(.ARM.Collect$$rtexit$$00000004) for __rt_exit_exit
    rtexit.o(.ARM.Collect$$rtexit$$00000000) refers (Special) to rtexit2.o(.ARM.Collect$$rtexit$$00000003) for __rt_exit_ls
    rtexit.o(.ARM.Collect$$rtexit$$00000000) refers (Special) to rtexit2.o(.ARM.Collect$$rtexit$$00000002) for __rt_exit_prels_1
    rtexit.o(.ARM.exidx) refers (Special) to rtexit2.o(.ARM.Collect$$rtexit$$00000004) for __rt_exit_exit
    rtexit.o(.ARM.exidx) refers (Special) to rtexit2.o(.ARM.Collect$$rtexit$$00000003) for __rt_exit_ls
    rtexit.o(.ARM.exidx) refers (Special) to rtexit2.o(.ARM.Collect$$rtexit$$00000002) for __rt_exit_prels_1
    rtexit.o(.ARM.exidx) refers to rtexit.o(.ARM.Collect$$rtexit$$00000000) for .ARM.Collect$$rtexit$$00000000
    rt_raise.o(.text) refers to __raise.o(.text) for __raise
    rt_raise.o(.text) refers to sys_exit.o(.text) for _sys_exit
    defsig_exit.o(.text) refers to sys_exit.o(.text) for _sys_exit
    defsig_fpe_inner.o(.text) refers to defsig_general.o(.text) for __default_signal_display
    libinit2.o(.ARM.Collect$$libinit$$0000000C) refers to libinit2.o(.ARM.Collect$$libinit$$0000000B) for .ARM.Collect$$libinit$$0000000B
    libinit2.o(.ARM.Collect$$libinit$$0000000E) refers to libinit2.o(.ARM.Collect$$libinit$$0000000B) for .ARM.Collect$$libinit$$0000000B
    libinit2.o(.ARM.Collect$$libinit$$00000010) refers to libinit2.o(.ARM.Collect$$libinit$$0000000B) for .ARM.Collect$$libinit$$0000000B
    libinit2.o(.ARM.Collect$$libinit$$00000012) refers to libinit2.o(.ARM.Collect$$libinit$$0000000B) for .ARM.Collect$$libinit$$0000000B
    libinit2.o(.ARM.Collect$$libinit$$00000014) refers to libinit2.o(.ARM.Collect$$libinit$$0000000B) for .ARM.Collect$$libinit$$0000000B
    libinit2.o(.ARM.Collect$$libinit$$00000022) refers to argv_veneer.o(.emb_text) for __ARM_argv_veneer
    libinit2.o(.ARM.Collect$$libinit$$00000023) refers to argv_veneer.o(.emb_text) for __ARM_argv_veneer
    fpinit.o(x$fpl$fpinit) refers to rt_fp_status_addr_intlibspace.o(.text) for __rt_fp_status_addr
    sys_exit.o(.text) refers (Special) to use_no_semi.o(.text) for __I$use$semihosting
    sys_exit.o(.text) refers (Special) to indicate_semi.o(.text) for __semihosting_library_function
    rtexit2.o(.ARM.Collect$$rtexit$$00000003) refers to libshutdown.o(.ARM.Collect$$libshutdown$$00000000) for __rt_lib_shutdown
    rtexit2.o(.ARM.Collect$$rtexit$$00000004) refers to sys_exit.o(.text) for _sys_exit
    rtexit2.o(.ARM.exidx) refers to rtexit2.o(.ARM.Collect$$rtexit$$00000001) for .ARM.Collect$$rtexit$$00000001
    rtexit2.o(.ARM.exidx) refers to rtexit2.o(.ARM.Collect$$rtexit$$00000003) for .ARM.Collect$$rtexit$$00000003
    rtexit2.o(.ARM.exidx) refers to rtexit2.o(.ARM.Collect$$rtexit$$00000004) for .ARM.Collect$$rtexit$$00000004
    rt_fp_status_addr.o(.text) refers to rt_fp_status_addr.o(.bss) for __rt_fp_status_addr_data
    rt_fp_status_addr_intlibspace.o(.text) refers to libspace.o(.bss) for __libspace_start
    __raise.o(.text) refers to defsig.o(CL$$defsig) for __default_signal_handler
    defsig_general.o(.text) refers to sys_wrch.o(.text) for _ttywrch
    argv_veneer.o(.emb_text) refers to no_argv.o(.text) for __ARM_get_argv
    sys_wrch.o(.text) refers (Special) to use_no_semi.o(.text) for __I$use$semihosting
    sys_wrch.o(.text) refers (Special) to indicate_semi.o(.text) for __semihosting_library_function
    defsig.o(CL$$defsig) refers to defsig_fpe_inner.o(.text) for __rt_SIGFPE_inner
    defsig.o(CL$$defsig) refers to defsig_rtmem_inner.o(.text) for __rt_SIGRTMEM_inner
    _get_argv_nomalloc.o(.text) refers (Special) to hrguard.o(.text) for __heap_region$guard
    _get_argv_nomalloc.o(.text) refers to defsig_rtmem_outer.o(.text) for __rt_SIGRTMEM
    _get_argv_nomalloc.o(.text) refers to sys_command.o(.text) for _sys_command_string
    libshutdown.o(.ARM.Collect$$libshutdown$$00000000) refers (Special) to libshutdown2.o(.ARM.Collect$$libshutdown$$00000006) for __rt_lib_shutdown_fp_trap_1
    libshutdown.o(.ARM.Collect$$libshutdown$$00000000) refers (Special) to libshutdown2.o(.ARM.Collect$$libshutdown$$0000000E) for __rt_lib_shutdown_heap_1
    libshutdown.o(.ARM.Collect$$libshutdown$$00000000) refers (Special) to libshutdown2.o(.ARM.Collect$$libshutdown$$0000000F) for __rt_lib_shutdown_return
    libshutdown.o(.ARM.Collect$$libshutdown$$00000000) refers (Special) to libshutdown2.o(.ARM.Collect$$libshutdown$$00000009) for __rt_lib_shutdown_signal_1
    libshutdown.o(.ARM.Collect$$libshutdown$$00000000) refers (Special) to libshutdown2.o(.ARM.Collect$$libshutdown$$00000003) for __rt_lib_shutdown_stdio_1
    libshutdown.o(.ARM.Collect$$libshutdown$$00000000) refers (Special) to libshutdown2.o(.ARM.Collect$$libshutdown$$0000000B) for __rt_lib_shutdown_user_alloc_1
    sys_command.o(.text) refers (Special) to use_no_semi.o(.text) for __I$use$semihosting
    sys_command.o(.text) refers (Special) to indicate_semi.o(.text) for __semihosting_library_function
    defsig_abrt_inner.o(.text) refers to defsig_general.o(.text) for __default_signal_display
    defsig_rtred_inner.o(.text) refers to defsig_general.o(.text) for __default_signal_display
    defsig_rtmem_inner.o(.text) refers to defsig_general.o(.text) for __default_signal_display
    defsig_rtmem_outer.o(.text) refers to defsig_rtmem_inner.o(.text) for __rt_SIGRTMEM_inner
    defsig_rtmem_outer.o(.text) refers to defsig_exit.o(.text) for __sig_exit
    defsig_rtmem_formal.o(.text) refers to rt_raise.o(.text) for __rt_raise
    defsig_stak_inner.o(.text) refers to defsig_general.o(.text) for __default_signal_display
    defsig_pvfn_inner.o(.text) refers to defsig_general.o(.text) for __default_signal_display
    defsig_cppl_inner.o(.text) refers to defsig_general.o(.text) for __default_signal_display
    defsig_segv_inner.o(.text) refers to defsig_general.o(.text) for __default_signal_display
    defsig_other.o(.text) refers to defsig_general.o(.text) for __default_signal_display


==============================================================================

Removing Unused input sections from the image.

    Removing app.o(.emb_text), (8 bytes).
    Removing bsp.o(.emb_text), (8 bytes).
    Removing bsp_nrf905.o(.emb_text), (8 bytes).
    Removing bsp_nrf905.o(i.Delay1ms), (24 bytes).
    Removing bsp_nrf905.o(i.Delay1us), (24 bytes).
    Removing bsp_nrf905.o(i.SetPowerOffMode), (32 bytes).
    Removing bsp_nrf905.o(i.SetTxMode), (64 bytes).
    Removing bsp_nrf905.o(i.TxPacket), (200 bytes).
    Removing os_cpu_c.o(.emb_text), (8 bytes).
    Removing os_cpu_c.o(i.OSTaskDelHook), (2 bytes).
    Removing os_cpu_c.o(i.OSTaskReturnHook), (2 bytes).
    Removing os_core.o(.emb_text), (8 bytes).
    Removing os_core.o(i.OSIntEnter), (24 bytes).
    Removing os_core.o(i.OSSchedLock), (40 bytes).
    Removing os_core.o(i.OSSchedUnlock), (56 bytes).
    Removing os_core.o(i.OSStatInit), (56 bytes).
    Removing os_core.o(i.OSVersion), (4 bytes).
    Removing os_core.o(i.OS_Dummy), (2 bytes).
    Removing os_flag.o(.emb_text), (8 bytes).
    Removing os_flag.o(i.OSFlagAccept), (172 bytes).
    Removing os_flag.o(i.OSFlagCreate), (72 bytes).
    Removing os_flag.o(i.OSFlagDel), (176 bytes).
    Removing os_flag.o(i.OSFlagPend), (296 bytes).
    Removing os_flag.o(i.OSFlagPost), (176 bytes).
    Removing os_flag.o(i.OSFlagQuery), (44 bytes).
    Removing os_flag.o(i.OS_FlagBlock), (96 bytes).
    Removing os_flag.o(i.OS_FlagTaskRdy), (84 bytes).
    Removing os_flag.o(i.OS_FlagUnlink), (32 bytes).
    Removing os_mbox.o(.emb_text), (8 bytes).
    Removing os_mbox.o(i.OSMboxAccept), (34 bytes).
    Removing os_mbox.o(i.OSMboxCreate), (64 bytes).
    Removing os_mbox.o(i.OSMboxDel), (168 bytes).
    Removing os_mbox.o(i.OSMboxPend), (140 bytes).
    Removing os_mbox.o(i.OSMboxPost), (78 bytes).
    Removing os_mbox.o(i.OSMboxPostOpt), (102 bytes).
    Removing os_mbox.o(i.OSMboxQuery), (74 bytes).
    Removing os_mem.o(.emb_text), (8 bytes).
    Removing os_mem.o(i.OSMemCreate), (116 bytes).
    Removing os_mem.o(i.OSMemGet), (56 bytes).
    Removing os_mem.o(i.OSMemPut), (58 bytes).
    Removing os_mem.o(i.OSMemQuery), (58 bytes).
    Removing os_mutex.o(.emb_text), (8 bytes).
    Removing os_mutex.o(i.OSMutexAccept), (104 bytes).
    Removing os_mutex.o(i.OSMutexCreate), (136 bytes).
    Removing os_mutex.o(i.OSMutexDel), (196 bytes).
    Removing os_mutex.o(i.OSMutexPend), (344 bytes).
    Removing os_mutex.o(i.OSMutexPost), (268 bytes).
    Removing os_mutex.o(i.OSMutexQuery), (108 bytes).
    Removing os_q.o(.emb_text), (8 bytes).
    Removing os_q.o(i.OSQAccept), (62 bytes).
    Removing os_q.o(i.OSQCreate), (124 bytes).
    Removing os_q.o(i.OSQDel), (204 bytes).
    Removing os_q.o(i.OSQFlush), (44 bytes).
    Removing os_q.o(i.OSQPend), (172 bytes).
    Removing os_q.o(i.OSQPost), (108 bytes).
    Removing os_q.o(i.OSQPostFront), (106 bytes).
    Removing os_q.o(i.OSQPostOpt), (156 bytes).
    Removing os_q.o(i.OSQQuery), (90 bytes).
    Removing os_sem.o(.emb_text), (8 bytes).
    Removing os_sem.o(i.OSSemAccept), (36 bytes).
    Removing os_sem.o(i.OSSemDel), (168 bytes).
    Removing os_sem.o(i.OSSemQuery), (74 bytes).
    Removing os_task.o(.emb_text), (8 bytes).
    Removing os_task.o(i.OSTaskChangePrio), (280 bytes).
    Removing os_task.o(i.OSTaskDel), (288 bytes).
    Removing os_task.o(i.OSTaskDelReq), (76 bytes).
    Removing os_task.o(i.OSTaskQuery), (76 bytes).
    Removing os_task.o(i.OSTaskResume), (124 bytes).
    Removing os_task.o(i.OSTaskStkChk), (116 bytes).
    Removing os_task.o(i.OSTaskSuspend), (144 bytes).
    Removing os_time.o(.emb_text), (8 bytes).
    Removing os_time.o(i.OSTimeDlyHMSM), (116 bytes).
    Removing os_time.o(i.OSTimeDlyResume), (116 bytes).
    Removing os_time.o(i.OSTimeGet), (24 bytes).
    Removing os_time.o(i.OSTimeSet), (24 bytes).
    Removing csp.o(.emb_text), (8 bytes).
    Removing csp.o(.constdata), (4 bytes).
    Removing csp_uart.o(.emb_text), (8 bytes).
    Removing csp_uart.o(i.UARTSend), (72 bytes).
    Removing csp_ssp.o(.emb_text), (8 bytes).
    Removing csp_ssp.o(i.MSpiReadWrite), (28 bytes).
    Removing csp_ssp.o(i.SSP1Init), (116 bytes).
    Removing csp_ssp.o(i.SSPReceive), (72 bytes).
    Removing csp_ssp.o(i.SSP_SSELToggle), (52 bytes).
    Removing system_lpc17xx.o(.emb_text), (8 bytes).

85 unused section(s) (total 6990 bytes) removed from the image.

==============================================================================

Image Symbol Table

    Local Symbols

    Symbol Name                              Value     Ov Type        Size  Object(Section)

    RESET                                    0x00000000   Section      204  startup_lpc17xx.o(RESET)
    ../../angel/boardlib.s                   0x00000000   Number         0  boardinit3.o ABSOLUTE
    ../../angel/boardlib.s                   0x00000000   Number         0  boardinit2.o ABSOLUTE
    ../../angel/boardlib.s                   0x00000000   Number         0  boardshut.o ABSOLUTE
    ../../angel/boardlib.s                   0x00000000   Number         0  boardinit1.o ABSOLUTE
    ../../angel/handlers.s                   0x00000000   Number         0  __scatter_zi.o ABSOLUTE
    ../../angel/handlers.s                   0x00000000   Number         0  __scatter_copy.o ABSOLUTE
    ../../angel/kernel.s                     0x00000000   Number         0  rtentry2.o ABSOLUTE
    ../../angel/kernel.s                     0x00000000   Number         0  rtentry4.o ABSOLUTE
    ../../angel/kernel.s                     0x00000000   Number         0  rtexit2.o ABSOLUTE
    ../../angel/kernel.s                     0x00000000   Number         0  rtentry.o ABSOLUTE
    ../../angel/kernel.s                     0x00000000   Number         0  rtexit.o ABSOLUTE
    ../../angel/rt.s                         0x00000000   Number         0  rt_fp_status_addr_intlibspace.o ABSOLUTE
    ../../angel/rt.s                         0x00000000   Number         0  rt_div0.o ABSOLUTE
    ../../angel/rt.s                         0x00000000   Number         0  aeabi_ldiv0_sigfpe.o ABSOLUTE
    ../../angel/rt.s                         0x00000000   Number         0  rt_raise.o ABSOLUTE
    ../../angel/rt.s                         0x00000000   Number         0  aeabi_ldiv0.o ABSOLUTE
    ../../angel/rt.s                         0x00000000   Number         0  rt_fp_status_addr.o ABSOLUTE
    ../../angel/scatter.s                    0x00000000   Number         0  __scatter.o ABSOLUTE
    ../../angel/startup.s                    0x00000000   Number         0  __main.o ABSOLUTE
    ../../angel/sys.s                        0x00000000   Number         0  sys_stackheap_outer.o ABSOLUTE
    ../../angel/sys.s                        0x00000000   Number         0  libspace.o ABSOLUTE
    ../../angel/sys.s                        0x00000000   Number         0  use_no_semi.o ABSOLUTE
    ../../angel/sys.s                        0x00000000   Number         0  indicate_semi.o ABSOLUTE
    ../../angel/sysapp.c                     0x00000000   Number         0  sys_wrch.o ABSOLUTE
    ../../angel/sysapp.c                     0x00000000   Number         0  sys_command.o ABSOLUTE
    ../../angel/sysapp.c                     0x00000000   Number         0  sys_exit.o ABSOLUTE
    ../../armsys.c                           0x00000000   Number         0  _get_argv_nomalloc.o ABSOLUTE
    ../../armsys.c                           0x00000000   Number         0  argv_veneer.o ABSOLUTE
    ../../armsys.c                           0x00000000   Number         0  argv_veneer.o ABSOLUTE
    ../../armsys.c                           0x00000000   Number         0  no_argv.o ABSOLUTE
    ../../fpinit.s                           0x00000000   Number         0  fpinit.o ABSOLUTE
    ../../heapalloc.c                        0x00000000   Number         0  hrguard.o ABSOLUTE
    ../../heapaux.c                          0x00000000   Number         0  heapauxi.o ABSOLUTE
    ../../libinit.s                          0x00000000   Number         0  libshutdown.o ABSOLUTE
    ../../libinit.s                          0x00000000   Number         0  libinit.o ABSOLUTE
    ../../libinit.s                          0x00000000   Number         0  libshutdown2.o ABSOLUTE
    ../../libinit.s                          0x00000000   Number         0  libinit2.o ABSOLUTE
    ../../longlong.s                         0x00000000   Number         0  lludivv7m.o ABSOLUTE
    ../../memcpset.s                         0x00000000   Number         0  rt_memcpy_w.o ABSOLUTE
    ../../memcpset.s                         0x00000000   Number         0  rt_memclr_w.o ABSOLUTE
    ../../signal.c                           0x00000000   Number         0  defsig_cppl_inner.o ABSOLUTE
    ../../signal.c                           0x00000000   Number         0  defsig_fpe_outer.o ABSOLUTE
    ../../signal.c                           0x00000000   Number         0  defsig_abrt_inner.o ABSOLUTE
    ../../signal.c                           0x00000000   Number         0  defsig_rtmem_inner.o ABSOLUTE
    ../../signal.c                           0x00000000   Number         0  defsig_rtmem_outer.o ABSOLUTE
    ../../signal.c                           0x00000000   Number         0  defsig_rtred_inner.o ABSOLUTE
    ../../signal.c                           0x00000000   Number         0  defsig_general.o ABSOLUTE
    ../../signal.c                           0x00000000   Number         0  __raise.o ABSOLUTE
    ../../signal.c                           0x00000000   Number         0  defsig_segv_inner.o ABSOLUTE
    ../../signal.c                           0x00000000   Number         0  defsig_rtmem_formal.o ABSOLUTE
    ../../signal.c                           0x00000000   Number         0  defsig_stak_inner.o ABSOLUTE
    ../../signal.c                           0x00000000   Number         0  defsig_fpe_formal.o ABSOLUTE
    ../../signal.c                           0x00000000   Number         0  defsig_pvfn_inner.o ABSOLUTE
    ../../signal.c                           0x00000000   Number         0  defsig_other.o ABSOLUTE
    ../../signal.c                           0x00000000   Number         0  defsig_exit.o ABSOLUTE
    ../../signal.c                           0x00000000   Number         0  defsig_fpe_inner.o ABSOLUTE
    ../../signal.s                           0x00000000   Number         0  defsig.o ABSOLUTE
    ../../stdlib.c                           0x00000000   Number         0  exit.o ABSOLUTE
    ..\App\app.c                             0x00000000   Number         0  app.o ABSOLUTE
    ..\BSP\RF\bsp_nRF905.c                   0x00000000   Number         0  bsp_nrf905.o ABSOLUTE
    ..\BSP\bsp.c                             0x00000000   Number         0  bsp.o ABSOLUTE
    ..\CSP\Common\core_cm3.c                 0x00000000   Number         0  core_cm3.o ABSOLUTE
    ..\CSP\Common\system_LPC17xx.c           0x00000000   Number         0  system_lpc17xx.o ABSOLUTE
    ..\CSP\SSP\csp_ssp.c                     0x00000000   Number         0  csp_ssp.o ABSOLUTE
    ..\CSP\Startup\startup_LPC17xx.s         0x00000000   Number         0  startup_lpc17xx.o ABSOLUTE
    ..\CSP\UART\csp_uart.c                   0x00000000   Number         0  csp_uart.o ABSOLUTE
    ..\CSP\csp.c                             0x00000000   Number         0  csp.o ABSOLUTE
    ..\\App\\app.c                           0x00000000   Number         0  app.o ABSOLUTE
    ..\\BSP\\RF\\bsp_nRF905.c                0x00000000   Number         0  bsp_nrf905.o ABSOLUTE
    ..\\BSP\\bsp.c                           0x00000000   Number         0  bsp.o ABSOLUTE
    ..\\CSP\\Common\\system_LPC17xx.c        0x00000000   Number         0  system_lpc17xx.o ABSOLUTE
    ..\\CSP\\SSP\\csp_ssp.c                  0x00000000   Number         0  csp_ssp.o ABSOLUTE
    ..\\CSP\\UART\\csp_uart.c                0x00000000   Number         0  csp_uart.o ABSOLUTE
    ..\\CSP\\csp.c                           0x00000000   Number         0  csp.o ABSOLUTE
    ..\\ucos\\Ports\\OS_CPU_C.c              0x00000000   Number         0  os_cpu_c.o ABSOLUTE
    ..\\ucos\\Source\\OS_CORE.C              0x00000000   Number         0  os_core.o ABSOLUTE
    ..\\ucos\\Source\\OS_FLAG.C              0x00000000   Number         0  os_flag.o ABSOLUTE
    ..\\ucos\\Source\\OS_MBOX.C              0x00000000   Number         0  os_mbox.o ABSOLUTE
    ..\\ucos\\Source\\OS_MEM.C               0x00000000   Number         0  os_mem.o ABSOLUTE
    ..\\ucos\\Source\\OS_MUTEX.C             0x00000000   Number         0  os_mutex.o ABSOLUTE
    ..\\ucos\\Source\\OS_Q.C                 0x00000000   Number         0  os_q.o ABSOLUTE
    ..\\ucos\\Source\\OS_SEM.C               0x00000000   Number         0  os_sem.o ABSOLUTE
    ..\\ucos\\Source\\OS_TASK.C              0x00000000   Number         0  os_task.o ABSOLUTE
    ..\\ucos\\Source\\OS_TIME.C              0x00000000   Number         0  os_time.o ABSOLUTE
    ..\ucos\Ports\OS_CPU_A.asm               0x00000000   Number         0  os_cpu_a.o ABSOLUTE
    ..\ucos\Ports\OS_CPU_C.c                 0x00000000   Number         0  os_cpu_c.o ABSOLUTE
    ..\ucos\Source\OS_CORE.C                 0x00000000   Number         0  os_core.o ABSOLUTE
    ..\ucos\Source\OS_FLAG.C                 0x00000000   Number         0  os_flag.o ABSOLUTE
    ..\ucos\Source\OS_MBOX.C                 0x00000000   Number         0  os_mbox.o ABSOLUTE
    ..\ucos\Source\OS_MEM.C                  0x00000000   Number         0  os_mem.o ABSOLUTE
    ..\ucos\Source\OS_MUTEX.C                0x00000000   Number         0  os_mutex.o ABSOLUTE
    ..\ucos\Source\OS_Q.C                    0x00000000   Number         0  os_q.o ABSOLUTE
    ..\ucos\Source\OS_SEM.C                  0x00000000   Number         0  os_sem.o ABSOLUTE
    ..\ucos\Source\OS_TASK.C                 0x00000000   Number         0  os_task.o ABSOLUTE
    ..\ucos\Source\OS_TIME.C                 0x00000000   Number         0  os_time.o ABSOLUTE
    ..\ucos\Source\uCOS_II.C                 0x00000000   Number         0  ucos_ii.o ABSOLUTE
    dc.s                                     0x00000000   Number         0  dc.o ABSOLUTE
    !!!main                                  0x000000cc   Section        8  __main.o(!!!main)
    !!!scatter                               0x000000d4   Section       52  __scatter.o(!!!scatter)
    !!handler_copy                           0x00000108   Section       26  __scatter_copy.o(!!handler_copy)
    !!handler_zi                             0x00000124   Section       28  __scatter_zi.o(!!handler_zi)
    .ARM.Collect$$libinit$$00000000          0x00000140   Section        6  libinit.o(.ARM.Collect$$libinit$$00000000)
    .ARM.Collect$$libinit$$00000006          0x00000146   Section        0  libinit2.o(.ARM.Collect$$libinit$$00000006)
    .ARM.Collect$$libinit$$00000008          0x00000146   Section        0  libinit2.o(.ARM.Collect$$libinit$$00000008)
    .ARM.Collect$$libinit$$0000000A          0x00000146   Section        0  libinit2.o(.ARM.Collect$$libinit$$0000000A)
    .ARM.Collect$$libinit$$0000000D          0x00000146   Section        0  libinit2.o(.ARM.Collect$$libinit$$0000000D)
    .ARM.Collect$$libinit$$0000000F          0x00000146   Section        0  libinit2.o(.ARM.Collect$$libinit$$0000000F)
    .ARM.Collect$$libinit$$00000011          0x00000146   Section        0  libinit2.o(.ARM.Collect$$libinit$$00000011)
    .ARM.Collect$$libinit$$00000013          0x00000146   Section        0  libinit2.o(.ARM.Collect$$libinit$$00000013)
    .ARM.Collect$$libinit$$00000015          0x00000146   Section        0  libinit2.o(.ARM.Collect$$libinit$$00000015)
    .ARM.Collect$$libinit$$00000017          0x00000146   Section        0  libinit2.o(.ARM.Collect$$libinit$$00000017)
    .ARM.Collect$$libinit$$00000019          0x00000146   Section        0  libinit2.o(.ARM.Collect$$libinit$$00000019)
    .ARM.Collect$$libinit$$0000001B          0x00000146   Section        0  libinit2.o(.ARM.Collect$$libinit$$0000001B)
    .ARM.Collect$$libinit$$0000001D          0x00000146   Section        0  libinit2.o(.ARM.Collect$$libinit$$0000001D)
    .ARM.Collect$$libinit$$0000001F          0x00000146   Section        0  libinit2.o(.ARM.Collect$$libinit$$0000001F)
    .ARM.Collect$$libinit$$00000021          0x00000146   Section        0  libinit2.o(.ARM.Collect$$libinit$$00000021)
    .ARM.Collect$$libinit$$00000028          0x00000146   Section        0  libinit2.o(.ARM.Collect$$libinit$$00000028)
    .ARM.Collect$$libinit$$0000002A          0x00000146   Section        0  libinit2.o(.ARM.Collect$$libinit$$0000002A)
    .ARM.Collect$$libinit$$0000002C          0x00000146   Section        0  libinit2.o(.ARM.Collect$$libinit$$0000002C)
    .ARM.Collect$$libinit$$0000002E          0x00000146   Section        0  libinit2.o(.ARM.Collect$$libinit$$0000002E)
    .ARM.Collect$$libinit$$0000002F          0x00000146   Section        2  libinit2.o(.ARM.Collect$$libinit$$0000002F)
    .ARM.Collect$$libshutdown$$00000000      0x00000148   Section        2  libshutdown.o(.ARM.Collect$$libshutdown$$00000000)
    .ARM.Collect$$libshutdown$$00000003      0x0000014a   Section        0  libshutdown2.o(.ARM.Collect$$libshutdown$$00000003)
    .ARM.Collect$$libshutdown$$00000006      0x0000014a   Section        0  libshutdown2.o(.ARM.Collect$$libshutdown$$00000006)
    .ARM.Collect$$libshutdown$$00000009      0x0000014a   Section        0  libshutdown2.o(.ARM.Collect$$libshutdown$$00000009)
    .ARM.Collect$$libshutdown$$0000000B      0x0000014a   Section        0  libshutdown2.o(.ARM.Collect$$libshutdown$$0000000B)
    .ARM.Collect$$libshutdown$$0000000E      0x0000014a   Section        0  libshutdown2.o(.ARM.Collect$$libshutdown$$0000000E)
    .ARM.Collect$$libshutdown$$0000000F      0x0000014a   Section        2  libshutdown2.o(.ARM.Collect$$libshutdown$$0000000F)
    .ARM.Collect$$rtentry$$00000000          0x0000014c   Section        0  rtentry.o(.ARM.Collect$$rtentry$$00000000)
    .ARM.Collect$$rtentry$$00000002          0x0000014c   Section        0  rtentry2.o(.ARM.Collect$$rtentry$$00000002)
    .ARM.Collect$$rtentry$$00000004          0x0000014c   Section        6  rtentry4.o(.ARM.Collect$$rtentry$$00000004)
    .ARM.Collect$$rtentry$$00000009          0x00000152   Section        0  rtentry2.o(.ARM.Collect$$rtentry$$00000009)
    .ARM.Collect$$rtentry$$0000000A          0x00000152   Section        4  rtentry2.o(.ARM.Collect$$rtentry$$0000000A)
    .ARM.Collect$$rtentry$$0000000C          0x00000156   Section        0  rtentry2.o(.ARM.Collect$$rtentry$$0000000C)
    .ARM.Collect$$rtentry$$0000000D          0x00000156   Section        8  rtentry2.o(.ARM.Collect$$rtentry$$0000000D)
    .ARM.Collect$$rtexit$$00000000           0x0000015e   Section        2  rtexit.o(.ARM.Collect$$rtexit$$00000000)
    .ARM.Collect$$rtexit$$00000002           0x00000160   Section        0  rtexit2.o(.ARM.Collect$$rtexit$$00000002)
    .ARM.Collect$$rtexit$$00000003           0x00000160   Section        4  rtexit2.o(.ARM.Collect$$rtexit$$00000003)
    .ARM.Collect$$rtexit$$00000004           0x00000164   Section        6  rtexit2.o(.ARM.Collect$$rtexit$$00000004)
    .text                                    0x0000016c   Section      208  os_cpu_a.o(.text)
    .text                                    0x0000023c   Section       56  startup_lpc17xx.o(.text)
    .text                                    0x00000274   Section       78  rt_memclr_w.o(.text)
    .text                                    0x000002c2   Section        0  heapauxi.o(.text)
    .text                                    0x000002c8   Section        0  exit.o(.text)
    .text                                    0x000002d4   Section        8  libspace.o(.text)
    .text                                    0x000002dc   Section        0  sys_exit.o(.text)
    .text                                    0x000002e8   Section        8  rt_fp_status_addr_intlibspace.o(.text)
    .text                                    0x000002f0   Section        2  use_no_semi.o(.text)
    .text                                    0x000002f2   Section        0  indicate_semi.o(.text)
    i.BSP_Init                               0x000002f2   Section        0  bsp.o(i.BSP_Init)
    i.OSInitHookBegin                        0x000002f6   Section        0  os_cpu_c.o(i.OSInitHookBegin)
    i.OSInitHookEnd                          0x000002f8   Section        0  os_cpu_c.o(i.OSInitHookEnd)
    i.OSTCBInitHook                          0x000002fa   Section        0  os_cpu_c.o(i.OSTCBInitHook)
    .ARM.__at_0x02FC                         0x000002fc   Section        4  startup_lpc17xx.o(.ARM.__at_0x02FC)
    .text                                    0x00000300   Section      238  lludivv7m.o(.text)
    .text                                    0x000003ee   Section       74  sys_stackheap_outer.o(.text)
    i.App_TaskLED1                           0x00000438   Section        0  app.o(i.App_TaskLED1)
    App_TaskLED1                             0x00000439   Thumb Code    62  app.o(i.App_TaskLED1)
    i.App_TaskNRF905                         0x0000047c   Section        0  app.o(i.App_TaskNRF905)
    App_TaskNRF905                           0x0000047d   Thumb Code    76  app.o(i.App_TaskNRF905)
    i.App_TaskStart                          0x000004d0   Section        0  app.o(i.App_TaskStart)
    App_TaskStart                            0x000004d1   Thumb Code    46  app.o(i.App_TaskStart)
    i.BSP_LED_Init                           0x0000050c   Section        0  bsp.o(i.BSP_LED_Init)
    i.BSP_LED_Off                            0x00000530   Section        0  bsp.o(i.BSP_LED_Off)
    i.BSP_LED_On                             0x00000548   Section        0  bsp.o(i.BSP_LED_On)
    i.CSP_GPIO_BitClr                        0x00000560   Section        0  csp.o(i.CSP_GPIO_BitClr)
    i.CSP_GPIO_BitDir                        0x00000574   Section        0  csp.o(i.CSP_GPIO_BitDir)
    i.CSP_GPIO_BitSet                        0x00000588   Section        0  csp.o(i.CSP_GPIO_BitSet)
    i.CSP_Init                               0x0000059c   Section        0  csp.o(i.CSP_Init)
    i.CSP_PM_CPU_ClkFreqGet                  0x000005b8   Section        0  csp.o(i.CSP_PM_CPU_ClkFreqGet)
    i.Config905                              0x00000620   Section        0  bsp_nrf905.o(i.Config905)
    i.ConfigGPIO                             0x00000660   Section        0  bsp_nrf905.o(i.ConfigGPIO)
    i.Delay28ns                              0x00000698   Section        0  bsp_nrf905.o(i.Delay28ns)
    i.Init905                                0x000006a4   Section        0  bsp_nrf905.o(i.Init905)
    i.MSpiRead                               0x000006c4   Section        0  csp_ssp.o(i.MSpiRead)
    i.MSpiTest                               0x000006e8   Section        0  bsp_nrf905.o(i.MSpiTest)
    i.MSpiWrite                              0x00000730   Section        0  csp_ssp.o(i.MSpiWrite)
    i.NVIC_EnableIRQ                         0x0000073c   Section        0  csp_uart.o(i.NVIC_EnableIRQ)
    NVIC_EnableIRQ                           0x0000073d   Thumb Code    24  csp_uart.o(i.NVIC_EnableIRQ)
    i.NVIC_EnableIRQ                         0x00000754   Section        0  csp_ssp.o(i.NVIC_EnableIRQ)
    NVIC_EnableIRQ                           0x00000755   Thumb Code    24  csp_ssp.o(i.NVIC_EnableIRQ)
    i.OSInit                                 0x0000076c   Section        0  os_core.o(i.OSInit)
    i.OSIntExit                              0x0000086c   Section        0  os_core.o(i.OSIntExit)
    i.OSSemCreate                            0x000008d0   Section        0  os_sem.o(i.OSSemCreate)
    i.OSSemPend                              0x00000910   Section        0  os_sem.o(i.OSSemPend)
    i.OSSemPost                              0x00000998   Section        0  os_sem.o(i.OSSemPost)
    i.OSStart                                0x000009e8   Section        0  os_core.o(i.OSStart)
    i.OSTaskCreate                           0x00000a24   Section        0  os_task.o(i.OSTaskCreate)
    i.OSTaskCreateExt                        0x00000ab8   Section        0  os_task.o(i.OSTaskCreateExt)
    i.OSTaskCreateHook                       0x00000b60   Section        0  os_cpu_c.o(i.OSTaskCreateHook)
    i.OSTaskIdleHook                         0x00000b62   Section        0  os_cpu_c.o(i.OSTaskIdleHook)
    i.OSTaskStatHook                         0x00000b64   Section        0  os_cpu_c.o(i.OSTaskStatHook)
    i.OSTaskStkInit                          0x00000b66   Section        0  os_cpu_c.o(i.OSTaskStkInit)
    i.OSTaskSwHook                           0x00000bce   Section        0  os_cpu_c.o(i.OSTaskSwHook)
    i.OSTimeDly                              0x00000bd0   Section        0  os_time.o(i.OSTimeDly)
    i.OSTimeTick                             0x00000c18   Section        0  os_core.o(i.OSTimeTick)
    i.OSTimeTickHook                         0x00000c94   Section        0  os_cpu_c.o(i.OSTimeTickHook)
    i.OS_CPU_SysTickHandler                  0x00000c98   Section        0  os_cpu_c.o(i.OS_CPU_SysTickHandler)
    i.OS_CPU_SysTickInit                     0x00000cbc   Section        0  os_cpu_c.o(i.OS_CPU_SysTickInit)
    i.OS_CSP_TickInit                        0x00000ce0   Section        0  csp.o(i.OS_CSP_TickInit)
    i.OS_EventTO                             0x00000cf8   Section        0  os_core.o(i.OS_EventTO)
    i.OS_EventTaskRdy                        0x00000d2c   Section        0  os_core.o(i.OS_EventTaskRdy)
    i.OS_EventTaskWait                       0x00000d98   Section        0  os_core.o(i.OS_EventTaskWait)
    i.OS_EventWaitListInit                   0x00000de0   Section        0  os_core.o(i.OS_EventWaitListInit)
    i.OS_FlagInit                            0x00000df8   Section        0  os_flag.o(i.OS_FlagInit)
    i.OS_MemInit                             0x00000e24   Section        0  os_mem.o(i.OS_MemInit)
    i.OS_QInit                               0x00000e64   Section        0  os_q.o(i.OS_QInit)
    i.OS_Sched                               0x00000e90   Section        0  os_core.o(i.OS_Sched)
    i.OS_TCBInit                             0x00000ee4   Section        0  os_core.o(i.OS_TCBInit)
    i.OS_TaskIdle                            0x00000fac   Section        0  os_core.o(i.OS_TaskIdle)
    i.OS_TaskStat                            0x00000fc8   Section        0  os_core.o(i.OS_TaskStat)
    i.RxPacket                               0x0000102c   Section        0  bsp_nrf905.o(i.RxPacket)
    i.SSP0Init                               0x000010a0   Section        0  csp_ssp.o(i.SSP0Init)
    i.SSP0_IRQHandler                        0x00001124   Section        0  csp_ssp.o(i.SSP0_IRQHandler)
    i.SSP1_IRQHandler                        0x00001164   Section        0  csp_ssp.o(i.SSP1_IRQHandler)
    i.SSPSend                                0x000011a4   Section        0  csp_ssp.o(i.SSPSend)
    i.SetRxMode                              0x00001200   Section        0  bsp_nrf905.o(i.SetRxMode)
    i.SetStandbyMode                         0x00001234   Section        0  bsp_nrf905.o(i.SetStandbyMode)
    i.SystemCoreClockUpdate                  0x0000125c   Section        0  system_lpc17xx.o(i.SystemCoreClockUpdate)
    i.SystemInit                             0x00001338   Section        0  system_lpc17xx.o(i.SystemInit)
    i.UART0_IRQHandler                       0x00001400   Section        0  csp_uart.o(i.UART0_IRQHandler)
    i.UART0_SendByte                         0x00001470   Section        0  csp_uart.o(i.UART0_SendByte)
    i.UART1_IRQHandler                       0x00001480   Section        0  csp_uart.o(i.UART1_IRQHandler)
    i.UARTInit                               0x000014f0   Section        0  csp_uart.o(i.UARTInit)
    i.main                                   0x000015d0   Section        0  app.o(i.main)
    x$fpl$fpinit                             0x0000160c   Section       14  fpinit.o(x$fpl$fpinit)
    .constdata                               0x0000161c   Section        8  bsp.o(.constdata)
    .constdata                               0x00001624   Section      264  os_core.o(.constdata)
    .constdata                               0x0000172c   Section       16  csp.o(.constdata)
    LPC_GPIO                                 0x0000172c   Data          16  csp.o(.constdata)
    .constdata                               0x0000173c   Section        8  csp_ssp.o(.constdata)
    LPC_SSP                                  0x0000173c   Data           8  csp_ssp.o(.constdata)
    .data                                    0x10000000   Section        8  app.o(.data)
    App_TaskNRF905_Sem                       0x10000000   Data           4  app.o(.data)
    App_TaskLED1_Sem                         0x10000004   Data           4  app.o(.data)
    .data                                    0x10000008   Section       80  bsp_nrf905.o(.data)
    .data                                    0x10000058   Section        4  os_cpu_c.o(.data)
    .data                                    0x1000005c   Section       60  os_core.o(.data)
    .data                                    0x10000098   Section        4  os_core.o(.data)
    .data                                    0x1000009c   Section        4  os_core.o(.data)
    .data                                    0x100000a0   Section        4  os_core.o(.data)
    .data                                    0x100000a4   Section       20  csp_uart.o(.data)
    .data                                    0x100000b8   Section       24  csp_ssp.o(.data)
    .data                                    0x100000d0   Section        4  system_lpc17xx.o(.data)
    .bss                                     0x100000d4   Section      600  app.o(.bss)
    App_TaskStartStk                         0x100000d4   Data         200  app.o(.bss)
    App_TaskNRFStk                           0x1000019c   Data         200  app.o(.bss)
    App_TaskLED1Stk                          0x10000264   Data         200  app.o(.bss)
    .bss                                     0x1000032c   Section     7024  os_core.o(.bss)
    .bss                                     0x10001e9c   Section       60  os_core.o(.bss)
    .bss                                     0x10001ed8   Section      100  os_core.o(.bss)
    .bss                                     0x10001f3c   Section       48  os_core.o(.bss)
    .bss                                     0x10001f6c   Section      128  csp_uart.o(.bss)
    .bss                                     0x10001fec   Section       96  libspace.o(.bss)
    HEAP                                     0x10002050   Section        0  startup_lpc17xx.o(HEAP)
    STACK                                    0x10002050   Section      512  startup_lpc17xx.o(STACK)
    Heap_Mem                                 0x10002050   Data           0  startup_lpc17xx.o(HEAP)
    Stack_Mem                                0x10002050   Data         512  startup_lpc17xx.o(STACK)
    __initial_sp                             0x10002250   Data           0  startup_lpc17xx.o(STACK)

    Global Symbols

    Symbol Name                              Value     Ov Type        Size  Object(Section)

    BuildAttributes$$THM_ISAv4$P$D$K$B$S$PE$A:L22UL41UL21$X:L11$S22US41US21$IEEE1$IW$USESV6$~STKCKD$USESV7$~SHL$OSPACE$ROPI$EBA8$UX$STANDARDLIB$REQ8$PRES8$EABIv2 0x00000000   Number         0  anon$$obj.o ABSOLUTE
    __ARM_use_no_argv                        0x00000000   Number         0  app.o ABSOLUTE
    __Vectors                                0x00000000   Data           4  startup_lpc17xx.o(RESET)
    __ARM_exceptions_init                     - Undefined Weak Reference
    __alloca_initialize                       - Undefined Weak Reference
    __cpp_initialize__aeabi_                  - Undefined Weak Reference
    __cxa_finalize                            - Undefined Weak Reference
    __rt_locale                               - Undefined Weak Reference
    __sigvec_lookup                           - Undefined Weak Reference
    _atexit_init                              - Undefined Weak Reference
    _call_atexit_fns                          - Undefined Weak Reference
    _clock_init                               - Undefined Weak Reference
    _fp_trap_init                             - Undefined Weak Reference
    _fp_trap_shutdown                         - Undefined Weak Reference
    _get_lc_collate                           - Undefined Weak Reference
    _get_lc_ctype                             - Undefined Weak Reference
    _get_lc_monetary                          - Undefined Weak Reference
    _get_lc_numeric                           - Undefined Weak Reference
    _get_lc_time                              - Undefined Weak Reference
    _getenv_init                              - Undefined Weak Reference
    _handle_redirection                       - Undefined Weak Reference
    _init_alloc                               - Undefined Weak Reference
    _init_user_alloc                          - Undefined Weak Reference
    _initio                                   - Undefined Weak Reference
    _rand_init                                - Undefined Weak Reference
    _signal_finish                            - Undefined Weak Reference
    _signal_init                              - Undefined Weak Reference
    _terminate_alloc                          - Undefined Weak Reference
    _terminate_user_alloc                     - Undefined Weak Reference
    _terminateio                              - Undefined Weak Reference
    __main                                   0x000000cd   Thumb Code     8  __main.o(!!!main)
    __scatterload                            0x000000d5   Thumb Code     0  __scatter.o(!!!scatter)
    __scatterload_rt2                        0x000000d5   Thumb Code    44  __scatter.o(!!!scatter)
    __scatterload_rt2_thumb_only             0x000000d5   Thumb Code     0  __scatter.o(!!!scatter)
    __scatterload_null                       0x000000e3   Thumb Code     0  __scatter.o(!!!scatter)
    __scatterload_copy                       0x00000109   Thumb Code    26  __scatter_copy.o(!!handler_copy)
    __scatterload_zeroinit                   0x00000125   Thumb Code    28  __scatter_zi.o(!!handler_zi)
    __rt_lib_init                            0x00000141   Thumb Code     0  libinit.o(.ARM.Collect$$libinit$$00000000)
    __rt_lib_init_alloca_1                   0x00000147   Thumb Code     0  libinit2.o(.ARM.Collect$$libinit$$0000002A)
    __rt_lib_init_argv_1                     0x00000147   Thumb Code     0  libinit2.o(.ARM.Collect$$libinit$$00000028)
    __rt_lib_init_atexit_1                   0x00000147   Thumb Code     0  libinit2.o(.ARM.Collect$$libinit$$00000017)
    __rt_lib_init_clock_1                    0x00000147   Thumb Code     0  libinit2.o(.ARM.Collect$$libinit$$0000001D)
    __rt_lib_init_cpp_1                      0x00000147   Thumb Code     0  libinit2.o(.ARM.Collect$$libinit$$0000002E)
    __rt_lib_init_exceptions_1               0x00000147   Thumb Code     0  libinit2.o(.ARM.Collect$$libinit$$0000002C)
    __rt_lib_init_fp_trap_1                  0x00000147   Thumb Code     0  libinit2.o(.ARM.Collect$$libinit$$0000001B)
    __rt_lib_init_getenv_1                   0x00000147   Thumb Code     0  libinit2.o(.ARM.Collect$$libinit$$0000001F)
    __rt_lib_init_heap_1                     0x00000147   Thumb Code     0  libinit2.o(.ARM.Collect$$libinit$$00000006)
    __rt_lib_init_lc_collate_1               0x00000147   Thumb Code     0  libinit2.o(.ARM.Collect$$libinit$$0000000D)
    __rt_lib_init_lc_ctype_1                 0x00000147   Thumb Code     0  libinit2.o(.ARM.Collect$$libinit$$0000000F)
    __rt_lib_init_lc_monetary_1              0x00000147   Thumb Code     0  libinit2.o(.ARM.Collect$$libinit$$00000011)
    __rt_lib_init_lc_numeric_1               0x00000147   Thumb Code     0  libinit2.o(.ARM.Collect$$libinit$$00000013)
    __rt_lib_init_lc_time_1                  0x00000147   Thumb Code     0  libinit2.o(.ARM.Collect$$libinit$$00000015)
    __rt_lib_init_rand_1                     0x00000147   Thumb Code     0  libinit2.o(.ARM.Collect$$libinit$$0000000A)
    __rt_lib_init_return                     0x00000147   Thumb Code     0  libinit2.o(.ARM.Collect$$libinit$$0000002F)
    __rt_lib_init_signal_1                   0x00000147   Thumb Code     0  libinit2.o(.ARM.Collect$$libinit$$00000019)
    __rt_lib_init_stdio_1                    0x00000147   Thumb Code     0  libinit2.o(.ARM.Collect$$libinit$$00000021)
    __rt_lib_init_user_alloc_1               0x00000147   Thumb Code     0  libinit2.o(.ARM.Collect$$libinit$$00000008)
    __rt_lib_shutdown                        0x00000149   Thumb Code     0  libshutdown.o(.ARM.Collect$$libshutdown$$00000000)
    __rt_lib_shutdown_fp_trap_1              0x0000014b   Thumb Code     0  libshutdown2.o(.ARM.Collect$$libshutdown$$00000006)
    __rt_lib_shutdown_heap_1                 0x0000014b   Thumb Code     0  libshutdown2.o(.ARM.Collect$$libshutdown$$0000000E)
    __rt_lib_shutdown_return                 0x0000014b   Thumb Code     0  libshutdown2.o(.ARM.Collect$$libshutdown$$0000000F)
    __rt_lib_shutdown_signal_1               0x0000014b   Thumb Code     0  libshutdown2.o(.ARM.Collect$$libshutdown$$00000009)
    __rt_lib_shutdown_stdio_1                0x0000014b   Thumb Code     0  libshutdown2.o(.ARM.Collect$$libshutdown$$00000003)
    __rt_lib_shutdown_user_alloc_1           0x0000014b   Thumb Code     0  libshutdown2.o(.ARM.Collect$$libshutdown$$0000000B)
    __rt_entry                               0x0000014d   Thumb Code     0  rtentry.o(.ARM.Collect$$rtentry$$00000000)
    __rt_entry_presh_1                       0x0000014d   Thumb Code     0  rtentry2.o(.ARM.Collect$$rtentry$$00000002)
    __rt_entry_sh                            0x0000014d   Thumb Code     0  rtentry4.o(.ARM.Collect$$rtentry$$00000004)
    __rt_entry_li                            0x00000153   Thumb Code     0  rtentry2.o(.ARM.Collect$$rtentry$$0000000A)
    __rt_entry_postsh_1                      0x00000153   Thumb Code     0  rtentry2.o(.ARM.Collect$$rtentry$$00000009)
    __rt_entry_main                          0x00000157   Thumb Code     0  rtentry2.o(.ARM.Collect$$rtentry$$0000000D)
    __rt_entry_postli_1                      0x00000157   Thumb Code     0  rtentry2.o(.ARM.Collect$$rtentry$$0000000C)
    __rt_exit                                0x0000015f   Thumb Code     0  rtexit.o(.ARM.Collect$$rtexit$$00000000)
    __rt_exit_ls                             0x00000161   Thumb Code     0  rtexit2.o(.ARM.Collect$$rtexit$$00000003)
    __rt_exit_prels_1                        0x00000161   Thumb Code     0  rtexit2.o(.ARM.Collect$$rtexit$$00000002)
    __rt_exit_exit                           0x00000165   Thumb Code     0  rtexit2.o(.ARM.Collect$$rtexit$$00000004)
    OS_ENTER_CRITICAL                        0x0000016d   Thumb Code     0  os_cpu_a.o(.text)
    OS_EXIT_CRITICAL                         0x0000017f   Thumb Code     0  os_cpu_a.o(.text)
    CPU_IntDis                               0x00000199   Thumb Code     0  os_cpu_a.o(.text)
    CPU_IntEn                                0x0000019d   Thumb Code     0  os_cpu_a.o(.text)
    OSStartHighRdy                           0x000001a1   Thumb Code     0  os_cpu_a.o(.text)
    OSCtxSw                                  0x000001c1   Thumb Code     0  os_cpu_a.o(.text)
    OSIntCtxSw                               0x000001cb   Thumb Code     0  os_cpu_a.o(.text)
    OS_CPU_PendSVHandler                     0x000001d5   Thumb Code     0  os_cpu_a.o(.text)
    Reset_Handler                            0x0000023d   Thumb Code     8  startup_lpc17xx.o(.text)
    NMI_Handler                              0x00000245   Thumb Code     2  startup_lpc17xx.o(.text)
    HardFault_Handler                        0x00000247   Thumb Code     2  startup_lpc17xx.o(.text)
    MemManage_Handler                        0x00000249   Thumb Code     2  startup_lpc17xx.o(.text)
    BusFault_Handler                         0x0000024b   Thumb Code     2  startup_lpc17xx.o(.text)
    UsageFault_Handler                       0x0000024d   Thumb Code     2  startup_lpc17xx.o(.text)
    SVC_Handler                              0x0000024f   Thumb Code     2  startup_lpc17xx.o(.text)
    DebugMon_Handler                         0x00000251   Thumb Code     2  startup_lpc17xx.o(.text)
    ADC_IRQHandler                           0x00000253   Thumb Code     0  startup_lpc17xx.o(.text)
    BOD_IRQHandler                           0x00000253   Thumb Code     0  startup_lpc17xx.o(.text)
    CANActivity_IRQHandler                   0x00000253   Thumb Code     0  startup_lpc17xx.o(.text)
    CAN_IRQHandler                           0x00000253   Thumb Code     0  startup_lpc17xx.o(.text)
    DMA_IRQHandler                           0x00000253   Thumb Code     0  startup_lpc17xx.o(.text)
    EINT0_IRQHandler                         0x00000253   Thumb Code     0  startup_lpc17xx.o(.text)
    EINT1_IRQHandler                         0x00000253   Thumb Code     0  startup_lpc17xx.o(.text)
    EINT2_IRQHandler                         0x00000253   Thumb Code     0  startup_lpc17xx.o(.text)
    EINT3_IRQHandler                         0x00000253   Thumb Code     0  startup_lpc17xx.o(.text)
    ENET_IRQHandler                          0x00000253   Thumb Code     0  startup_lpc17xx.o(.text)
    I2C0_IRQHandler                          0x00000253   Thumb Code     0  startup_lpc17xx.o(.text)
    I2C1_IRQHandler                          0x00000253   Thumb Code     0  startup_lpc17xx.o(.text)
    I2C2_IRQHandler                          0x00000253   Thumb Code     0  startup_lpc17xx.o(.text)
    I2S_IRQHandler                           0x00000253   Thumb Code     0  startup_lpc17xx.o(.text)
    MCPWM_IRQHandler                         0x00000253   Thumb Code     0  startup_lpc17xx.o(.text)
    PLL0_IRQHandler                          0x00000253   Thumb Code     0  startup_lpc17xx.o(.text)
    PLL1_IRQHandler                          0x00000253   Thumb Code     0  startup_lpc17xx.o(.text)
    PWM1_IRQHandler                          0x00000253   Thumb Code     0  startup_lpc17xx.o(.text)
    QEI_IRQHandler                           0x00000253   Thumb Code     0  startup_lpc17xx.o(.text)
    RIT_IRQHandler                           0x00000253   Thumb Code     0  startup_lpc17xx.o(.text)
    RTC_IRQHandler                           0x00000253   Thumb Code     0  startup_lpc17xx.o(.text)
    SPI_IRQHandler                           0x00000253   Thumb Code     0  startup_lpc17xx.o(.text)
    TIMER0_IRQHandler                        0x00000253   Thumb Code     0  startup_lpc17xx.o(.text)
    TIMER1_IRQHandler                        0x00000253   Thumb Code     0  startup_lpc17xx.o(.text)
    TIMER2_IRQHandler                        0x00000253   Thumb Code     0  startup_lpc17xx.o(.text)
    TIMER3_IRQHandler                        0x00000253   Thumb Code     0  startup_lpc17xx.o(.text)
    UART2_IRQHandler                         0x00000253   Thumb Code     0  startup_lpc17xx.o(.text)
    UART3_IRQHandler                         0x00000253   Thumb Code     0  startup_lpc17xx.o(.text)
    USBActivity_IRQHandler                   0x00000253   Thumb Code     0  startup_lpc17xx.o(.text)
    USB_IRQHandler                           0x00000253   Thumb Code     0  startup_lpc17xx.o(.text)
    WDT_IRQHandler                           0x00000253   Thumb Code     0  startup_lpc17xx.o(.text)
    __user_initial_stackheap                 0x00000255   Thumb Code     0  startup_lpc17xx.o(.text)
    __aeabi_memclr4                          0x00000275   Thumb Code     0  rt_memclr_w.o(.text)
    __aeabi_memclr8                          0x00000275   Thumb Code     0  rt_memclr_w.o(.text)
    __rt_memclr_w                            0x00000275   Thumb Code    78  rt_memclr_w.o(.text)
    _memset_w                                0x00000279   Thumb Code     0  rt_memclr_w.o(.text)
    __use_two_region_memory                  0x000002c3   Thumb Code     2  heapauxi.o(.text)
    __rt_heap_escrow$2region                 0x000002c5   Thumb Code     2  heapauxi.o(.text)
    __rt_heap_expand$2region                 0x000002c7   Thumb Code     2  heapauxi.o(.text)
    exit                                     0x000002c9   Thumb Code    12  exit.o(.text)
    __user_libspace                          0x000002d5   Thumb Code     8  libspace.o(.text)
    __user_perproc_libspace                  0x000002d5   Thumb Code     0  libspace.o(.text)
    __user_perthread_libspace                0x000002d5   Thumb Code     0  libspace.o(.text)
    _sys_exit                                0x000002dd   Thumb Code     8  sys_exit.o(.text)
    __rt_fp_status_addr                      0x000002e9   Thumb Code     8  rt_fp_status_addr_intlibspace.o(.text)
    __I$use$semihosting                      0x000002f1   Thumb Code     0  use_no_semi.o(.text)
    __use_no_semihosting_swi                 0x000002f1   Thumb Code     2  use_no_semi.o(.text)
    BSP_Init                                 0x000002f3   Thumb Code     4  bsp.o(i.BSP_Init)
    __semihosting_library_function           0x000002f3   Thumb Code     0  indicate_semi.o(.text)
    OSInitHookBegin                          0x000002f7   Thumb Code     2  os_cpu_c.o(i.OSInitHookBegin)
    OSInitHookEnd                            0x000002f9   Thumb Code     2  os_cpu_c.o(i.OSInitHookEnd)
    OSTCBInitHook                            0x000002fb   Thumb Code     2  os_cpu_c.o(i.OSTCBInitHook)
    __aeabi_uldivmod                         0x00000301   Thumb Code     0  lludivv7m.o(.text)
    _ll_udiv                                 0x00000301   Thumb Code   238  lludivv7m.o(.text)
    __user_setup_stackheap                   0x000003ef   Thumb Code    74  sys_stackheap_outer.o(.text)
    BSP_LED_Init                             0x0000050d   Thumb Code    30  bsp.o(i.BSP_LED_Init)
    BSP_LED_Off                              0x00000531   Thumb Code    20  bsp.o(i.BSP_LED_Off)
    BSP_LED_On                               0x00000549   Thumb Code    20  bsp.o(i.BSP_LED_On)
    CSP_GPIO_BitClr                          0x00000561   Thumb Code    14  csp.o(i.CSP_GPIO_BitClr)
    CSP_GPIO_BitDir                          0x00000575   Thumb Code    14  csp.o(i.CSP_GPIO_BitDir)
    CSP_GPIO_BitSet                          0x00000589   Thumb Code    14  csp.o(i.CSP_GPIO_BitSet)
    CSP_Init                                 0x0000059d   Thumb Code    28  csp.o(i.CSP_Init)
    CSP_PM_CPU_ClkFreqGet                    0x000005b9   Thumb Code    92  csp.o(i.CSP_PM_CPU_ClkFreqGet)
    Config905                                0x00000621   Thumb Code    56  bsp_nrf905.o(i.Config905)
    ConfigGPIO                               0x00000661   Thumb Code    50  bsp_nrf905.o(i.ConfigGPIO)
    Delay28ns                                0x00000699   Thumb Code    10  bsp_nrf905.o(i.Delay28ns)
    Init905                                  0x000006a5   Thumb Code    28  bsp_nrf905.o(i.Init905)
    MSpiRead                                 0x000006c5   Thumb Code    30  csp_ssp.o(i.MSpiRead)
    MSpiTest                                 0x000006e9   Thumb Code    64  bsp_nrf905.o(i.MSpiTest)
    MSpiWrite                                0x00000731   Thumb Code    12  csp_ssp.o(i.MSpiWrite)
    OSInit                                   0x0000076d   Thumb Code   232  os_core.o(i.OSInit)
    OSIntExit                                0x0000086d   Thumb Code    88  os_core.o(i.OSIntExit)
    OSSemCreate                              0x000008d1   Thumb Code    54  os_sem.o(i.OSSemCreate)
    OSSemPend                                0x00000911   Thumb Code   128  os_sem.o(i.OSSemPend)
    OSSemPost                                0x00000999   Thumb Code    78  os_sem.o(i.OSSemPost)
    OSStart                                  0x000009e9   Thumb Code    48  os_core.o(i.OSStart)
    OSTaskCreate                             0x00000a25   Thumb Code   134  os_task.o(i.OSTaskCreate)
    OSTaskCreateExt                          0x00000ab9   Thumb Code   156  os_task.o(i.OSTaskCreateExt)
    OSTaskCreateHook                         0x00000b61   Thumb Code     2  os_cpu_c.o(i.OSTaskCreateHook)
    OSTaskIdleHook                           0x00000b63   Thumb Code     2  os_cpu_c.o(i.OSTaskIdleHook)
    OSTaskStatHook                           0x00000b65   Thumb Code     2  os_cpu_c.o(i.OSTaskStatHook)
    OSTaskStkInit                            0x00000b67   Thumb Code   104  os_cpu_c.o(i.OSTaskStkInit)
    OSTaskSwHook                             0x00000bcf   Thumb Code     2  os_cpu_c.o(i.OSTaskSwHook)
    OSTimeDly                                0x00000bd1   Thumb Code    60  os_time.o(i.OSTimeDly)
    OSTimeTick                               0x00000c19   Thumb Code   120  os_core.o(i.OSTimeTick)
    OSTimeTickHook                           0x00000c95   Thumb Code     2  os_cpu_c.o(i.OSTimeTickHook)
    OS_CPU_SysTickHandler                    0x00000c99   Thumb Code    30  os_cpu_c.o(i.OS_CPU_SysTickHandler)
    OS_CPU_SysTickInit                       0x00000cbd   Thumb Code    32  os_cpu_c.o(i.OS_CPU_SysTickInit)
    OS_CSP_TickInit                          0x00000ce1   Thumb Code    22  csp.o(i.OS_CSP_TickInit)
    OS_EventTO                               0x00000cf9   Thumb Code    48  os_core.o(i.OS_EventTO)
    OS_EventTaskRdy                          0x00000d2d   Thumb Code    96  os_core.o(i.OS_EventTaskRdy)
    OS_EventTaskWait                         0x00000d99   Thumb Code    68  os_core.o(i.OS_EventTaskWait)
    OS_EventWaitListInit                     0x00000de1   Thumb Code    22  os_core.o(i.OS_EventWaitListInit)
    OS_FlagInit                              0x00000df9   Thumb Code    36  os_flag.o(i.OS_FlagInit)
    OS_MemInit                               0x00000e25   Thumb Code    56  os_mem.o(i.OS_MemInit)
    OS_QInit                                 0x00000e65   Thumb Code    34  os_q.o(i.OS_QInit)
    OS_Sched                                 0x00000e91   Thumb Code    70  os_core.o(i.OS_Sched)
    OS_TCBInit                               0x00000ee5   Thumb Code   186  os_core.o(i.OS_TCBInit)
    OS_TaskIdle                              0x00000fad   Thumb Code    22  os_core.o(i.OS_TaskIdle)
    OS_TaskStat                              0x00000fc9   Thumb Code    96  os_core.o(i.OS_TaskStat)
    RxPacket                                 0x0000102d   Thumb Code   104  bsp_nrf905.o(i.RxPacket)
    SSP0Init                                 0x000010a1   Thumb Code   116  csp_ssp.o(i.SSP0Init)
    SSP0_IRQHandler                          0x00001125   Thumb Code    54  csp_ssp.o(i.SSP0_IRQHandler)
    SSP1_IRQHandler                          0x00001165   Thumb Code    54  csp_ssp.o(i.SSP1_IRQHandler)
    SSPSend                                  0x000011a5   Thumb Code    84  csp_ssp.o(i.SSPSend)
    SetRxMode                                0x00001201   Thumb Code    42  bsp_nrf905.o(i.SetRxMode)
    SetStandbyMode                           0x00001235   Thumb Code    32  bsp_nrf905.o(i.SetStandbyMode)
    SystemCoreClockUpdate                    0x0000125d   Thumb Code   194  system_lpc17xx.o(i.SystemCoreClockUpdate)
    SystemInit                               0x00001339   Thumb Code   188  system_lpc17xx.o(i.SystemInit)
    UART0_IRQHandler                         0x00001401   Thumb Code    98  csp_uart.o(i.UART0_IRQHandler)
    UART0_SendByte                           0x00001471   Thumb Code    12  csp_uart.o(i.UART0_SendByte)
    UART1_IRQHandler                         0x00001481   Thumb Code    98  csp_uart.o(i.UART1_IRQHandler)
    UARTInit                                 0x000014f1   Thumb Code   204  csp_uart.o(i.UARTInit)
    main                                     0x000015d1   Thumb Code    48  app.o(i.main)
    _fp_init                                 0x0000160d   Thumb Code    14  fpinit.o(x$fpl$fpinit)
    __fplib_config_pureend_doubles           0x00001619   Thumb Code     0  fpinit.o(x$fpl$fpinit)
    led_mask                                 0x0000161c   Data           8  bsp.o(.constdata)
    OSMapTbl                                 0x00001624   Data           8  os_core.o(.constdata)
    OSUnMapTbl                               0x0000162c   Data         256  os_core.o(.constdata)
    Region$$Table$$Base                      0x00001744   Number         0  anon$$obj.o(Region$$Table)
    Region$$Table$$Limit                     0x00001764   Number         0  anon$$obj.o(Region$$Table)
    TxAddr                                   0x10000008   Data           5  bsp_nrf905.o(.data)
    TxBuf                                    0x1000000d   Data          32  bsp_nrf905.o(.data)
    RxBuf                                    0x1000002d   Data          32  bsp_nrf905.o(.data)
    TxRxConf                                 0x1000004d   Data          11  bsp_nrf905.o(.data)
    OsEnterSum                               0x10000058   Data           4  os_cpu_c.o(.data)
    OSCPUUsage                               0x1000005c   Data           1  os_core.o(.data)
    OSStatRdy                                0x1000005d   Data           1  os_core.o(.data)
    OSIntNesting                             0x1000005e   Data           1  os_core.o(.data)
    OSIntExitY                               0x1000005f   Data           1  os_core.o(.data)
    OSLockNesting                            0x10000060   Data           1  os_core.o(.data)
    OSPrioCur                                0x10000061   Data           1  os_core.o(.data)
    OSPrioHighRdy                            0x10000062   Data           1  os_core.o(.data)
    OSRdyGrp                                 0x10000063   Data           1  os_core.o(.data)
    OSRunning                                0x10000064   Data           1  os_core.o(.data)
    OSTaskCtr                                0x10000065   Data           1  os_core.o(.data)
    OSCtxSwCtr                               0x10000068   Data           4  os_core.o(.data)
    OSEventFreeList                          0x1000006c   Data           4  os_core.o(.data)
    OSIdleCtrMax                             0x10000070   Data           4  os_core.o(.data)
    OSIdleCtrRun                             0x10000074   Data           4  os_core.o(.data)
    OSIdleCtr                                0x10000078   Data           4  os_core.o(.data)
    OSTCBCur                                 0x1000007c   Data           4  os_core.o(.data)
    OSTCBFreeList                            0x10000080   Data           4  os_core.o(.data)
    OSTCBHighRdy                             0x10000084   Data           4  os_core.o(.data)
    OSTCBList                                0x10000088   Data           4  os_core.o(.data)
    OSTime                                   0x1000008c   Data           4  os_core.o(.data)
    OSRdyTbl                                 0x10000090   Data           8  os_core.o(.data)
    OSFlagFreeList                           0x10000098   Data           4  os_core.o(.data)
    OSMemFreeList                            0x1000009c   Data           4  os_core.o(.data)
    OSQFreeList                              0x100000a0   Data           4  os_core.o(.data)
    UART0TxEmpty                             0x100000a4   Data           1  csp_uart.o(.data)
    UART1TxEmpty                             0x100000a5   Data           1  csp_uart.o(.data)
    UART0Count                               0x100000a8   Data           4  csp_uart.o(.data)
    UART1Count                               0x100000ac   Data           4  csp_uart.o(.data)
    UART0Status                              0x100000b0   Data           4  csp_uart.o(.data)
    UART1Status                              0x100000b4   Data           4  csp_uart.o(.data)
    interrupt0RxStat                         0x100000b8   Data           4  csp_ssp.o(.data)
    interrupt0OverRunStat                    0x100000bc   Data           4  csp_ssp.o(.data)
    interrupt0RxTimeoutStat                  0x100000c0   Data           4  csp_ssp.o(.data)
    interrupt1RxStat                         0x100000c4   Data           4  csp_ssp.o(.data)
    interrupt1OverRunStat                    0x100000c8   Data           4  csp_ssp.o(.data)
    interrupt1RxTimeoutStat                  0x100000cc   Data           4  csp_ssp.o(.data)
    SystemCoreClock                          0x100000d0   Data           4  system_lpc17xx.o(.data)
    OSEventTbl                               0x1000032c   Data          32  os_core.o(.bss)
    OSTaskStatStk                            0x1000034c   Data        2048  os_core.o(.bss)
    OSTaskIdleStk                            0x10000b4c   Data        2048  os_core.o(.bss)
    OSTCBPrioTbl                             0x1000134c   Data         244  os_core.o(.bss)
    OSTCBTbl                                 0x10001440   Data        2652  os_core.o(.bss)
    OSFlagTbl                                0x10001e9c   Data          60  os_core.o(.bss)
    OSMemTbl                                 0x10001ed8   Data         100  os_core.o(.bss)
    OSQTbl                                   0x10001f3c   Data          48  os_core.o(.bss)
    UART0Buffer                              0x10001f6c   Data          64  csp_uart.o(.bss)
    UART1Buffer                              0x10001fac   Data          64  csp_uart.o(.bss)
    __libspace_start                         0x10001fec   Data          96  libspace.o(.bss)
    __temporary_stack_top$libspace           0x1000204c   Data           0  libspace.o(.bss)



==============================================================================

Memory Map of the image

  Image Entry point : 0x000000cd

  Load Region LR_IROM1 (Base: 0x00000000, Size: 0x00001838, Max: 0x00010000, ABSOLUTE)

    Execution Region ER_IROM1 (Base: 0x00000000, Size: 0x00001764, Max: 0x00010000, ABSOLUTE)

    Base Addr    Size         Type   Attr      Idx    E Section Name        Object

    0x00000000   0x000000cc   Data   RO         1140    RESET               startup_lpc17xx.o
    0x000000cc   0x00000008   Code   RO         1158  * !!!main             c_w.l(__main.o)
    0x000000d4   0x00000034   Code   RO         1325    !!!scatter          c_w.l(__scatter.o)
    0x00000108   0x0000001a   Code   RO         1327    !!handler_copy      c_w.l(__scatter_copy.o)
    0x00000122   0x00000002   PAD
    0x00000124   0x0000001c   Code   RO         1329    !!handler_zi        c_w.l(__scatter_zi.o)
    0x00000140   0x00000006   Code   RO         1195    .ARM.Collect$$libinit$$00000000  c_w.l(libinit.o)
    0x00000146   0x00000000   Code   RO         1209    .ARM.Collect$$libinit$$00000006  c_w.l(libinit2.o)
    0x00000146   0x00000000   Code   RO         1211    .ARM.Collect$$libinit$$00000008  c_w.l(libinit2.o)
    0x00000146   0x00000000   Code   RO         1213    .ARM.Collect$$libinit$$0000000A  c_w.l(libinit2.o)
    0x00000146   0x00000000   Code   RO         1216    .ARM.Collect$$libinit$$0000000D  c_w.l(libinit2.o)
    0x00000146   0x00000000   Code   RO         1218    .ARM.Collect$$libinit$$0000000F  c_w.l(libinit2.o)
    0x00000146   0x00000000   Code   RO         1220    .ARM.Collect$$libinit$$00000011  c_w.l(libinit2.o)
    0x00000146   0x00000000   Code   RO         1222    .ARM.Collect$$libinit$$00000013  c_w.l(libinit2.o)
    0x00000146   0x00000000   Code   RO         1224    .ARM.Collect$$libinit$$00000015  c_w.l(libinit2.o)
    0x00000146   0x00000000   Code   RO         1226    .ARM.Collect$$libinit$$00000017  c_w.l(libinit2.o)
    0x00000146   0x00000000   Code   RO         1228    .ARM.Collect$$libinit$$00000019  c_w.l(libinit2.o)
    0x00000146   0x00000000   Code   RO         1230    .ARM.Collect$$libinit$$0000001B  c_w.l(libinit2.o)
    0x00000146   0x00000000   Code   RO         1232    .ARM.Collect$$libinit$$0000001D  c_w.l(libinit2.o)
    0x00000146   0x00000000   Code   RO         1234    .ARM.Collect$$libinit$$0000001F  c_w.l(libinit2.o)
    0x00000146   0x00000000   Code   RO         1236    .ARM.Collect$$libinit$$00000021  c_w.l(libinit2.o)
    0x00000146   0x00000000   Code   RO         1240    .ARM.Collect$$libinit$$00000028  c_w.l(libinit2.o)
    0x00000146   0x00000000   Code   RO         1242    .ARM.Collect$$libinit$$0000002A  c_w.l(libinit2.o)
    0x00000146   0x00000000   Code   RO         1244    .ARM.Collect$$libinit$$0000002C  c_w.l(libinit2.o)
    0x00000146   0x00000000   Code   RO         1246    .ARM.Collect$$libinit$$0000002E  c_w.l(libinit2.o)
    0x00000146   0x00000002   Code   RO         1247    .ARM.Collect$$libinit$$0000002F  c_w.l(libinit2.o)
    0x00000148   0x00000002   Code   RO         1283    .ARM.Collect$$libshutdown$$00000000  c_w.l(libshutdown.o)
    0x0000014a   0x00000000   Code   RO         1310    .ARM.Collect$$libshutdown$$00000003  c_w.l(libshutdown2.o)
    0x0000014a   0x00000000   Code   RO         1313    .ARM.Collect$$libshutdown$$00000006  c_w.l(libshutdown2.o)
    0x0000014a   0x00000000   Code   RO         1316    .ARM.Collect$$libshutdown$$00000009  c_w.l(libshutdown2.o)
    0x0000014a   0x00000000   Code   RO         1318    .ARM.Collect$$libshutdown$$0000000B  c_w.l(libshutdown2.o)
    0x0000014a   0x00000000   Code   RO         1321    .ARM.Collect$$libshutdown$$0000000E  c_w.l(libshutdown2.o)
    0x0000014a   0x00000002   Code   RO         1322    .ARM.Collect$$libshutdown$$0000000F  c_w.l(libshutdown2.o)
    0x0000014c   0x00000000   Code   RO         1160    .ARM.Collect$$rtentry$$00000000  c_w.l(rtentry.o)
    0x0000014c   0x00000000   Code   RO         1166    .ARM.Collect$$rtentry$$00000002  c_w.l(rtentry2.o)
    0x0000014c   0x00000006   Code   RO         1178    .ARM.Collect$$rtentry$$00000004  c_w.l(rtentry4.o)
    0x00000152   0x00000000   Code   RO         1168    .ARM.Collect$$rtentry$$00000009  c_w.l(rtentry2.o)
    0x00000152   0x00000004   Code   RO         1169    .ARM.Collect$$rtentry$$0000000A  c_w.l(rtentry2.o)
    0x00000156   0x00000000   Code   RO         1171    .ARM.Collect$$rtentry$$0000000C  c_w.l(rtentry2.o)
    0x00000156   0x00000008   Code   RO         1172    .ARM.Collect$$rtentry$$0000000D  c_w.l(rtentry2.o)
    0x0000015e   0x00000002   Code   RO         1199    .ARM.Collect$$rtexit$$00000000  c_w.l(rtexit.o)
    0x00000160   0x00000000   Code   RO         1253    .ARM.Collect$$rtexit$$00000002  c_w.l(rtexit2.o)
    0x00000160   0x00000004   Code   RO         1254    .ARM.Collect$$rtexit$$00000003  c_w.l(rtexit2.o)
    0x00000164   0x00000006   Code   RO         1255    .ARM.Collect$$rtexit$$00000004  c_w.l(rtexit2.o)
    0x0000016a   0x00000002   PAD
    0x0000016c   0x000000d0   Code   RO          238    .text               os_cpu_a.o
    0x0000023c   0x00000038   Code   RO         1142    .text               startup_lpc17xx.o
    0x00000274   0x0000004e   Code   RO         1154    .text               c_w.l(rt_memclr_w.o)
    0x000002c2   0x00000006   Code   RO         1156    .text               c_w.l(heapauxi.o)
    0x000002c8   0x0000000c   Code   RO         1184    .text               c_w.l(exit.o)
    0x000002d4   0x00000008   Code   RO         1196    .text               c_w.l(libspace.o)
    0x000002dc   0x0000000c   Code   RO         1250    .text               c_w.l(sys_exit.o)
    0x000002e8   0x00000008   Code   RO         1262    .text               c_w.l(rt_fp_status_addr_intlibspace.o)
    0x000002f0   0x00000002   Code   RO         1272    .text               c_w.l(use_no_semi.o)
    0x000002f2   0x00000000   Code   RO         1274    .text               c_w.l(indicate_semi.o)
    0x000002f2   0x00000004   Code   RO          106    i.BSP_Init          bsp.o
    0x000002f6   0x00000002   Code   RO          242    i.OSInitHookBegin   os_cpu_c.o
    0x000002f8   0x00000002   Code   RO          243    i.OSInitHookEnd     os_cpu_c.o
    0x000002fa   0x00000002   Code   RO          244    i.OSTCBInitHook     os_cpu_c.o
    0x000002fc   0x00000004   Code   RO         1141    .ARM.__at_0x02FC    startup_lpc17xx.o
    0x00000300   0x000000ee   Code   RO         1150    .text               c_w.l(lludivv7m.o)
    0x000003ee   0x0000004a   Code   RO         1182    .text               c_w.l(sys_stackheap_outer.o)
    0x00000438   0x00000044   Code   RO            2    i.App_TaskLED1      app.o
    0x0000047c   0x00000054   Code   RO            3    i.App_TaskNRF905    app.o
    0x000004d0   0x0000003c   Code   RO            4    i.App_TaskStart     app.o
    0x0000050c   0x00000024   Code   RO          107    i.BSP_LED_Init      bsp.o
    0x00000530   0x00000018   Code   RO          108    i.BSP_LED_Off       bsp.o
    0x00000548   0x00000018   Code   RO          109    i.BSP_LED_On        bsp.o
    0x00000560   0x00000014   Code   RO          910    i.CSP_GPIO_BitClr   csp.o
    0x00000574   0x00000014   Code   RO          911    i.CSP_GPIO_BitDir   csp.o
    0x00000588   0x00000014   Code   RO          912    i.CSP_GPIO_BitSet   csp.o
    0x0000059c   0x0000001c   Code   RO          913    i.CSP_Init          csp.o
    0x000005b8   0x00000068   Code   RO          914    i.CSP_PM_CPU_ClkFreqGet  csp.o
    0x00000620   0x00000040   Code   RO          146    i.Config905         bsp_nrf905.o
    0x00000660   0x00000038   Code   RO          147    i.ConfigGPIO        bsp_nrf905.o
    0x00000698   0x0000000a   Code   RO          150    i.Delay28ns         bsp_nrf905.o
    0x000006a2   0x00000002   PAD
    0x000006a4   0x00000020   Code   RO          151    i.Init905           bsp_nrf905.o
    0x000006c4   0x00000024   Code   RO         1016    i.MSpiRead          csp_ssp.o
    0x000006e8   0x00000048   Code   RO          152    i.MSpiTest          bsp_nrf905.o
    0x00000730   0x0000000c   Code   RO         1018    i.MSpiWrite         csp_ssp.o
    0x0000073c   0x00000018   Code   RO          963    i.NVIC_EnableIRQ    csp_uart.o
    0x00000754   0x00000018   Code   RO         1019    i.NVIC_EnableIRQ    csp_ssp.o
    0x0000076c   0x00000100   Code   RO          343    i.OSInit            os_core.o
    0x0000086c   0x00000064   Code   RO          345    i.OSIntExit         os_core.o
    0x000008d0   0x00000040   Code   RO          755    i.OSSemCreate       os_sem.o
    0x00000910   0x00000088   Code   RO          757    i.OSSemPend         os_sem.o
    0x00000998   0x0000004e   Code   RO          758    i.OSSemPost         os_sem.o
    0x000009e6   0x00000002   PAD
    0x000009e8   0x0000003c   Code   RO          348    i.OSStart           os_core.o
    0x00000a24   0x00000094   Code   RO          801    i.OSTaskCreate      os_task.o
    0x00000ab8   0x000000a8   Code   RO          802    i.OSTaskCreateExt   os_task.o
    0x00000b60   0x00000002   Code   RO          245    i.OSTaskCreateHook  os_cpu_c.o
    0x00000b62   0x00000002   Code   RO          247    i.OSTaskIdleHook    os_cpu_c.o
    0x00000b64   0x00000002   Code   RO          249    i.OSTaskStatHook    os_cpu_c.o
    0x00000b66   0x00000068   Code   RO          250    i.OSTaskStkInit     os_cpu_c.o
    0x00000bce   0x00000002   Code   RO          251    i.OSTaskSwHook      os_cpu_c.o
    0x00000bd0   0x00000048   Code   RO          864    i.OSTimeDly         os_time.o
    0x00000c18   0x0000007c   Code   RO          350    i.OSTimeTick        os_core.o
    0x00000c94   0x00000002   Code   RO          252    i.OSTimeTickHook    os_cpu_c.o
    0x00000c96   0x00000002   PAD
    0x00000c98   0x00000024   Code   RO          253    i.OS_CPU_SysTickHandler  os_cpu_c.o
    0x00000cbc   0x00000024   Code   RO          254    i.OS_CPU_SysTickInit  os_cpu_c.o
    0x00000ce0   0x00000016   Code   RO          915    i.OS_CSP_TickInit   csp.o
    0x00000cf6   0x00000002   PAD
    0x00000cf8   0x00000034   Code   RO          353    i.OS_EventTO        os_core.o
    0x00000d2c   0x0000006c   Code   RO          354    i.OS_EventTaskRdy   os_core.o
    0x00000d98   0x00000048   Code   RO          355    i.OS_EventTaskWait  os_core.o
    0x00000de0   0x00000016   Code   RO          356    i.OS_EventWaitListInit  os_core.o
    0x00000df6   0x00000002   PAD
    0x00000df8   0x0000002c   Code   RO          482    i.OS_FlagInit       os_flag.o
    0x00000e24   0x00000040   Code   RO          602    i.OS_MemInit        os_mem.o
    0x00000e64   0x0000002c   Code   RO          693    i.OS_QInit          os_q.o
    0x00000e90   0x00000054   Code   RO          357    i.OS_Sched          os_core.o
    0x00000ee4   0x000000c8   Code   RO          358    i.OS_TCBInit        os_core.o
    0x00000fac   0x0000001c   Code   RO          359    i.OS_TaskIdle       os_core.o
    0x00000fc8   0x00000064   Code   RO          360    i.OS_TaskStat       os_core.o
    0x0000102c   0x00000074   Code   RO          153    i.RxPacket          bsp_nrf905.o
    0x000010a0   0x00000084   Code   RO         1020    i.SSP0Init          csp_ssp.o
    0x00001124   0x00000040   Code   RO         1021    i.SSP0_IRQHandler   csp_ssp.o
    0x00001164   0x00000040   Code   RO         1023    i.SSP1_IRQHandler   csp_ssp.o
    0x000011a4   0x0000005c   Code   RO         1025    i.SSPSend           csp_ssp.o
    0x00001200   0x00000034   Code   RO          155    i.SetRxMode         bsp_nrf905.o
    0x00001234   0x00000028   Code   RO          156    i.SetStandbyMode    bsp_nrf905.o
    0x0000125c   0x000000dc   Code   RO         1104    i.SystemCoreClockUpdate  system_lpc17xx.o
    0x00001338   0x000000c8   Code   RO         1105    i.SystemInit        system_lpc17xx.o
    0x00001400   0x00000070   Code   RO          964    i.UART0_IRQHandler  csp_uart.o
    0x00001470   0x00000010   Code   RO          965    i.UART0_SendByte    csp_uart.o
    0x00001480   0x00000070   Code   RO          966    i.UART1_IRQHandler  csp_uart.o
    0x000014f0   0x000000e0   Code   RO          967    i.UARTInit          csp_uart.o
    0x000015d0   0x0000003c   Code   RO            5    i.main              app.o
    0x0000160c   0x0000000e   Code   RO         1248    x$fpl$fpinit        fz_ws.l(fpinit.o)
    0x0000161a   0x00000002   PAD
    0x0000161c   0x00000008   Data   RO          110    .constdata          bsp.o
    0x00001624   0x00000108   Data   RO          365    .constdata          os_core.o
    0x0000172c   0x00000010   Data   RO          916    .constdata          csp.o
    0x0000173c   0x00000008   Data   RO         1027    .constdata          csp_ssp.o
    0x00001744   0x00000020   Data   RO         1323    Region$$Table       anon$$obj.o


    Execution Region RW_IRAM1 (Base: 0x10000000, Size: 0x00002250, Max: 0x00004000, ABSOLUTE)

    Base Addr    Size         Type   Attr      Idx    E Section Name        Object

    0x10000000   0x00000008   Data   RW            7    .data               app.o
    0x10000008   0x00000050   Data   RW          159    .data               bsp_nrf905.o
    0x10000058   0x00000004   Data   RW          255    .data               os_cpu_c.o
    0x1000005c   0x0000003c   Data   RW          366    .data               os_core.o
    0x10000098   0x00000004   Data   RW          367    .data               os_core.o
    0x1000009c   0x00000004   Data   RW          368    .data               os_core.o
    0x100000a0   0x00000004   Data   RW          369    .data               os_core.o
    0x100000a4   0x00000014   Data   RW          970    .data               csp_uart.o
    0x100000b8   0x00000018   Data   RW         1028    .data               csp_ssp.o
    0x100000d0   0x00000004   Data   RW         1106    .data               system_lpc17xx.o
    0x100000d4   0x00000258   Zero   RW            6    .bss                app.o
    0x1000032c   0x00001b70   Zero   RW          361    .bss                os_core.o
    0x10001e9c   0x0000003c   Zero   RW          362    .bss                os_core.o
    0x10001ed8   0x00000064   Zero   RW          363    .bss                os_core.o
    0x10001f3c   0x00000030   Zero   RW          364    .bss                os_core.o
    0x10001f6c   0x00000080   Zero   RW          969    .bss                csp_uart.o
    0x10001fec   0x00000060   Zero   RW         1197    .bss                c_w.l(libspace.o)
    0x1000204c   0x00000004   PAD
    0x10002050   0x00000000   Zero   RW         1139    HEAP                startup_lpc17xx.o
    0x10002050   0x00000200   Zero   RW         1138    STACK               startup_lpc17xx.o


==============================================================================

Image component sizes


      Code (inc. data)   RO Data    RW Data    ZI Data      Debug   Object Name

       272         40          0          8        600      30715   app.o
        88         14          8          0          0       1976   bsp.o
       442         56          0         80          0       4150   bsp_nrf905.o
       214         30         16          0          0       6499   csp.o
       424         50          8         24          0       5096   csp_ssp.o
       488         52          0         20        128      18903   csp_uart.o
      1206        110        264         72       7232      13400   os_core.o
       208         38          0          0          0        280   os_cpu_a.o
       192         10          0          4          0      13108   os_cpu_c.o
        44          8          0          0          0        502   os_flag.o
        64          8          0          0          0        513   os_mem.o
        44         10          0          0          0        471   os_q.o
       278         18          0          0          0       2106   os_sem.o
       316         26          0          0          0       2065   os_task.o
        72         12          0          0          0        508   os_time.o
        60         26        204          0        512        824   startup_lpc17xx.o
       420         38          0          4          0       1235   system_lpc17xx.o

    ----------------------------------------------------------------------
      4842        546        532        212       8472     102351   Object Totals
         0          0         32          0          0          0   (incl. Generated)
        10          0          0          0          0          0   (incl. Padding)

    ----------------------------------------------------------------------

      Code (inc. data)   RO Data    RW Data    ZI Data      Debug   Library Member Name

         8          0          0          0          0         68   __main.o
        52          8          0          0          0          0   __scatter.o
        26          0          0          0          0          0   __scatter_copy.o
        28          0          0          0          0          0   __scatter_zi.o
        12          0          0          0          0         72   exit.o
         6          0          0          0          0        152   heapauxi.o
         0          0          0          0          0          0   indicate_semi.o
         6          0          0          0          0          0   libinit.o
         2          0          0          0          0          0   libinit2.o
         2          0          0          0          0          0   libshutdown.o
         2          0          0          0          0          0   libshutdown2.o
         8          4          0          0         96         68   libspace.o
       238          0          0          0          0        100   lludivv7m.o
         8          4          0          0          0         68   rt_fp_status_addr_intlibspace.o
        78          0          0          0          0         80   rt_memclr_w.o
         0          0          0          0          0          0   rtentry.o
        12          0          0          0          0          0   rtentry2.o
         6          0          0          0          0          0   rtentry4.o
         2          0          0          0          0          0   rtexit.o
        10          0          0          0          0          0   rtexit2.o
        12          4          0          0          0         68   sys_exit.o
        74          0          0          0          0         80   sys_stackheap_outer.o
         2          0          0          0          0         68   use_no_semi.o
        14          0          0          0          0         76   fpinit.o

    ----------------------------------------------------------------------
       614         20          0          0        100        900   Library Totals
         6          0          0          0          4          0   (incl. Padding)

    ----------------------------------------------------------------------

      Code (inc. data)   RO Data    RW Data    ZI Data      Debug   Library Name

       594         20          0          0         96        824   c_w.l
        14          0          0          0          0         76   fz_ws.l

    ----------------------------------------------------------------------
       614         20          0          0        100        900   Library Totals

    ----------------------------------------------------------------------

==============================================================================


      Code (inc. data)   RO Data    RW Data    ZI Data      Debug   

      5456        566        532        212       8572      99455   Grand Totals
      5456        566        532        212       8572      99455   ELF Image Totals
      5456        566        532        212          0          0   ROM Totals

==============================================================================

    Total RO  Size (Code + RO Data)                 5988 (   5.85kB)
    Total RW  Size (RW Data + ZI Data)              8784 (   8.58kB)
    Total ROM Size (Code + RO Data + RW Data)       6200 (   6.05kB)

==============================================================================

